Archive member included because of file (symbol)

.\CortexM3\ARM_GCC_493\Debug\Design01.a(cyfitter_cfg.o)
                              .\CortexM3\ARM_GCC_493\Debug\Cm3Start.o (cyfitter_cfg)
.\CortexM3\ARM_GCC_493\Debug\Design01.a(VDAC8_1.o)
                              .\CortexM3\ARM_GCC_493\Debug\main.o (VDAC8_1_SetValue)
.\CortexM3\ARM_GCC_493\Debug\Design01.a(CyBootAsmGnu.o)
                              .\CortexM3\ARM_GCC_493\Debug\Design01.a(cyfitter_cfg.o) (CyDelayCycles)
.\CortexM3\ARM_GCC_493\Debug\Design01.a(CyLib.o)
                              .\CortexM3\ARM_GCC_493\Debug\Cm3Start.o (CyHalt)
.\CortexM3\ARM_GCC_493\Debug\Design01.a(cyPm.o)
                              .\CortexM3\ARM_GCC_493\Debug\Design01.a(CyLib.o) (CyPmReadStatus)
.\CortexM3\ARM_GCC_493\Debug\Design01.a(isr_1.o)
                              .\CortexM3\ARM_GCC_493\Debug\main.o (isr_1_StartEx)
.\CortexM3\ARM_GCC_493\Debug\Design01.a(CyFlash.o)
                              .\CortexM3\ARM_GCC_493\Debug\Design01.a(cyPm.o) (CyFlash_SetWaitCycles)
.\CortexM3\ARM_GCC_493\Debug\Design01.a(CySpc.o)
                              .\CortexM3\ARM_GCC_493\Debug\Design01.a(CyFlash.o) (CySpcStart)
c:/program files (x86)/cypress/psoc creator/3.3/psoc creator/import/gnu/arm/4.9.3/bin/../lib/gcc/arm-none-eabi/4.9.3/../../../../arm-none-eabi/lib/armv7-m\libm.a(lib_a-sf_sin.o)
                              .\CortexM3\ARM_GCC_493\Debug\main.o (sinf)
c:/program files (x86)/cypress/psoc creator/3.3/psoc creator/import/gnu/arm/4.9.3/bin/../lib/gcc/arm-none-eabi/4.9.3/../../../../arm-none-eabi/lib/armv7-m\libm.a(lib_a-ef_rem_pio2.o)
                              c:/program files (x86)/cypress/psoc creator/3.3/psoc creator/import/gnu/arm/4.9.3/bin/../lib/gcc/arm-none-eabi/4.9.3/../../../../arm-none-eabi/lib/armv7-m\libm.a(lib_a-sf_sin.o) (__ieee754_rem_pio2f)
c:/program files (x86)/cypress/psoc creator/3.3/psoc creator/import/gnu/arm/4.9.3/bin/../lib/gcc/arm-none-eabi/4.9.3/../../../../arm-none-eabi/lib/armv7-m\libm.a(lib_a-kf_cos.o)
                              c:/program files (x86)/cypress/psoc creator/3.3/psoc creator/import/gnu/arm/4.9.3/bin/../lib/gcc/arm-none-eabi/4.9.3/../../../../arm-none-eabi/lib/armv7-m\libm.a(lib_a-sf_sin.o) (__kernel_cosf)
c:/program files (x86)/cypress/psoc creator/3.3/psoc creator/import/gnu/arm/4.9.3/bin/../lib/gcc/arm-none-eabi/4.9.3/../../../../arm-none-eabi/lib/armv7-m\libm.a(lib_a-kf_rem_pio2.o)
                              c:/program files (x86)/cypress/psoc creator/3.3/psoc creator/import/gnu/arm/4.9.3/bin/../lib/gcc/arm-none-eabi/4.9.3/../../../../arm-none-eabi/lib/armv7-m\libm.a(lib_a-ef_rem_pio2.o) (__kernel_rem_pio2f)
c:/program files (x86)/cypress/psoc creator/3.3/psoc creator/import/gnu/arm/4.9.3/bin/../lib/gcc/arm-none-eabi/4.9.3/../../../../arm-none-eabi/lib/armv7-m\libm.a(lib_a-kf_sin.o)
                              c:/program files (x86)/cypress/psoc creator/3.3/psoc creator/import/gnu/arm/4.9.3/bin/../lib/gcc/arm-none-eabi/4.9.3/../../../../arm-none-eabi/lib/armv7-m\libm.a(lib_a-sf_sin.o) (__kernel_sinf)
c:/program files (x86)/cypress/psoc creator/3.3/psoc creator/import/gnu/arm/4.9.3/bin/../lib/gcc/arm-none-eabi/4.9.3/../../../../arm-none-eabi/lib/armv7-m\libm.a(lib_a-sf_fabs.o)
                              c:/program files (x86)/cypress/psoc creator/3.3/psoc creator/import/gnu/arm/4.9.3/bin/../lib/gcc/arm-none-eabi/4.9.3/../../../../arm-none-eabi/lib/armv7-m\libm.a(lib_a-ef_rem_pio2.o) (fabsf)
c:/program files (x86)/cypress/psoc creator/3.3/psoc creator/import/gnu/arm/4.9.3/bin/../lib/gcc/arm-none-eabi/4.9.3/../../../../arm-none-eabi/lib/armv7-m\libm.a(lib_a-sf_floor.o)
                              c:/program files (x86)/cypress/psoc creator/3.3/psoc creator/import/gnu/arm/4.9.3/bin/../lib/gcc/arm-none-eabi/4.9.3/../../../../arm-none-eabi/lib/armv7-m\libm.a(lib_a-kf_rem_pio2.o) (floorf)
c:/program files (x86)/cypress/psoc creator/3.3/psoc creator/import/gnu/arm/4.9.3/bin/../lib/gcc/arm-none-eabi/4.9.3/../../../../arm-none-eabi/lib/armv7-m\libm.a(lib_a-sf_scalbn.o)
                              c:/program files (x86)/cypress/psoc creator/3.3/psoc creator/import/gnu/arm/4.9.3/bin/../lib/gcc/arm-none-eabi/4.9.3/../../../../arm-none-eabi/lib/armv7-m\libm.a(lib_a-kf_rem_pio2.o) (scalbnf)
c:/program files (x86)/cypress/psoc creator/3.3/psoc creator/import/gnu/arm/4.9.3/bin/../lib/gcc/arm-none-eabi/4.9.3/../../../../arm-none-eabi/lib/armv7-m\libm.a(lib_a-sf_copysign.o)
                              c:/program files (x86)/cypress/psoc creator/3.3/psoc creator/import/gnu/arm/4.9.3/bin/../lib/gcc/arm-none-eabi/4.9.3/../../../../arm-none-eabi/lib/armv7-m\libm.a(lib_a-sf_scalbn.o) (copysignf)
c:/program files (x86)/cypress/psoc creator/3.3/psoc creator/import/gnu/arm/4.9.3/bin/../lib/gcc/arm-none-eabi/4.9.3/armv7-m\libgcc.a(_arm_addsubdf3.o)
                              .\CortexM3\ARM_GCC_493\Debug\main.o (__aeabi_dadd)
c:/program files (x86)/cypress/psoc creator/3.3/psoc creator/import/gnu/arm/4.9.3/bin/../lib/gcc/arm-none-eabi/4.9.3/armv7-m\libgcc.a(_arm_muldivdf3.o)
                              .\CortexM3\ARM_GCC_493\Debug\main.o (__aeabi_dmul)
c:/program files (x86)/cypress/psoc creator/3.3/psoc creator/import/gnu/arm/4.9.3/bin/../lib/gcc/arm-none-eabi/4.9.3/armv7-m\libgcc.a(_arm_cmpdf2.o)
                              .\CortexM3\ARM_GCC_493\Debug\main.o (__aeabi_dcmpgt)
c:/program files (x86)/cypress/psoc creator/3.3/psoc creator/import/gnu/arm/4.9.3/bin/../lib/gcc/arm-none-eabi/4.9.3/armv7-m\libgcc.a(_arm_truncdfsf2.o)
                              .\CortexM3\ARM_GCC_493\Debug\main.o (__aeabi_d2f)
c:/program files (x86)/cypress/psoc creator/3.3/psoc creator/import/gnu/arm/4.9.3/bin/../lib/gcc/arm-none-eabi/4.9.3/armv7-m\libgcc.a(_arm_addsubsf3.o)
                              c:/program files (x86)/cypress/psoc creator/3.3/psoc creator/import/gnu/arm/4.9.3/bin/../lib/gcc/arm-none-eabi/4.9.3/../../../../arm-none-eabi/lib/armv7-m\libm.a(lib_a-sf_sin.o) (__aeabi_fsub)
c:/program files (x86)/cypress/psoc creator/3.3/psoc creator/import/gnu/arm/4.9.3/bin/../lib/gcc/arm-none-eabi/4.9.3/armv7-m\libgcc.a(_arm_muldivsf3.o)
                              .\CortexM3\ARM_GCC_493\Debug\main.o (__aeabi_fmul)
c:/program files (x86)/cypress/psoc creator/3.3/psoc creator/import/gnu/arm/4.9.3/bin/../lib/gcc/arm-none-eabi/4.9.3/armv7-m\libgcc.a(_arm_cmpsf2.o)
                              c:/program files (x86)/cypress/psoc creator/3.3/psoc creator/import/gnu/arm/4.9.3/bin/../lib/gcc/arm-none-eabi/4.9.3/../../../../arm-none-eabi/lib/armv7-m\libm.a(lib_a-ef_rem_pio2.o) (__aeabi_fcmpeq)
c:/program files (x86)/cypress/psoc creator/3.3/psoc creator/import/gnu/arm/4.9.3/bin/../lib/gcc/arm-none-eabi/4.9.3/armv7-m\libgcc.a(_arm_fixsfsi.o)
                              .\CortexM3\ARM_GCC_493\Debug\main.o (__aeabi_f2iz)
c:/program files (x86)/cypress/psoc creator/3.3/psoc creator/import/gnu/arm/4.9.3/bin/../lib/gcc/arm-none-eabi/4.9.3/armv7-m\libgcc.a(_arm_fixunssfsi.o)
                              .\CortexM3\ARM_GCC_493\Debug\main.o (__aeabi_f2uiz)
c:/program files (x86)/cypress/psoc creator/3.3/psoc creator/import/gnu/arm/4.9.3/bin/../lib/gcc/arm-none-eabi/4.9.3/../../../../arm-none-eabi/lib/armv7-m\libg_nano.a(lib_a-errno.o)
                              .\CortexM3\ARM_GCC_493\Debug\Cm3Start.o (__errno)
c:/program files (x86)/cypress/psoc creator/3.3/psoc creator/import/gnu/arm/4.9.3/bin/../lib/gcc/arm-none-eabi/4.9.3/../../../../arm-none-eabi/lib/armv7-m\libg_nano.a(lib_a-exit.o)
                              c:/program files (x86)/cypress/psoc creator/3.3/psoc creator/import/gnu/arm/4.9.3/bin/../lib/gcc/arm-none-eabi/4.9.3/../../../../arm-none-eabi/lib/armv7-m/crt0.o (exit)
c:/program files (x86)/cypress/psoc creator/3.3/psoc creator/import/gnu/arm/4.9.3/bin/../lib/gcc/arm-none-eabi/4.9.3/../../../../arm-none-eabi/lib/armv7-m\libg_nano.a(lib_a-impure.o)
                              c:/program files (x86)/cypress/psoc creator/3.3/psoc creator/import/gnu/arm/4.9.3/bin/../lib/gcc/arm-none-eabi/4.9.3/../../../../arm-none-eabi/lib/armv7-m\libg_nano.a(lib_a-exit.o) (_global_impure_ptr)
c:/program files (x86)/cypress/psoc creator/3.3/psoc creator/import/gnu/arm/4.9.3/bin/../lib/gcc/arm-none-eabi/4.9.3/../../../../arm-none-eabi/lib/armv7-m\libg_nano.a(lib_a-init.o)
                              c:/program files (x86)/cypress/psoc creator/3.3/psoc creator/import/gnu/arm/4.9.3/bin/../lib/gcc/arm-none-eabi/4.9.3/../../../../arm-none-eabi/lib/armv7-m/crt0.o (__libc_init_array)
c:/program files (x86)/cypress/psoc creator/3.3/psoc creator/import/gnu/arm/4.9.3/bin/../lib/gcc/arm-none-eabi/4.9.3/../../../../arm-none-eabi/lib/armv7-m\libg_nano.a(lib_a-memcpy.o)
                              .\CortexM3\ARM_GCC_493\Debug\Design01.a(cyfitter_cfg.o) (memcpy)
c:/program files (x86)/cypress/psoc creator/3.3/psoc creator/import/gnu/arm/4.9.3/bin/../lib/gcc/arm-none-eabi/4.9.3/../../../../arm-none-eabi/lib/armv7-m\libg_nano.a(lib_a-memset.o)
                              c:/program files (x86)/cypress/psoc creator/3.3/psoc creator/import/gnu/arm/4.9.3/bin/../lib/gcc/arm-none-eabi/4.9.3/../../../../arm-none-eabi/lib/armv7-m/crt0.o (memset)

Allocating common symbols
Common symbol       size              file

dieTemperature      0x2               .\CortexM3\ARM_GCC_493\Debug\Design01.a(CyFlash.o)

Discarded input sections

 .text          0x00000000        0x0 c:/program files (x86)/cypress/psoc creator/3.3/psoc creator/import/gnu/arm/4.9.3/bin/../lib/gcc/arm-none-eabi/4.9.3/armv7-m/crti.o
 .data          0x00000000        0x0 c:/program files (x86)/cypress/psoc creator/3.3/psoc creator/import/gnu/arm/4.9.3/bin/../lib/gcc/arm-none-eabi/4.9.3/armv7-m/crti.o
 .bss           0x00000000        0x0 c:/program files (x86)/cypress/psoc creator/3.3/psoc creator/import/gnu/arm/4.9.3/bin/../lib/gcc/arm-none-eabi/4.9.3/armv7-m/crti.o
 .data          0x00000000        0x4 c:/program files (x86)/cypress/psoc creator/3.3/psoc creator/import/gnu/arm/4.9.3/bin/../lib/gcc/arm-none-eabi/4.9.3/armv7-m/crtbegin.o
 .text          0x00000000       0x74 c:/program files (x86)/cypress/psoc creator/3.3/psoc creator/import/gnu/arm/4.9.3/bin/../lib/gcc/arm-none-eabi/4.9.3/../../../../arm-none-eabi/lib/armv7-m/crt0.o
 .data          0x00000000        0x0 c:/program files (x86)/cypress/psoc creator/3.3/psoc creator/import/gnu/arm/4.9.3/bin/../lib/gcc/arm-none-eabi/4.9.3/../../../../arm-none-eabi/lib/armv7-m/crt0.o
 .bss           0x00000000        0x0 c:/program files (x86)/cypress/psoc creator/3.3/psoc creator/import/gnu/arm/4.9.3/bin/../lib/gcc/arm-none-eabi/4.9.3/../../../../arm-none-eabi/lib/armv7-m/crt0.o
 .ARM.extab     0x00000000        0x0 c:/program files (x86)/cypress/psoc creator/3.3/psoc creator/import/gnu/arm/4.9.3/bin/../lib/gcc/arm-none-eabi/4.9.3/../../../../arm-none-eabi/lib/armv7-m/crt0.o
 .ARM.exidx     0x00000000        0x8 c:/program files (x86)/cypress/psoc creator/3.3/psoc creator/import/gnu/arm/4.9.3/bin/../lib/gcc/arm-none-eabi/4.9.3/../../../../arm-none-eabi/lib/armv7-m/crt0.o
 .text          0x00000000        0x0 .\CortexM3\ARM_GCC_493\Debug\main.o
 .text          0x00000000        0x0 .\CortexM3\ARM_GCC_493\Debug\cymetadata.o
 .data          0x00000000        0x0 .\CortexM3\ARM_GCC_493\Debug\cymetadata.o
 .bss           0x00000000        0x0 .\CortexM3\ARM_GCC_493\Debug\cymetadata.o
 .text          0x00000000        0x0 .\CortexM3\ARM_GCC_493\Debug\Cm3Start.o
 .data          0x00000000        0x4 .\CortexM3\ARM_GCC_493\Debug\Cm3Start.o
 .bss           0x00000000        0x0 .\CortexM3\ARM_GCC_493\Debug\Cm3Start.o
 .text._exit    0x00000000        0xc .\CortexM3\ARM_GCC_493\Debug\Cm3Start.o
 .text._sbrk    0x00000000       0x30 .\CortexM3\ARM_GCC_493\Debug\Cm3Start.o
 .text          0x00000000        0x0 .\CortexM3\ARM_GCC_493\Debug\Design01.a(cyfitter_cfg.o)
 .data          0x00000000        0x0 .\CortexM3\ARM_GCC_493\Debug\Design01.a(cyfitter_cfg.o)
 .bss           0x00000000        0x0 .\CortexM3\ARM_GCC_493\Debug\Design01.a(cyfitter_cfg.o)
 .text.SetAnalogRoutingPumps
                0x00000000       0x10 .\CortexM3\ARM_GCC_493\Debug\Design01.a(cyfitter_cfg.o)
 .text          0x00000000        0x0 .\CortexM3\ARM_GCC_493\Debug\Design01.a(VDAC8_1.o)
 .data          0x00000000        0x0 .\CortexM3\ARM_GCC_493\Debug\Design01.a(VDAC8_1.o)
 .text.VDAC8_1_Stop
                0x00000000       0x1c .\CortexM3\ARM_GCC_493\Debug\Design01.a(VDAC8_1.o)
 .data          0x00000000        0x0 .\CortexM3\ARM_GCC_493\Debug\Design01.a(CyBootAsmGnu.o)
 .bss           0x00000000        0x0 .\CortexM3\ARM_GCC_493\Debug\Design01.a(CyBootAsmGnu.o)
 .text          0x00000000        0x0 .\CortexM3\ARM_GCC_493\Debug\Design01.a(CyLib.o)
 .data          0x00000000       0x10 .\CortexM3\ARM_GCC_493\Debug\Design01.a(CyLib.o)
 .bss           0x00000000       0x1c .\CortexM3\ARM_GCC_493\Debug\Design01.a(CyLib.o)
 .text.CyUSB_PowerOnCheck
                0x00000000       0x48 .\CortexM3\ARM_GCC_493\Debug\Design01.a(CyLib.o)
 .text.CyBusClk_Internal_SetDivider
                0x00000000       0x48 .\CortexM3\ARM_GCC_493\Debug\Design01.a(CyLib.o)
 .text.CyPLL_OUT_Stop
                0x00000000       0x10 .\CortexM3\ARM_GCC_493\Debug\Design01.a(CyLib.o)
 .text.CyIMO_Stop
                0x00000000       0x1c .\CortexM3\ARM_GCC_493\Debug\Design01.a(CyLib.o)
 .text.CyIMO_EnableDoubler
                0x00000000       0x10 .\CortexM3\ARM_GCC_493\Debug\Design01.a(CyLib.o)
 .text.CyIMO_DisableDoubler
                0x00000000       0x10 .\CortexM3\ARM_GCC_493\Debug\Design01.a(CyLib.o)
 .text.CyMasterClk_SetSource
                0x00000000       0x18 .\CortexM3\ARM_GCC_493\Debug\Design01.a(CyLib.o)
 .text.CyMasterClk_SetDivider
                0x00000000        0xc .\CortexM3\ARM_GCC_493\Debug\Design01.a(CyLib.o)
 .text.CyBusClk_SetDivider
                0x00000000       0x70 .\CortexM3\ARM_GCC_493\Debug\Design01.a(CyLib.o)
 .text.CyUsbClk_SetSource
                0x00000000       0x18 .\CortexM3\ARM_GCC_493\Debug\Design01.a(CyLib.o)
 .text.CyILO_Start1K
                0x00000000       0x10 .\CortexM3\ARM_GCC_493\Debug\Design01.a(CyLib.o)
 .text.CyILO_Stop1K
                0x00000000       0x10 .\CortexM3\ARM_GCC_493\Debug\Design01.a(CyLib.o)
 .text.CyILO_Start100K
                0x00000000       0x10 .\CortexM3\ARM_GCC_493\Debug\Design01.a(CyLib.o)
 .text.CyILO_Stop100K
                0x00000000       0x10 .\CortexM3\ARM_GCC_493\Debug\Design01.a(CyLib.o)
 .text.CyPLL_OUT_Start
                0x00000000       0x78 .\CortexM3\ARM_GCC_493\Debug\Design01.a(CyLib.o)
 .text.CyIMO_Start
                0x00000000       0x60 .\CortexM3\ARM_GCC_493\Debug\Design01.a(CyLib.o)
 .text.CyILO_Enable33K
                0x00000000       0x10 .\CortexM3\ARM_GCC_493\Debug\Design01.a(CyLib.o)
 .text.CyILO_Disable33K
                0x00000000       0x10 .\CortexM3\ARM_GCC_493\Debug\Design01.a(CyLib.o)
 .text.CyILO_SetSource
                0x00000000       0x18 .\CortexM3\ARM_GCC_493\Debug\Design01.a(CyLib.o)
 .text.CyILO_SetPowerMode
                0x00000000       0x24 .\CortexM3\ARM_GCC_493\Debug\Design01.a(CyLib.o)
 .text.CyXTAL_32KHZ_Stop
                0x00000000       0x30 .\CortexM3\ARM_GCC_493\Debug\Design01.a(CyLib.o)
 .text.CyXTAL_32KHZ_ReadStatus
                0x00000000       0x10 .\CortexM3\ARM_GCC_493\Debug\Design01.a(CyLib.o)
 .text.CyXTAL_Start
                0x00000000       0xac .\CortexM3\ARM_GCC_493\Debug\Design01.a(CyLib.o)
 .text.CyXTAL_Stop
                0x00000000       0x10 .\CortexM3\ARM_GCC_493\Debug\Design01.a(CyLib.o)
 .text.CyXTAL_EnableErrStatus
                0x00000000       0x10 .\CortexM3\ARM_GCC_493\Debug\Design01.a(CyLib.o)
 .text.CyXTAL_DisableErrStatus
                0x00000000       0x10 .\CortexM3\ARM_GCC_493\Debug\Design01.a(CyLib.o)
 .text.CyXTAL_ReadStatus
                0x00000000       0x18 .\CortexM3\ARM_GCC_493\Debug\Design01.a(CyLib.o)
 .text.CyXTAL_EnableFaultRecovery
                0x00000000       0x10 .\CortexM3\ARM_GCC_493\Debug\Design01.a(CyLib.o)
 .text.CyXTAL_DisableFaultRecovery
                0x00000000       0x10 .\CortexM3\ARM_GCC_493\Debug\Design01.a(CyLib.o)
 .text.CyXTAL_SetStartup
                0x00000000       0x18 .\CortexM3\ARM_GCC_493\Debug\Design01.a(CyLib.o)
 .text.CyXTAL_SetFbVoltage
                0x00000000       0x18 .\CortexM3\ARM_GCC_493\Debug\Design01.a(CyLib.o)
 .text.CyXTAL_SetWdVoltage
                0x00000000       0x18 .\CortexM3\ARM_GCC_493\Debug\Design01.a(CyLib.o)
 .text.CyHalt   0x00000000        0x4 .\CortexM3\ARM_GCC_493\Debug\Design01.a(CyLib.o)
 .text.CyPLL_OUT_SetPQ
                0x00000000       0x60 .\CortexM3\ARM_GCC_493\Debug\Design01.a(CyLib.o)
 .text.CyPLL_OUT_SetSource
                0x00000000       0x34 .\CortexM3\ARM_GCC_493\Debug\Design01.a(CyLib.o)
 .text.CyIMO_SetTrimValue
                0x00000000       0xcc .\CortexM3\ARM_GCC_493\Debug\Design01.a(CyLib.o)
 .text.CyIMO_SetFreq
                0x00000000       0xf4 .\CortexM3\ARM_GCC_493\Debug\Design01.a(CyLib.o)
 .text.CyIMO_SetSource
                0x00000000       0x58 .\CortexM3\ARM_GCC_493\Debug\Design01.a(CyLib.o)
 .text.CySoftwareReset
                0x00000000       0x10 .\CortexM3\ARM_GCC_493\Debug\Design01.a(CyLib.o)
 .text.CyDelay  0x00000000       0x2c .\CortexM3\ARM_GCC_493\Debug\Design01.a(CyLib.o)
 .text.CyDelayUs
                0x00000000       0x14 .\CortexM3\ARM_GCC_493\Debug\Design01.a(CyLib.o)
 .text.CyXTAL_32KHZ_SetPowerMode
                0x00000000       0x84 .\CortexM3\ARM_GCC_493\Debug\Design01.a(CyLib.o)
 .text.CyXTAL_32KHZ_Start
                0x00000000       0x70 .\CortexM3\ARM_GCC_493\Debug\Design01.a(CyLib.o)
 .text.CyDelayFreq
                0x00000000       0x4c .\CortexM3\ARM_GCC_493\Debug\Design01.a(CyLib.o)
 .text.CyWdtStart
                0x00000000       0x40 .\CortexM3\ARM_GCC_493\Debug\Design01.a(CyLib.o)
 .text.CyWdtClear
                0x00000000        0xc .\CortexM3\ARM_GCC_493\Debug\Design01.a(CyLib.o)
 .text.CyVdStickyStatus
                0x00000000       0x2c .\CortexM3\ARM_GCC_493\Debug\Design01.a(CyLib.o)
 .text.CyVdLvDigitEnable
                0x00000000       0x84 .\CortexM3\ARM_GCC_493\Debug\Design01.a(CyLib.o)
 .text.CyVdLvAnalogEnable
                0x00000000       0x80 .\CortexM3\ARM_GCC_493\Debug\Design01.a(CyLib.o)
 .text.CyVdLvDigitDisable
                0x00000000       0x30 .\CortexM3\ARM_GCC_493\Debug\Design01.a(CyLib.o)
 .text.CyVdLvAnalogDisable
                0x00000000       0x28 .\CortexM3\ARM_GCC_493\Debug\Design01.a(CyLib.o)
 .text.CyVdHvAnalogEnable
                0x00000000       0x54 .\CortexM3\ARM_GCC_493\Debug\Design01.a(CyLib.o)
 .text.CyVdHvAnalogDisable
                0x00000000       0x20 .\CortexM3\ARM_GCC_493\Debug\Design01.a(CyLib.o)
 .text.CyVdRealTimeStatus
                0x00000000       0x1c .\CortexM3\ARM_GCC_493\Debug\Design01.a(CyLib.o)
 .text.CyDisableInts
                0x00000000       0x1c .\CortexM3\ARM_GCC_493\Debug\Design01.a(CyLib.o)
 .text.CyEnableInts
                0x00000000       0x18 .\CortexM3\ARM_GCC_493\Debug\Design01.a(CyLib.o)
 .text.CyFlushCache
                0x00000000       0x44 .\CortexM3\ARM_GCC_493\Debug\Design01.a(CyLib.o)
 .text.CyIntSetSysVector
                0x00000000       0x28 .\CortexM3\ARM_GCC_493\Debug\Design01.a(CyLib.o)
 .text.CyIntGetSysVector
                0x00000000       0x20 .\CortexM3\ARM_GCC_493\Debug\Design01.a(CyLib.o)
 .text.CyIntSetVector
                0x00000000       0x28 .\CortexM3\ARM_GCC_493\Debug\Design01.a(CyLib.o)
 .text.CyIntGetVector
                0x00000000       0x24 .\CortexM3\ARM_GCC_493\Debug\Design01.a(CyLib.o)
 .text.CyIntSetPriority
                0x00000000       0x30 .\CortexM3\ARM_GCC_493\Debug\Design01.a(CyLib.o)
 .text.CyIntGetPriority
                0x00000000       0x20 .\CortexM3\ARM_GCC_493\Debug\Design01.a(CyLib.o)
 .text.CyIntGetState
                0x00000000       0x24 .\CortexM3\ARM_GCC_493\Debug\Design01.a(CyLib.o)
 .text.CySysTickStop
                0x00000000       0x10 .\CortexM3\ARM_GCC_493\Debug\Design01.a(CyLib.o)
 .text.CySysTickEnableInterrupt
                0x00000000       0x10 .\CortexM3\ARM_GCC_493\Debug\Design01.a(CyLib.o)
 .text.CySysTickEnable
                0x00000000       0x18 .\CortexM3\ARM_GCC_493\Debug\Design01.a(CyLib.o)
 .text.CySysTickDisableInterrupt
                0x00000000       0x10 .\CortexM3\ARM_GCC_493\Debug\Design01.a(CyLib.o)
 .text.CySysTickSetReload
                0x00000000       0x10 .\CortexM3\ARM_GCC_493\Debug\Design01.a(CyLib.o)
 .text.CySysTickGetReload
                0x00000000       0x10 .\CortexM3\ARM_GCC_493\Debug\Design01.a(CyLib.o)
 .text.CySysTickGetValue
                0x00000000       0x10 .\CortexM3\ARM_GCC_493\Debug\Design01.a(CyLib.o)
 .text.CySysTickSetClockSource
                0x00000000       0x20 .\CortexM3\ARM_GCC_493\Debug\Design01.a(CyLib.o)
 .text.CySysTickGetCountFlag
                0x00000000       0x10 .\CortexM3\ARM_GCC_493\Debug\Design01.a(CyLib.o)
 .text.CySysTickServiceCallbacks
                0x00000000       0x28 .\CortexM3\ARM_GCC_493\Debug\Design01.a(CyLib.o)
 .text.CySysTickClear
                0x00000000        0xc .\CortexM3\ARM_GCC_493\Debug\Design01.a(CyLib.o)
 .text.CySysTickInit
                0x00000000       0x58 .\CortexM3\ARM_GCC_493\Debug\Design01.a(CyLib.o)
 .text.CySysTickStart
                0x00000000       0x1c .\CortexM3\ARM_GCC_493\Debug\Design01.a(CyLib.o)
 .text.CySysTickSetCallback
                0x00000000       0x10 .\CortexM3\ARM_GCC_493\Debug\Design01.a(CyLib.o)
 .text.CySysTickGetCallback
                0x00000000       0x10 .\CortexM3\ARM_GCC_493\Debug\Design01.a(CyLib.o)
 .text.CyGetUniqueId
                0x00000000       0x70 .\CortexM3\ARM_GCC_493\Debug\Design01.a(CyLib.o)
 .text          0x00000000        0x0 .\CortexM3\ARM_GCC_493\Debug\Design01.a(cyPm.o)
 .data          0x00000000        0x0 .\CortexM3\ARM_GCC_493\Debug\Design01.a(cyPm.o)
 .bss           0x00000000       0x44 .\CortexM3\ARM_GCC_493\Debug\Design01.a(cyPm.o)
 .text.CyPmHibSlpSaveSet
                0x00000000      0x1dc .\CortexM3\ARM_GCC_493\Debug\Design01.a(cyPm.o)
 .text.CyPmHibSlpRestore
                0x00000000       0xd4 .\CortexM3\ARM_GCC_493\Debug\Design01.a(cyPm.o)
 .text.CyPmHviLviSaveDisable
                0x00000000       0xa0 .\CortexM3\ARM_GCC_493\Debug\Design01.a(cyPm.o)
 .text.CyPmHibSaveSet
                0x00000000       0x8c .\CortexM3\ARM_GCC_493\Debug\Design01.a(cyPm.o)
 .text.CyPmHviLviRestore
                0x00000000       0x48 .\CortexM3\ARM_GCC_493\Debug\Design01.a(cyPm.o)
 .text.CyPmHibRestore
                0x00000000       0x58 .\CortexM3\ARM_GCC_493\Debug\Design01.a(cyPm.o)
 .text.CyPmSaveClocks
                0x00000000      0x218 .\CortexM3\ARM_GCC_493\Debug\Design01.a(cyPm.o)
 .text.CyPmRestoreClocks
                0x00000000      0x24c .\CortexM3\ARM_GCC_493\Debug\Design01.a(cyPm.o)
 .text.CyPmAltAct
                0x00000000       0x6c .\CortexM3\ARM_GCC_493\Debug\Design01.a(cyPm.o)
 .text.CyPmSleep
                0x00000000       0xf4 .\CortexM3\ARM_GCC_493\Debug\Design01.a(cyPm.o)
 .text.CyPmHibernateEx
                0x00000000       0xf4 .\CortexM3\ARM_GCC_493\Debug\Design01.a(cyPm.o)
 .text.CyPmHibernate
                0x00000000        0xc .\CortexM3\ARM_GCC_493\Debug\Design01.a(cyPm.o)
 .text.CyPmReadStatus
                0x00000000       0x30 .\CortexM3\ARM_GCC_493\Debug\Design01.a(cyPm.o)
 .text.CyPmCtwSetInterval
                0x00000000       0x5c .\CortexM3\ARM_GCC_493\Debug\Design01.a(cyPm.o)
 .text.CyPmOppsSet
                0x00000000       0x2c .\CortexM3\ARM_GCC_493\Debug\Design01.a(cyPm.o)
 .text.CyPmFtwSetInterval
                0x00000000       0x5c .\CortexM3\ARM_GCC_493\Debug\Design01.a(cyPm.o)
 .rodata        0x00000000       0x10 .\CortexM3\ARM_GCC_493\Debug\Design01.a(cyPm.o)
 .text          0x00000000        0x0 .\CortexM3\ARM_GCC_493\Debug\Design01.a(isr_1.o)
 .data          0x00000000        0x0 .\CortexM3\ARM_GCC_493\Debug\Design01.a(isr_1.o)
 .bss           0x00000000        0x0 .\CortexM3\ARM_GCC_493\Debug\Design01.a(isr_1.o)
 .text.isr_1_Interrupt
                0x00000000        0x4 .\CortexM3\ARM_GCC_493\Debug\Design01.a(isr_1.o)
 .text.isr_1_GetVector
                0x00000000        0xc .\CortexM3\ARM_GCC_493\Debug\Design01.a(isr_1.o)
 .text.isr_1_GetPriority
                0x00000000        0xc .\CortexM3\ARM_GCC_493\Debug\Design01.a(isr_1.o)
 .text.isr_1_GetState
                0x00000000       0x10 .\CortexM3\ARM_GCC_493\Debug\Design01.a(isr_1.o)
 .text.isr_1_Start
                0x00000000       0x1c .\CortexM3\ARM_GCC_493\Debug\Design01.a(isr_1.o)
 .text.isr_1_Stop
                0x00000000       0x14 .\CortexM3\ARM_GCC_493\Debug\Design01.a(isr_1.o)
 .text.isr_1_SetPending
                0x00000000        0xc .\CortexM3\ARM_GCC_493\Debug\Design01.a(isr_1.o)
 .text.isr_1_ClearPending
                0x00000000        0xc .\CortexM3\ARM_GCC_493\Debug\Design01.a(isr_1.o)
 .text          0x00000000        0x0 .\CortexM3\ARM_GCC_493\Debug\Design01.a(CyFlash.o)
 .data          0x00000000        0x0 .\CortexM3\ARM_GCC_493\Debug\Design01.a(CyFlash.o)
 .bss           0x00000000        0x4 .\CortexM3\ARM_GCC_493\Debug\Design01.a(CyFlash.o)
 .text.CyFlashGetSpcAlgorithm
                0x00000000       0x4c .\CortexM3\ARM_GCC_493\Debug\Design01.a(CyFlash.o)
 .text.CySetTempInt
                0x00000000       0x60 .\CortexM3\ARM_GCC_493\Debug\Design01.a(CyFlash.o)
 .text.CyFlash_Start
                0x00000000       0x54 .\CortexM3\ARM_GCC_493\Debug\Design01.a(CyFlash.o)
 .text.CyFlash_Stop
                0x00000000       0x24 .\CortexM3\ARM_GCC_493\Debug\Design01.a(CyFlash.o)
 .text.CySetTemp
                0x00000000       0x14 .\CortexM3\ARM_GCC_493\Debug\Design01.a(CyFlash.o)
 .text.CySetFlashEEBuffer
                0x00000000       0x28 .\CortexM3\ARM_GCC_493\Debug\Design01.a(CyFlash.o)
 .text.CyWriteRowFull
                0x00000000       0xf8 .\CortexM3\ARM_GCC_493\Debug\Design01.a(CyFlash.o)
 .text.CyWriteRowData
                0x00000000       0x14 .\CortexM3\ARM_GCC_493\Debug\Design01.a(CyFlash.o)
 .text.CyFlash_SetWaitCycles
                0x00000000       0x7c .\CortexM3\ARM_GCC_493\Debug\Design01.a(CyFlash.o)
 .text.CyEEPROM_Start
                0x00000000       0x54 .\CortexM3\ARM_GCC_493\Debug\Design01.a(CyFlash.o)
 .text.CyEEPROM_Stop
                0x00000000       0x24 .\CortexM3\ARM_GCC_493\Debug\Design01.a(CyFlash.o)
 .text.CyEEPROM_ReadReserve
                0x00000000       0x1c .\CortexM3\ARM_GCC_493\Debug\Design01.a(CyFlash.o)
 .text.CyEEPROM_ReadRelease
                0x00000000       0x10 .\CortexM3\ARM_GCC_493\Debug\Design01.a(CyFlash.o)
 COMMON         0x00000000        0x2 .\CortexM3\ARM_GCC_493\Debug\Design01.a(CyFlash.o)
 .text          0x00000000        0x0 .\CortexM3\ARM_GCC_493\Debug\Design01.a(CySpc.o)
 .data          0x00000000        0x0 .\CortexM3\ARM_GCC_493\Debug\Design01.a(CySpc.o)
 .bss           0x00000000        0x8 .\CortexM3\ARM_GCC_493\Debug\Design01.a(CySpc.o)
 .text.CySpcStart
                0x00000000       0x24 .\CortexM3\ARM_GCC_493\Debug\Design01.a(CySpc.o)
 .text.CySpcStop
                0x00000000       0x24 .\CortexM3\ARM_GCC_493\Debug\Design01.a(CySpc.o)
 .text.CySpcReadData
                0x00000000       0x34 .\CortexM3\ARM_GCC_493\Debug\Design01.a(CySpc.o)
 .text.CySpcLoadMultiByte
                0x00000000       0x78 .\CortexM3\ARM_GCC_493\Debug\Design01.a(CySpc.o)
 .text.CySpcLoadRow
                0x00000000       0x54 .\CortexM3\ARM_GCC_493\Debug\Design01.a(CySpc.o)
 .text.CySpcLoadRowFull
                0x00000000       0x80 .\CortexM3\ARM_GCC_493\Debug\Design01.a(CySpc.o)
 .text.CySpcWriteRow
                0x00000000       0x4c .\CortexM3\ARM_GCC_493\Debug\Design01.a(CySpc.o)
 .text.CySpcEraseSector
                0x00000000       0x3c .\CortexM3\ARM_GCC_493\Debug\Design01.a(CySpc.o)
 .text.CySpcGetTemp
                0x00000000       0x3c .\CortexM3\ARM_GCC_493\Debug\Design01.a(CySpc.o)
 .text.CySpcLock
                0x00000000       0x4c .\CortexM3\ARM_GCC_493\Debug\Design01.a(CySpc.o)
 .text.CySpcUnlock
                0x00000000       0x38 .\CortexM3\ARM_GCC_493\Debug\Design01.a(CySpc.o)
 .text.CySpcGetAlgorithm
                0x00000000       0x28 .\CortexM3\ARM_GCC_493\Debug\Design01.a(CySpc.o)
 .text          0x00000000        0x0 c:/program files (x86)/cypress/psoc creator/3.3/psoc creator/import/gnu/arm/4.9.3/bin/../lib/gcc/arm-none-eabi/4.9.3/../../../../arm-none-eabi/lib/armv7-m\libm.a(lib_a-sf_sin.o)
 .data          0x00000000        0x0 c:/program files (x86)/cypress/psoc creator/3.3/psoc creator/import/gnu/arm/4.9.3/bin/../lib/gcc/arm-none-eabi/4.9.3/../../../../arm-none-eabi/lib/armv7-m\libm.a(lib_a-sf_sin.o)
 .bss           0x00000000        0x0 c:/program files (x86)/cypress/psoc creator/3.3/psoc creator/import/gnu/arm/4.9.3/bin/../lib/gcc/arm-none-eabi/4.9.3/../../../../arm-none-eabi/lib/armv7-m\libm.a(lib_a-sf_sin.o)
 .text          0x00000000        0x0 c:/program files (x86)/cypress/psoc creator/3.3/psoc creator/import/gnu/arm/4.9.3/bin/../lib/gcc/arm-none-eabi/4.9.3/../../../../arm-none-eabi/lib/armv7-m\libm.a(lib_a-ef_rem_pio2.o)
 .data          0x00000000        0x0 c:/program files (x86)/cypress/psoc creator/3.3/psoc creator/import/gnu/arm/4.9.3/bin/../lib/gcc/arm-none-eabi/4.9.3/../../../../arm-none-eabi/lib/armv7-m\libm.a(lib_a-ef_rem_pio2.o)
 .bss           0x00000000        0x0 c:/program files (x86)/cypress/psoc creator/3.3/psoc creator/import/gnu/arm/4.9.3/bin/../lib/gcc/arm-none-eabi/4.9.3/../../../../arm-none-eabi/lib/armv7-m\libm.a(lib_a-ef_rem_pio2.o)
 .text          0x00000000        0x0 c:/program files (x86)/cypress/psoc creator/3.3/psoc creator/import/gnu/arm/4.9.3/bin/../lib/gcc/arm-none-eabi/4.9.3/../../../../arm-none-eabi/lib/armv7-m\libm.a(lib_a-kf_cos.o)
 .data          0x00000000        0x0 c:/program files (x86)/cypress/psoc creator/3.3/psoc creator/import/gnu/arm/4.9.3/bin/../lib/gcc/arm-none-eabi/4.9.3/../../../../arm-none-eabi/lib/armv7-m\libm.a(lib_a-kf_cos.o)
 .bss           0x00000000        0x0 c:/program files (x86)/cypress/psoc creator/3.3/psoc creator/import/gnu/arm/4.9.3/bin/../lib/gcc/arm-none-eabi/4.9.3/../../../../arm-none-eabi/lib/armv7-m\libm.a(lib_a-kf_cos.o)
 .text          0x00000000        0x0 c:/program files (x86)/cypress/psoc creator/3.3/psoc creator/import/gnu/arm/4.9.3/bin/../lib/gcc/arm-none-eabi/4.9.3/../../../../arm-none-eabi/lib/armv7-m\libm.a(lib_a-kf_rem_pio2.o)
 .data          0x00000000        0x0 c:/program files (x86)/cypress/psoc creator/3.3/psoc creator/import/gnu/arm/4.9.3/bin/../lib/gcc/arm-none-eabi/4.9.3/../../../../arm-none-eabi/lib/armv7-m\libm.a(lib_a-kf_rem_pio2.o)
 .bss           0x00000000        0x0 c:/program files (x86)/cypress/psoc creator/3.3/psoc creator/import/gnu/arm/4.9.3/bin/../lib/gcc/arm-none-eabi/4.9.3/../../../../arm-none-eabi/lib/armv7-m\libm.a(lib_a-kf_rem_pio2.o)
 .text          0x00000000        0x0 c:/program files (x86)/cypress/psoc creator/3.3/psoc creator/import/gnu/arm/4.9.3/bin/../lib/gcc/arm-none-eabi/4.9.3/../../../../arm-none-eabi/lib/armv7-m\libm.a(lib_a-kf_sin.o)
 .data          0x00000000        0x0 c:/program files (x86)/cypress/psoc creator/3.3/psoc creator/import/gnu/arm/4.9.3/bin/../lib/gcc/arm-none-eabi/4.9.3/../../../../arm-none-eabi/lib/armv7-m\libm.a(lib_a-kf_sin.o)
 .bss           0x00000000        0x0 c:/program files (x86)/cypress/psoc creator/3.3/psoc creator/import/gnu/arm/4.9.3/bin/../lib/gcc/arm-none-eabi/4.9.3/../../../../arm-none-eabi/lib/armv7-m\libm.a(lib_a-kf_sin.o)
 .text          0x00000000        0x0 c:/program files (x86)/cypress/psoc creator/3.3/psoc creator/import/gnu/arm/4.9.3/bin/../lib/gcc/arm-none-eabi/4.9.3/../../../../arm-none-eabi/lib/armv7-m\libm.a(lib_a-sf_fabs.o)
 .data          0x00000000        0x0 c:/program files (x86)/cypress/psoc creator/3.3/psoc creator/import/gnu/arm/4.9.3/bin/../lib/gcc/arm-none-eabi/4.9.3/../../../../arm-none-eabi/lib/armv7-m\libm.a(lib_a-sf_fabs.o)
 .bss           0x00000000        0x0 c:/program files (x86)/cypress/psoc creator/3.3/psoc creator/import/gnu/arm/4.9.3/bin/../lib/gcc/arm-none-eabi/4.9.3/../../../../arm-none-eabi/lib/armv7-m\libm.a(lib_a-sf_fabs.o)
 .text          0x00000000        0x0 c:/program files (x86)/cypress/psoc creator/3.3/psoc creator/import/gnu/arm/4.9.3/bin/../lib/gcc/arm-none-eabi/4.9.3/../../../../arm-none-eabi/lib/armv7-m\libm.a(lib_a-sf_floor.o)
 .data          0x00000000        0x0 c:/program files (x86)/cypress/psoc creator/3.3/psoc creator/import/gnu/arm/4.9.3/bin/../lib/gcc/arm-none-eabi/4.9.3/../../../../arm-none-eabi/lib/armv7-m\libm.a(lib_a-sf_floor.o)
 .bss           0x00000000        0x0 c:/program files (x86)/cypress/psoc creator/3.3/psoc creator/import/gnu/arm/4.9.3/bin/../lib/gcc/arm-none-eabi/4.9.3/../../../../arm-none-eabi/lib/armv7-m\libm.a(lib_a-sf_floor.o)
 .text          0x00000000        0x0 c:/program files (x86)/cypress/psoc creator/3.3/psoc creator/import/gnu/arm/4.9.3/bin/../lib/gcc/arm-none-eabi/4.9.3/../../../../arm-none-eabi/lib/armv7-m\libm.a(lib_a-sf_scalbn.o)
 .data          0x00000000        0x0 c:/program files (x86)/cypress/psoc creator/3.3/psoc creator/import/gnu/arm/4.9.3/bin/../lib/gcc/arm-none-eabi/4.9.3/../../../../arm-none-eabi/lib/armv7-m\libm.a(lib_a-sf_scalbn.o)
 .bss           0x00000000        0x0 c:/program files (x86)/cypress/psoc creator/3.3/psoc creator/import/gnu/arm/4.9.3/bin/../lib/gcc/arm-none-eabi/4.9.3/../../../../arm-none-eabi/lib/armv7-m\libm.a(lib_a-sf_scalbn.o)
 .text          0x00000000        0x0 c:/program files (x86)/cypress/psoc creator/3.3/psoc creator/import/gnu/arm/4.9.3/bin/../lib/gcc/arm-none-eabi/4.9.3/../../../../arm-none-eabi/lib/armv7-m\libm.a(lib_a-sf_copysign.o)
 .data          0x00000000        0x0 c:/program files (x86)/cypress/psoc creator/3.3/psoc creator/import/gnu/arm/4.9.3/bin/../lib/gcc/arm-none-eabi/4.9.3/../../../../arm-none-eabi/lib/armv7-m\libm.a(lib_a-sf_copysign.o)
 .bss           0x00000000        0x0 c:/program files (x86)/cypress/psoc creator/3.3/psoc creator/import/gnu/arm/4.9.3/bin/../lib/gcc/arm-none-eabi/4.9.3/../../../../arm-none-eabi/lib/armv7-m\libm.a(lib_a-sf_copysign.o)
 .data          0x00000000        0x0 c:/program files (x86)/cypress/psoc creator/3.3/psoc creator/import/gnu/arm/4.9.3/bin/../lib/gcc/arm-none-eabi/4.9.3/armv7-m\libgcc.a(_arm_addsubdf3.o)
 .bss           0x00000000        0x0 c:/program files (x86)/cypress/psoc creator/3.3/psoc creator/import/gnu/arm/4.9.3/bin/../lib/gcc/arm-none-eabi/4.9.3/armv7-m\libgcc.a(_arm_addsubdf3.o)
 .data          0x00000000        0x0 c:/program files (x86)/cypress/psoc creator/3.3/psoc creator/import/gnu/arm/4.9.3/bin/../lib/gcc/arm-none-eabi/4.9.3/armv7-m\libgcc.a(_arm_muldivdf3.o)
 .bss           0x00000000        0x0 c:/program files (x86)/cypress/psoc creator/3.3/psoc creator/import/gnu/arm/4.9.3/bin/../lib/gcc/arm-none-eabi/4.9.3/armv7-m\libgcc.a(_arm_muldivdf3.o)
 .data          0x00000000        0x0 c:/program files (x86)/cypress/psoc creator/3.3/psoc creator/import/gnu/arm/4.9.3/bin/../lib/gcc/arm-none-eabi/4.9.3/armv7-m\libgcc.a(_arm_cmpdf2.o)
 .bss           0x00000000        0x0 c:/program files (x86)/cypress/psoc creator/3.3/psoc creator/import/gnu/arm/4.9.3/bin/../lib/gcc/arm-none-eabi/4.9.3/armv7-m\libgcc.a(_arm_cmpdf2.o)
 .data          0x00000000        0x0 c:/program files (x86)/cypress/psoc creator/3.3/psoc creator/import/gnu/arm/4.9.3/bin/../lib/gcc/arm-none-eabi/4.9.3/armv7-m\libgcc.a(_arm_truncdfsf2.o)
 .bss           0x00000000        0x0 c:/program files (x86)/cypress/psoc creator/3.3/psoc creator/import/gnu/arm/4.9.3/bin/../lib/gcc/arm-none-eabi/4.9.3/armv7-m\libgcc.a(_arm_truncdfsf2.o)
 .data          0x00000000        0x0 c:/program files (x86)/cypress/psoc creator/3.3/psoc creator/import/gnu/arm/4.9.3/bin/../lib/gcc/arm-none-eabi/4.9.3/armv7-m\libgcc.a(_arm_addsubsf3.o)
 .bss           0x00000000        0x0 c:/program files (x86)/cypress/psoc creator/3.3/psoc creator/import/gnu/arm/4.9.3/bin/../lib/gcc/arm-none-eabi/4.9.3/armv7-m\libgcc.a(_arm_addsubsf3.o)
 .data          0x00000000        0x0 c:/program files (x86)/cypress/psoc creator/3.3/psoc creator/import/gnu/arm/4.9.3/bin/../lib/gcc/arm-none-eabi/4.9.3/armv7-m\libgcc.a(_arm_muldivsf3.o)
 .bss           0x00000000        0x0 c:/program files (x86)/cypress/psoc creator/3.3/psoc creator/import/gnu/arm/4.9.3/bin/../lib/gcc/arm-none-eabi/4.9.3/armv7-m\libgcc.a(_arm_muldivsf3.o)
 .data          0x00000000        0x0 c:/program files (x86)/cypress/psoc creator/3.3/psoc creator/import/gnu/arm/4.9.3/bin/../lib/gcc/arm-none-eabi/4.9.3/armv7-m\libgcc.a(_arm_cmpsf2.o)
 .bss           0x00000000        0x0 c:/program files (x86)/cypress/psoc creator/3.3/psoc creator/import/gnu/arm/4.9.3/bin/../lib/gcc/arm-none-eabi/4.9.3/armv7-m\libgcc.a(_arm_cmpsf2.o)
 .data          0x00000000        0x0 c:/program files (x86)/cypress/psoc creator/3.3/psoc creator/import/gnu/arm/4.9.3/bin/../lib/gcc/arm-none-eabi/4.9.3/armv7-m\libgcc.a(_arm_fixsfsi.o)
 .bss           0x00000000        0x0 c:/program files (x86)/cypress/psoc creator/3.3/psoc creator/import/gnu/arm/4.9.3/bin/../lib/gcc/arm-none-eabi/4.9.3/armv7-m\libgcc.a(_arm_fixsfsi.o)
 .data          0x00000000        0x0 c:/program files (x86)/cypress/psoc creator/3.3/psoc creator/import/gnu/arm/4.9.3/bin/../lib/gcc/arm-none-eabi/4.9.3/armv7-m\libgcc.a(_arm_fixunssfsi.o)
 .bss           0x00000000        0x0 c:/program files (x86)/cypress/psoc creator/3.3/psoc creator/import/gnu/arm/4.9.3/bin/../lib/gcc/arm-none-eabi/4.9.3/armv7-m\libgcc.a(_arm_fixunssfsi.o)
 .text          0x00000000        0x0 c:/program files (x86)/cypress/psoc creator/3.3/psoc creator/import/gnu/arm/4.9.3/bin/../lib/gcc/arm-none-eabi/4.9.3/../../../../arm-none-eabi/lib/armv7-m\libg_nano.a(lib_a-errno.o)
 .data          0x00000000        0x0 c:/program files (x86)/cypress/psoc creator/3.3/psoc creator/import/gnu/arm/4.9.3/bin/../lib/gcc/arm-none-eabi/4.9.3/../../../../arm-none-eabi/lib/armv7-m\libg_nano.a(lib_a-errno.o)
 .bss           0x00000000        0x0 c:/program files (x86)/cypress/psoc creator/3.3/psoc creator/import/gnu/arm/4.9.3/bin/../lib/gcc/arm-none-eabi/4.9.3/../../../../arm-none-eabi/lib/armv7-m\libg_nano.a(lib_a-errno.o)
 .text.__errno  0x00000000        0xc c:/program files (x86)/cypress/psoc creator/3.3/psoc creator/import/gnu/arm/4.9.3/bin/../lib/gcc/arm-none-eabi/4.9.3/../../../../arm-none-eabi/lib/armv7-m\libg_nano.a(lib_a-errno.o)
 .text          0x00000000        0x0 c:/program files (x86)/cypress/psoc creator/3.3/psoc creator/import/gnu/arm/4.9.3/bin/../lib/gcc/arm-none-eabi/4.9.3/../../../../arm-none-eabi/lib/armv7-m\libg_nano.a(lib_a-exit.o)
 .data          0x00000000        0x0 c:/program files (x86)/cypress/psoc creator/3.3/psoc creator/import/gnu/arm/4.9.3/bin/../lib/gcc/arm-none-eabi/4.9.3/../../../../arm-none-eabi/lib/armv7-m\libg_nano.a(lib_a-exit.o)
 .bss           0x00000000        0x0 c:/program files (x86)/cypress/psoc creator/3.3/psoc creator/import/gnu/arm/4.9.3/bin/../lib/gcc/arm-none-eabi/4.9.3/../../../../arm-none-eabi/lib/armv7-m\libg_nano.a(lib_a-exit.o)
 .text.exit     0x00000000       0x28 c:/program files (x86)/cypress/psoc creator/3.3/psoc creator/import/gnu/arm/4.9.3/bin/../lib/gcc/arm-none-eabi/4.9.3/../../../../arm-none-eabi/lib/armv7-m\libg_nano.a(lib_a-exit.o)
 .text          0x00000000        0x0 c:/program files (x86)/cypress/psoc creator/3.3/psoc creator/import/gnu/arm/4.9.3/bin/../lib/gcc/arm-none-eabi/4.9.3/../../../../arm-none-eabi/lib/armv7-m\libg_nano.a(lib_a-impure.o)
 .data          0x00000000        0x0 c:/program files (x86)/cypress/psoc creator/3.3/psoc creator/import/gnu/arm/4.9.3/bin/../lib/gcc/arm-none-eabi/4.9.3/../../../../arm-none-eabi/lib/armv7-m\libg_nano.a(lib_a-impure.o)
 .bss           0x00000000        0x0 c:/program files (x86)/cypress/psoc creator/3.3/psoc creator/import/gnu/arm/4.9.3/bin/../lib/gcc/arm-none-eabi/4.9.3/../../../../arm-none-eabi/lib/armv7-m\libg_nano.a(lib_a-impure.o)
 .data.impure_data
                0x00000000       0x60 c:/program files (x86)/cypress/psoc creator/3.3/psoc creator/import/gnu/arm/4.9.3/bin/../lib/gcc/arm-none-eabi/4.9.3/../../../../arm-none-eabi/lib/armv7-m\libg_nano.a(lib_a-impure.o)
 .data._impure_ptr
                0x00000000        0x4 c:/program files (x86)/cypress/psoc creator/3.3/psoc creator/import/gnu/arm/4.9.3/bin/../lib/gcc/arm-none-eabi/4.9.3/../../../../arm-none-eabi/lib/armv7-m\libg_nano.a(lib_a-impure.o)
 .rodata.str1.1
                0x00000000        0x2 c:/program files (x86)/cypress/psoc creator/3.3/psoc creator/import/gnu/arm/4.9.3/bin/../lib/gcc/arm-none-eabi/4.9.3/../../../../arm-none-eabi/lib/armv7-m\libg_nano.a(lib_a-impure.o)
 .rodata._global_impure_ptr
                0x00000000        0x4 c:/program files (x86)/cypress/psoc creator/3.3/psoc creator/import/gnu/arm/4.9.3/bin/../lib/gcc/arm-none-eabi/4.9.3/../../../../arm-none-eabi/lib/armv7-m\libg_nano.a(lib_a-impure.o)
 .text          0x00000000        0x0 c:/program files (x86)/cypress/psoc creator/3.3/psoc creator/import/gnu/arm/4.9.3/bin/../lib/gcc/arm-none-eabi/4.9.3/../../../../arm-none-eabi/lib/armv7-m\libg_nano.a(lib_a-init.o)
 .data          0x00000000        0x0 c:/program files (x86)/cypress/psoc creator/3.3/psoc creator/import/gnu/arm/4.9.3/bin/../lib/gcc/arm-none-eabi/4.9.3/../../../../arm-none-eabi/lib/armv7-m\libg_nano.a(lib_a-init.o)
 .bss           0x00000000        0x0 c:/program files (x86)/cypress/psoc creator/3.3/psoc creator/import/gnu/arm/4.9.3/bin/../lib/gcc/arm-none-eabi/4.9.3/../../../../arm-none-eabi/lib/armv7-m\libg_nano.a(lib_a-init.o)
 .text          0x00000000        0x0 c:/program files (x86)/cypress/psoc creator/3.3/psoc creator/import/gnu/arm/4.9.3/bin/../lib/gcc/arm-none-eabi/4.9.3/../../../../arm-none-eabi/lib/armv7-m\libg_nano.a(lib_a-memcpy.o)
 .data          0x00000000        0x0 c:/program files (x86)/cypress/psoc creator/3.3/psoc creator/import/gnu/arm/4.9.3/bin/../lib/gcc/arm-none-eabi/4.9.3/../../../../arm-none-eabi/lib/armv7-m\libg_nano.a(lib_a-memcpy.o)
 .bss           0x00000000        0x0 c:/program files (x86)/cypress/psoc creator/3.3/psoc creator/import/gnu/arm/4.9.3/bin/../lib/gcc/arm-none-eabi/4.9.3/../../../../arm-none-eabi/lib/armv7-m\libg_nano.a(lib_a-memcpy.o)
 .text          0x00000000        0x0 c:/program files (x86)/cypress/psoc creator/3.3/psoc creator/import/gnu/arm/4.9.3/bin/../lib/gcc/arm-none-eabi/4.9.3/../../../../arm-none-eabi/lib/armv7-m\libg_nano.a(lib_a-memset.o)
 .data          0x00000000        0x0 c:/program files (x86)/cypress/psoc creator/3.3/psoc creator/import/gnu/arm/4.9.3/bin/../lib/gcc/arm-none-eabi/4.9.3/../../../../arm-none-eabi/lib/armv7-m\libg_nano.a(lib_a-memset.o)
 .bss           0x00000000        0x0 c:/program files (x86)/cypress/psoc creator/3.3/psoc creator/import/gnu/arm/4.9.3/bin/../lib/gcc/arm-none-eabi/4.9.3/../../../../arm-none-eabi/lib/armv7-m\libg_nano.a(lib_a-memset.o)
 .text          0x00000000        0x0 c:/program files (x86)/cypress/psoc creator/3.3/psoc creator/import/gnu/arm/4.9.3/bin/../lib/gcc/arm-none-eabi/4.9.3/armv7-m/crtend.o
 .data          0x00000000        0x0 c:/program files (x86)/cypress/psoc creator/3.3/psoc creator/import/gnu/arm/4.9.3/bin/../lib/gcc/arm-none-eabi/4.9.3/armv7-m/crtend.o
 .bss           0x00000000        0x0 c:/program files (x86)/cypress/psoc creator/3.3/psoc creator/import/gnu/arm/4.9.3/bin/../lib/gcc/arm-none-eabi/4.9.3/armv7-m/crtend.o
 .text          0x00000000        0x0 c:/program files (x86)/cypress/psoc creator/3.3/psoc creator/import/gnu/arm/4.9.3/bin/../lib/gcc/arm-none-eabi/4.9.3/armv7-m/crtn.o
 .data          0x00000000        0x0 c:/program files (x86)/cypress/psoc creator/3.3/psoc creator/import/gnu/arm/4.9.3/bin/../lib/gcc/arm-none-eabi/4.9.3/armv7-m/crtn.o
 .bss           0x00000000        0x0 c:/program files (x86)/cypress/psoc creator/3.3/psoc creator/import/gnu/arm/4.9.3/bin/../lib/gcc/arm-none-eabi/4.9.3/armv7-m/crtn.o

Memory Configuration

Name             Origin             Length             Attributes
rom              0x00000000         0x00040000         xr
ram              0x1fff8000         0x00010000         xrw
*default*        0x00000000         0xffffffff

Linker script and memory map

LOAD c:/program files (x86)/cypress/psoc creator/3.3/psoc creator/import/gnu/arm/4.9.3/bin/../lib/gcc/arm-none-eabi/4.9.3/armv7-m/crti.o
LOAD c:/program files (x86)/cypress/psoc creator/3.3/psoc creator/import/gnu/arm/4.9.3/bin/../lib/gcc/arm-none-eabi/4.9.3/armv7-m/crtbegin.o
LOAD c:/program files (x86)/cypress/psoc creator/3.3/psoc creator/import/gnu/arm/4.9.3/bin/../lib/gcc/arm-none-eabi/4.9.3/../../../../arm-none-eabi/lib/armv7-m/crt0.o
START GROUP
LOAD .\CortexM3\ARM_GCC_493\Debug\main.o
LOAD .\CortexM3\ARM_GCC_493\Debug\cymetadata.o
LOAD .\CortexM3\ARM_GCC_493\Debug\Cm3Start.o
LOAD .\CortexM3\ARM_GCC_493\Debug\Design01.a
LOAD C:\Program Files (x86)\Cypress\PSoC Creator\3.3\PSoC Creator\psoc\content\cycomponentlibrary\CyComponentLibrary.cylib\CortexM3\ARM_GCC_493\Debug\CyComponentLibrary.a
LOAD c:/program files (x86)/cypress/psoc creator/3.3/psoc creator/import/gnu/arm/4.9.3/bin/../lib/gcc/arm-none-eabi/4.9.3/../../../../arm-none-eabi/lib/armv7-m\libm.a
END GROUP
START GROUP
LOAD c:/program files (x86)/cypress/psoc creator/3.3/psoc creator/import/gnu/arm/4.9.3/bin/../lib/gcc/arm-none-eabi/4.9.3/armv7-m\libgcc.a
LOAD c:/program files (x86)/cypress/psoc creator/3.3/psoc creator/import/gnu/arm/4.9.3/bin/../lib/gcc/arm-none-eabi/4.9.3/../../../../arm-none-eabi/lib/armv7-m\libg_nano.a
LOAD c:/program files (x86)/cypress/psoc creator/3.3/psoc creator/import/gnu/arm/4.9.3/bin/../lib/gcc/arm-none-eabi/4.9.3/../../../../arm-none-eabi/lib/armv7-m\libc_nano.a
END GROUP
START GROUP
LOAD c:/program files (x86)/cypress/psoc creator/3.3/psoc creator/import/gnu/arm/4.9.3/bin/../lib/gcc/arm-none-eabi/4.9.3/armv7-m\libgcc.a
LOAD c:/program files (x86)/cypress/psoc creator/3.3/psoc creator/import/gnu/arm/4.9.3/bin/../lib/gcc/arm-none-eabi/4.9.3/../../../../arm-none-eabi/lib/armv7-m\libc_nano.a
END GROUP
LOAD c:/program files (x86)/cypress/psoc creator/3.3/psoc creator/import/gnu/arm/4.9.3/bin/../lib/gcc/arm-none-eabi/4.9.3/armv7-m/crtend.o
LOAD c:/program files (x86)/cypress/psoc creator/3.3/psoc creator/import/gnu/arm/4.9.3/bin/../lib/gcc/arm-none-eabi/4.9.3/armv7-m/crtn.o
START GROUP
LOAD c:/program files (x86)/cypress/psoc creator/3.3/psoc creator/import/gnu/arm/4.9.3/bin/../lib/gcc/arm-none-eabi/4.9.3/armv7-m\libgcc.a
LOAD c:/program files (x86)/cypress/psoc creator/3.3/psoc creator/import/gnu/arm/4.9.3/bin/../lib/gcc/arm-none-eabi/4.9.3/../../../../arm-none-eabi/lib/armv7-m\libc.a
LOAD c:/program files (x86)/cypress/psoc creator/3.3/psoc creator/import/gnu/arm/4.9.3/bin/../lib/gcc/arm-none-eabi/4.9.3/../../../../arm-none-eabi/lib/armv7-m\libnosys.a
END GROUP
                0x00000000                CY_APPL_ORIGIN = 0x0
                0x00000100                CY_FLASH_ROW_SIZE = 0x100
                0x00000020                CY_ECC_ROW_SIZE = 0x20
                0x00000000                CY_EE_IN_BTLDR = 0x0
                0x00000000                CY_APPL_LOADABLE = 0x0
                0x00000800                CY_EE_SIZE = 0x800
                0x00000001                CY_APPL_NUM = 0x1
                0x00000001                CY_APPL_MAX = 0x1
                0x00000040                CY_METADATA_SIZE = 0x40
                0x00000000                CY_APPL_LOADABLE = 0x0
                0x00000000                CY_CHECKSUM_EXCLUDE_SIZE = ALIGN (0x0, CY_FLASH_ROW_SIZE)
                0x1fff8178                PROVIDE (__cy_heap_start, _end)
                0x00000001                PROVIDE (__cy_region_num, ((__cy_regions_end - __cy_regions) / 0x10))
                0x20008000                PROVIDE (__cy_stack, (ORIGIN (ram) + 0x10000))
                0x20007800                PROVIDE (__cy_heap_end, (__cy_stack - 0x800))

.cybootloader   0x00000000        0x0
 *(.cybootloader)
                0x00000000                appl1_start = CY_APPL_ORIGIN?CY_APPL_ORIGIN:ALIGN (CY_FLASH_ROW_SIZE)
                0x0001ff00                appl2_start = (appl1_start + ALIGN ((((0x40000 - appl1_start) - (0x2 * CY_FLASH_ROW_SIZE)) / 0x2), CY_FLASH_ROW_SIZE))
                0x00000000                appl_start = (CY_APPL_NUM == 0x1)?appl1_start:appl2_start
                0x00000000                ecc_offset = ((appl_start / CY_FLASH_ROW_SIZE) * CY_ECC_ROW_SIZE)
                0x00000000                ee_offset = (CY_APPL_LOADABLE && ! (CY_EE_IN_BTLDR))?((CY_EE_SIZE / CY_APPL_MAX) * (CY_APPL_NUM - 0x1)):0x0
                0x00000800                ee_size = (CY_APPL_LOADABLE && ! (CY_EE_IN_BTLDR))?(CY_EE_SIZE / CY_APPL_MAX):CY_EE_SIZE
                0x00000000                PROVIDE (CY_ECC_OFFSET, ecc_offset)

.text           0x00000000     0x232a
 CREATE_OBJECT_SYMBOLS
                0x00000000                PROVIDE (__cy_interrupt_vector, RomVectors)
 *(.romvectors)
 .romvectors    0x00000000       0x10 .\CortexM3\ARM_GCC_493\Debug\Cm3Start.o
                0x00000000                RomVectors
                0x00000001                ASSERT ((. != __cy_interrupt_vector), No interrupt vector)
                0x00000001                ASSERT (CY_APPL_ORIGIN?(SIZEOF (.cybootloader) <= CY_APPL_ORIGIN):0x1, Wrong image location)
                0x00000010                PROVIDE (__cy_reset, Reset)
 *(.text.Reset)
 .text.Reset    0x00000010       0x18 .\CortexM3\ARM_GCC_493\Debug\Cm3Start.o
                0x00000010                Reset
                0x00000001                ASSERT ((. != __cy_reset), No reset code)
 *(.dma_init)
                0x00000001                ASSERT ((((appl_start + .) <= 0x10000) || 0x1), DMA Init must be within the first 64k of flash)
 *(.text .text.* .gnu.linkonce.t.*)
 .text          0x00000028       0x5c c:/program files (x86)/cypress/psoc creator/3.3/psoc creator/import/gnu/arm/4.9.3/bin/../lib/gcc/arm-none-eabi/4.9.3/armv7-m/crtbegin.o
 *fill*         0x00000084        0x4 
 .text.DacSet   0x00000088       0xe0 .\CortexM3\ARM_GCC_493\Debug\main.o
                0x00000088                DacSet
 .text.main     0x00000168       0x20 .\CortexM3\ARM_GCC_493\Debug\main.o
                0x00000168                main
 .text.IntDefaultHandler
                0x00000188        0x4 .\CortexM3\ARM_GCC_493\Debug\Cm3Start.o
                0x00000188                IntDefaultHandler
 .text.Start_c  0x0000018c       0x4c .\CortexM3\ARM_GCC_493\Debug\Cm3Start.o
                0x0000018c                Start_c
 .text.initialize_psoc
                0x000001d8       0x74 .\CortexM3\ARM_GCC_493\Debug\Cm3Start.o
                0x000001d8                initialize_psoc
 .text.CyClockStartupError
                0x0000024c        0x4 .\CortexM3\ARM_GCC_493\Debug\Design01.a(cyfitter_cfg.o)
 .text.cfg_write_bytes32
                0x00000250       0x34 .\CortexM3\ARM_GCC_493\Debug\Design01.a(cyfitter_cfg.o)
 .text.AnalogSetDefault
                0x00000284       0x38 .\CortexM3\ARM_GCC_493\Debug\Design01.a(cyfitter_cfg.o)
 .text.ClockSetup
                0x000002bc       0xb8 .\CortexM3\ARM_GCC_493\Debug\Design01.a(cyfitter_cfg.o)
 .text.CYMEMZERO
                0x00000374        0xc .\CortexM3\ARM_GCC_493\Debug\Design01.a(cyfitter_cfg.o)
 .text.CYCONFIGCPY
                0x00000380        0x8 .\CortexM3\ARM_GCC_493\Debug\Design01.a(cyfitter_cfg.o)
 .text.cyfitter_cfg
                0x00000388       0xe0 .\CortexM3\ARM_GCC_493\Debug\Design01.a(cyfitter_cfg.o)
                0x00000388                cyfitter_cfg
 .text.VDAC8_1_Enable
                0x00000468       0x1c .\CortexM3\ARM_GCC_493\Debug\Design01.a(VDAC8_1.o)
                0x00000468                VDAC8_1_Enable
 .text.VDAC8_1_SetSpeed
                0x00000484       0x1c .\CortexM3\ARM_GCC_493\Debug\Design01.a(VDAC8_1.o)
                0x00000484                VDAC8_1_SetSpeed
 .text.VDAC8_1_SetValue
                0x000004a0        0xc .\CortexM3\ARM_GCC_493\Debug\Design01.a(VDAC8_1.o)
                0x000004a0                VDAC8_1_SetValue
 .text.VDAC8_1_DacTrim
                0x000004ac       0x24 .\CortexM3\ARM_GCC_493\Debug\Design01.a(VDAC8_1.o)
                0x000004ac                VDAC8_1_DacTrim
 .text.VDAC8_1_SetRange
                0x000004d0       0x20 .\CortexM3\ARM_GCC_493\Debug\Design01.a(VDAC8_1.o)
                0x000004d0                VDAC8_1_SetRange
 .text.VDAC8_1_Init
                0x000004f0       0x20 .\CortexM3\ARM_GCC_493\Debug\Design01.a(VDAC8_1.o)
                0x000004f0                VDAC8_1_Init
 .text.VDAC8_1_Start
                0x00000510       0x24 .\CortexM3\ARM_GCC_493\Debug\Design01.a(VDAC8_1.o)
                0x00000510                VDAC8_1_Start
 *fill*         0x00000534        0x4 
 .text          0x00000538       0x20 .\CortexM3\ARM_GCC_493\Debug\Design01.a(CyBootAsmGnu.o)
                0x00000538                CyDelayCycles
                0x00000548                CyEnterCriticalSection
                0x00000550                CyExitCriticalSection
 .text.isr_1_SetVector
                0x00000558        0xc .\CortexM3\ARM_GCC_493\Debug\Design01.a(isr_1.o)
                0x00000558                isr_1_SetVector
 .text.isr_1_SetPriority
                0x00000564       0x10 .\CortexM3\ARM_GCC_493\Debug\Design01.a(isr_1.o)
                0x00000564                isr_1_SetPriority
 .text.isr_1_Enable
                0x00000574        0xc .\CortexM3\ARM_GCC_493\Debug\Design01.a(isr_1.o)
                0x00000574                isr_1_Enable
 .text.isr_1_Disable
                0x00000580        0xc .\CortexM3\ARM_GCC_493\Debug\Design01.a(isr_1.o)
                0x00000580                isr_1_Disable
 .text.isr_1_StartEx
                0x0000058c       0x1c .\CortexM3\ARM_GCC_493\Debug\Design01.a(isr_1.o)
                0x0000058c                isr_1_StartEx
 .text.sinf     0x000005a8       0x7c c:/program files (x86)/cypress/psoc creator/3.3/psoc creator/import/gnu/arm/4.9.3/bin/../lib/gcc/arm-none-eabi/4.9.3/../../../../arm-none-eabi/lib/armv7-m\libm.a(lib_a-sf_sin.o)
                0x000005a8                sinf
 .text.__ieee754_rem_pio2f
                0x00000624      0x2e4 c:/program files (x86)/cypress/psoc creator/3.3/psoc creator/import/gnu/arm/4.9.3/bin/../lib/gcc/arm-none-eabi/4.9.3/../../../../arm-none-eabi/lib/armv7-m\libm.a(lib_a-ef_rem_pio2.o)
                0x00000624                __ieee754_rem_pio2f
 .text.__kernel_cosf
                0x00000908      0x188 c:/program files (x86)/cypress/psoc creator/3.3/psoc creator/import/gnu/arm/4.9.3/bin/../lib/gcc/arm-none-eabi/4.9.3/../../../../arm-none-eabi/lib/armv7-m\libm.a(lib_a-kf_cos.o)
                0x00000908                __kernel_cosf
 .text.__kernel_rem_pio2f
                0x00000a90      0x674 c:/program files (x86)/cypress/psoc creator/3.3/psoc creator/import/gnu/arm/4.9.3/bin/../lib/gcc/arm-none-eabi/4.9.3/../../../../arm-none-eabi/lib/armv7-m\libm.a(lib_a-kf_rem_pio2.o)
                0x00000a90                __kernel_rem_pio2f
 .text.__kernel_sinf
                0x00001104       0xec c:/program files (x86)/cypress/psoc creator/3.3/psoc creator/import/gnu/arm/4.9.3/bin/../lib/gcc/arm-none-eabi/4.9.3/../../../../arm-none-eabi/lib/armv7-m\libm.a(lib_a-kf_sin.o)
                0x00001104                __kernel_sinf
 .text.fabsf    0x000011f0        0x8 c:/program files (x86)/cypress/psoc creator/3.3/psoc creator/import/gnu/arm/4.9.3/bin/../lib/gcc/arm-none-eabi/4.9.3/../../../../arm-none-eabi/lib/armv7-m\libm.a(lib_a-sf_fabs.o)
                0x000011f0                fabsf
 .text.floorf   0x000011f8       0x8c c:/program files (x86)/cypress/psoc creator/3.3/psoc creator/import/gnu/arm/4.9.3/bin/../lib/gcc/arm-none-eabi/4.9.3/../../../../arm-none-eabi/lib/armv7-m\libm.a(lib_a-sf_floor.o)
                0x000011f8                floorf
 .text.scalbnf  0x00001284       0xb0 c:/program files (x86)/cypress/psoc creator/3.3/psoc creator/import/gnu/arm/4.9.3/bin/../lib/gcc/arm-none-eabi/4.9.3/../../../../arm-none-eabi/lib/armv7-m\libm.a(lib_a-sf_scalbn.o)
                0x00001284                scalbnf
 .text.copysignf
                0x00001334        0xc c:/program files (x86)/cypress/psoc creator/3.3/psoc creator/import/gnu/arm/4.9.3/bin/../lib/gcc/arm-none-eabi/4.9.3/../../../../arm-none-eabi/lib/armv7-m\libm.a(lib_a-sf_copysign.o)
                0x00001334                copysignf
 .text          0x00001340      0x370 c:/program files (x86)/cypress/psoc creator/3.3/psoc creator/import/gnu/arm/4.9.3/bin/../lib/gcc/arm-none-eabi/4.9.3/armv7-m\libgcc.a(_arm_addsubdf3.o)
                0x00001340                __aeabi_drsub
                0x00001348                __aeabi_dsub
                0x00001348                __subdf3
                0x0000134c                __aeabi_dadd
                0x0000134c                __adddf3
                0x000015c4                __floatunsidf
                0x000015c4                __aeabi_ui2d
                0x000015e4                __floatsidf
                0x000015e4                __aeabi_i2d
                0x00001608                __aeabi_f2d
                0x00001608                __extendsfdf2
                0x00001644                __floatundidf
                0x00001644                __aeabi_ul2d
                0x00001654                __floatdidf
                0x00001654                __aeabi_l2d
 .text          0x000016b0      0x424 c:/program files (x86)/cypress/psoc creator/3.3/psoc creator/import/gnu/arm/4.9.3/bin/../lib/gcc/arm-none-eabi/4.9.3/armv7-m\libgcc.a(_arm_muldivdf3.o)
                0x000016b0                __aeabi_dmul
                0x000016b0                __muldf3
                0x00001904                __divdf3
                0x00001904                __aeabi_ddiv
 .text          0x00001ad4      0x110 c:/program files (x86)/cypress/psoc creator/3.3/psoc creator/import/gnu/arm/4.9.3/bin/../lib/gcc/arm-none-eabi/4.9.3/armv7-m\libgcc.a(_arm_cmpdf2.o)
                0x00001ad4                __gtdf2
                0x00001ad4                __gedf2
                0x00001adc                __ltdf2
                0x00001adc                __ledf2
                0x00001ae4                __nedf2
                0x00001ae4                __eqdf2
                0x00001ae4                __cmpdf2
                0x00001b60                __aeabi_cdrcmple
                0x00001b70                __aeabi_cdcmpeq
                0x00001b70                __aeabi_cdcmple
                0x00001b80                __aeabi_dcmpeq
                0x00001b94                __aeabi_dcmplt
                0x00001ba8                __aeabi_dcmple
                0x00001bbc                __aeabi_dcmpge
                0x00001bd0                __aeabi_dcmpgt
 .text          0x00001be4       0xa0 c:/program files (x86)/cypress/psoc creator/3.3/psoc creator/import/gnu/arm/4.9.3/bin/../lib/gcc/arm-none-eabi/4.9.3/armv7-m\libgcc.a(_arm_truncdfsf2.o)
                0x00001be4                __truncdfsf2
                0x00001be4                __aeabi_d2f
 .text          0x00001c84      0x21c c:/program files (x86)/cypress/psoc creator/3.3/psoc creator/import/gnu/arm/4.9.3/bin/../lib/gcc/arm-none-eabi/4.9.3/armv7-m\libgcc.a(_arm_addsubsf3.o)
                0x00001c84                __aeabi_frsub
                0x00001c8c                __subsf3
                0x00001c8c                __aeabi_fsub
                0x00001c90                __aeabi_fadd
                0x00001c90                __addsf3
                0x00001df0                __aeabi_ui2f
                0x00001df0                __floatunsisf
                0x00001df8                __aeabi_i2f
                0x00001df8                __floatsisf
                0x00001e14                __aeabi_ul2f
                0x00001e14                __floatundisf
                0x00001e24                __aeabi_l2f
                0x00001e24                __floatdisf
 .text          0x00001ea0      0x2a0 c:/program files (x86)/cypress/psoc creator/3.3/psoc creator/import/gnu/arm/4.9.3/bin/../lib/gcc/arm-none-eabi/4.9.3/armv7-m\libgcc.a(_arm_muldivsf3.o)
                0x00001ea0                __mulsf3
                0x00001ea0                __aeabi_fmul
                0x00002008                __aeabi_fdiv
                0x00002008                __divsf3
 .text          0x00002140       0xec c:/program files (x86)/cypress/psoc creator/3.3/psoc creator/import/gnu/arm/4.9.3/bin/../lib/gcc/arm-none-eabi/4.9.3/armv7-m\libgcc.a(_arm_cmpsf2.o)
                0x00002140                __gesf2
                0x00002140                __gtsf2
                0x00002148                __lesf2
                0x00002148                __ltsf2
                0x00002150                __nesf2
                0x00002150                __eqsf2
                0x00002150                __cmpsf2
                0x000021b0                __aeabi_cfrcmple
                0x000021b8                __aeabi_cfcmpeq
                0x000021b8                __aeabi_cfcmple
                0x000021c8                __aeabi_fcmpeq
                0x000021dc                __aeabi_fcmplt
                0x000021f0                __aeabi_fcmple
                0x00002204                __aeabi_fcmpge
                0x00002218                __aeabi_fcmpgt
 .text          0x0000222c       0x4c c:/program files (x86)/cypress/psoc creator/3.3/psoc creator/import/gnu/arm/4.9.3/bin/../lib/gcc/arm-none-eabi/4.9.3/armv7-m\libgcc.a(_arm_fixsfsi.o)
                0x0000222c                __aeabi_f2iz
                0x0000222c                __fixsfsi
 .text          0x00002278       0x40 c:/program files (x86)/cypress/psoc creator/3.3/psoc creator/import/gnu/arm/4.9.3/bin/../lib/gcc/arm-none-eabi/4.9.3/armv7-m\libgcc.a(_arm_fixunssfsi.o)
                0x00002278                __fixunssfsi
                0x00002278                __aeabi_f2uiz
 .text.__libc_init_array
                0x000022b8       0x4c c:/program files (x86)/cypress/psoc creator/3.3/psoc creator/import/gnu/arm/4.9.3/bin/../lib/gcc/arm-none-eabi/4.9.3/../../../../arm-none-eabi/lib/armv7-m\libg_nano.a(lib_a-init.o)
                0x000022b8                __libc_init_array
 .text.memcpy   0x00002304       0x16 c:/program files (x86)/cypress/psoc creator/3.3/psoc creator/import/gnu/arm/4.9.3/bin/../lib/gcc/arm-none-eabi/4.9.3/../../../../arm-none-eabi/lib/armv7-m\libg_nano.a(lib_a-memcpy.o)
                0x00002304                memcpy
 .text.memset   0x0000231a       0x10 c:/program files (x86)/cypress/psoc creator/3.3/psoc creator/import/gnu/arm/4.9.3/bin/../lib/gcc/arm-none-eabi/4.9.3/../../../../arm-none-eabi/lib/armv7-m\libg_nano.a(lib_a-memset.o)
                0x0000231a                memset
 *(.plt)
 *(.gnu.warning)
 *(.glue_7t)
 .glue_7t       0x00000000        0x0 linker stubs
 *(.glue_7)
 .glue_7        0x00000000        0x0 linker stubs
 *(.vfp11_veneer)
 .vfp11_veneer  0x00000000        0x0 linker stubs
 *(.bootloader)
 *(.ARM.extab* .gnu.linkonce.armextab.*)
 *(.gcc_except_table)

.v4_bx          0x0000232c        0x0
 .v4_bx         0x00000000        0x0 linker stubs

.iplt           0x0000232c        0x0
 .iplt          0x00000000        0x0 c:/program files (x86)/cypress/psoc creator/3.3/psoc creator/import/gnu/arm/4.9.3/bin/../lib/gcc/arm-none-eabi/4.9.3/armv7-m/crtbegin.o

.eh_frame_hdr
 *(.eh_frame_hdr)

.eh_frame       0x0000232c        0x4
 *(.eh_frame)
 .eh_frame      0x0000232c        0x0 c:/program files (x86)/cypress/psoc creator/3.3/psoc creator/import/gnu/arm/4.9.3/bin/../lib/gcc/arm-none-eabi/4.9.3/armv7-m/crtbegin.o
 .eh_frame      0x0000232c        0x4 c:/program files (x86)/cypress/psoc creator/3.3/psoc creator/import/gnu/arm/4.9.3/bin/../lib/gcc/arm-none-eabi/4.9.3/armv7-m/crtend.o
                0x00002330                PROVIDE (__exidx_start, .)

.ARM.exidx
 *(.ARM.exidx* .gnu.linkonce.armexidx.*)
                0x00002330                __exidx_end = .

.rodata         0x00002330      0x440
 *(.rodata .rodata.* .gnu.linkonce.r.*)
 .rodata        0x00002330       0x38 .\CortexM3\ARM_GCC_493\Debug\Design01.a(cyfitter_cfg.o)
 .rodata.npio2_hw
                0x00002368       0x80 c:/program files (x86)/cypress/psoc creator/3.3/psoc creator/import/gnu/arm/4.9.3/bin/../lib/gcc/arm-none-eabi/4.9.3/../../../../arm-none-eabi/lib/armv7-m\libm.a(lib_a-ef_rem_pio2.o)
 .rodata.two_over_pi
                0x000023e8      0x318 c:/program files (x86)/cypress/psoc creator/3.3/psoc creator/import/gnu/arm/4.9.3/bin/../lib/gcc/arm-none-eabi/4.9.3/../../../../arm-none-eabi/lib/armv7-m\libm.a(lib_a-ef_rem_pio2.o)
 .rodata.init_jk
                0x00002700        0xc c:/program files (x86)/cypress/psoc creator/3.3/psoc creator/import/gnu/arm/4.9.3/bin/../lib/gcc/arm-none-eabi/4.9.3/../../../../arm-none-eabi/lib/armv7-m\libm.a(lib_a-kf_rem_pio2.o)
 .rodata.PIo2   0x0000270c       0x2c c:/program files (x86)/cypress/psoc creator/3.3/psoc creator/import/gnu/arm/4.9.3/bin/../lib/gcc/arm-none-eabi/4.9.3/../../../../arm-none-eabi/lib/armv7-m\libm.a(lib_a-kf_rem_pio2.o)
                0x00002738                . = ALIGN (0x4)
 *(.init)
 .init          0x00002738        0x4 c:/program files (x86)/cypress/psoc creator/3.3/psoc creator/import/gnu/arm/4.9.3/bin/../lib/gcc/arm-none-eabi/4.9.3/armv7-m/crti.o
                0x00002738                _init
 .init          0x0000273c        0x8 c:/program files (x86)/cypress/psoc creator/3.3/psoc creator/import/gnu/arm/4.9.3/bin/../lib/gcc/arm-none-eabi/4.9.3/armv7-m/crtn.o
                0x00002744                . = ALIGN (0x4)
                0x00002744                __preinit_array_start = .
 *(.preinit_array)
                0x00002744                __preinit_array_end = .
                0x00002744                . = ALIGN (0x4)
                0x00002744                __init_array_start = .
 *(SORT(.init_array.*))
 *(.init_array)
 .init_array    0x00002744        0x4 c:/program files (x86)/cypress/psoc creator/3.3/psoc creator/import/gnu/arm/4.9.3/bin/../lib/gcc/arm-none-eabi/4.9.3/armv7-m/crtbegin.o
 .init_array    0x00002748        0x4 .\CortexM3\ARM_GCC_493\Debug\Cm3Start.o
                0x0000274c                __init_array_end = .
                0x0000274c                . = ALIGN (0x4)
 *(.fini)
 .fini          0x0000274c        0x4 c:/program files (x86)/cypress/psoc creator/3.3/psoc creator/import/gnu/arm/4.9.3/bin/../lib/gcc/arm-none-eabi/4.9.3/armv7-m/crti.o
                0x0000274c                _fini
 .fini          0x00002750        0x8 c:/program files (x86)/cypress/psoc creator/3.3/psoc creator/import/gnu/arm/4.9.3/bin/../lib/gcc/arm-none-eabi/4.9.3/armv7-m/crtn.o
                0x00002758                . = ALIGN (0x4)
                0x00002758                __fini_array_start = .
 *(.fini_array)
 .fini_array    0x00002758        0x4 c:/program files (x86)/cypress/psoc creator/3.3/psoc creator/import/gnu/arm/4.9.3/bin/../lib/gcc/arm-none-eabi/4.9.3/armv7-m/crtbegin.o
 *(SORT(.fini_array.*))
                0x0000275c                __fini_array_end = .
                0x0000275c                . = ALIGN (0x4)
 *crtbegin.o(.ctors)
 *(EXCLUDE_FILE(*crtend.o) .ctors)
 *(SORT(.ctors.*))
 *crtend.o(.ctors)
                0x0000275c                . = ALIGN (0x4)
 *crtbegin.o(.dtors)
 *(EXCLUDE_FILE(*crtend.o) .dtors)
 *(SORT(.dtors.*))
 *crtend.o(.dtors)
                0x0000275c                . = ALIGN (0x4)
                0x0000275c                __cy_regions = .
                0x0000275c        0x4 LONG 0x2770 __cy_region_init_ram
                0x00002760        0x4 LONG 0x1fff8108 __cy_region_start_data
                0x00002764        0x4 LONG 0x40 __cy_region_init_size_ram
                0x00002768        0x4 LONG 0x30 __cy_region_zero_size_ram
                0x0000276c                __cy_regions_end = .
                0x00002770                . = ALIGN (0x8)
 *fill*         0x0000276c        0x4 
                0x00002770                _etext = .

.cy_checksum_exclude
                0x00002770        0x0
 *(.cy_checksum_exclude)

.ramvectors     0x1fff8000      0x100
                0x1fff8000                __cy_region_start_ram = .
 *(.ramvectors)
 .ramvectors    0x1fff8000      0x100 .\CortexM3\ARM_GCC_493\Debug\Cm3Start.o
                0x1fff8000                CyRamVectors

.noinit         0x1fff8100        0x5
 *(.noinit)
 .noinit        0x1fff8100        0x4 .\CortexM3\ARM_GCC_493\Debug\Cm3Start.o
 .noinit        0x1fff8104        0x1 .\CortexM3\ARM_GCC_493\Debug\Design01.a(CyLib.o)
                0x1fff8104                CyResetStatus

.data           0x1fff8108       0x40 load address 0x00002770
                0x1fff8108                __cy_region_start_data = .
 *(.jcr)
 .jcr           0x1fff8108        0x0 c:/program files (x86)/cypress/psoc creator/3.3/psoc creator/import/gnu/arm/4.9.3/bin/../lib/gcc/arm-none-eabi/4.9.3/armv7-m/crtbegin.o
 .jcr           0x1fff8108        0x4 c:/program files (x86)/cypress/psoc creator/3.3/psoc creator/import/gnu/arm/4.9.3/bin/../lib/gcc/arm-none-eabi/4.9.3/armv7-m/crtend.o
 *(.got.plt)
 *(.got)
 *(.shdata)
 *(.data .data.* .gnu.linkonce.d.*)
 .data          0x1fff810c       0x38 .\CortexM3\ARM_GCC_493\Debug\main.o
                0x1fff810c                frequencies
                0x1fff8140                frequency
                0x1fff8148                . = ALIGN (0x8)
 *fill*         0x1fff8144        0x4 
 *(.ram)
                0x1fff8148                _edata = .

.igot.plt       0x1fff8148        0x0 load address 0x000027b0
 .igot.plt      0x00000000        0x0 c:/program files (x86)/cypress/psoc creator/3.3/psoc creator/import/gnu/arm/4.9.3/bin/../lib/gcc/arm-none-eabi/4.9.3/armv7-m/crtbegin.o

.bss            0x1fff8148       0x30 load address 0x000027b0
                0x1fff8148                PROVIDE (__bss_start__, .)
 *(.shbss)
 *(.bss .bss.* .gnu.linkonce.b.*)
 .bss           0x1fff8148       0x1c c:/program files (x86)/cypress/psoc creator/3.3/psoc creator/import/gnu/arm/4.9.3/bin/../lib/gcc/arm-none-eabi/4.9.3/armv7-m/crtbegin.o
 .bss           0x1fff8164       0x10 .\CortexM3\ARM_GCC_493\Debug\main.o
                0x1fff8164                EnableOutput
                0x1fff8168                tone
                0x1fff816c                theta
                0x1fff8170                DacCode
                0x1fff8171                UpDown
 .bss           0x1fff8174        0x1 .\CortexM3\ARM_GCC_493\Debug\Design01.a(VDAC8_1.o)
                0x1fff8174                VDAC8_1_initVar
 *(COMMON)
                0x1fff8178                . = ALIGN (0x8)
 *fill*         0x1fff8175        0x3 
 *(.ram.b)
                0x1fff8178                _end = .
                0x1fff8178                __end = .
                0x1fff8178                PROVIDE (end, .)
                0x1fff8178                PROVIDE (__bss_end__, .)
                0x00002770                __cy_region_init_ram = LOADADDR (.data)
                0x00000040                __cy_region_init_size_ram = (_edata - ADDR (.data))
                0x00000030                __cy_region_zero_size_ram = (_end - _edata)

.heap           0x1fff8178       0x80 load address 0x000027b0
                0x1fff8178                . = _end
                0x1fff81f8                . = (. + 0x80)
 *fill*         0x1fff8178       0x80 
                0x1fff81f8                __cy_heap_limit = .

.stack          0x20007800      0x800
                0x20007800                __cy_stack_limit = .
                0x20008000                . = (. + 0x800)
 *fill*         0x20007800      0x800 
                0x00000001                ASSERT ((__cy_stack_limit >= __cy_heap_limit), region RAM overflowed with stack)
                0x00000000                cy_checksum_exclude_size = (CY_APPL_LOADABLE == 0x1)?SIZEOF (.cy_checksum_exclude):0x0
                0x00000001                ASSERT ((cy_checksum_exclude_size <= CY_CHECKSUM_EXCLUDE_SIZE), CY_BOOT: Section .cy_checksum_exclude size exceedes specified limit.)

.cyloadermeta
 *(.cyloadermeta)

.cyloadablemeta
 *(.cyloadablemeta)

.cyconfigecc    0x80000000       0x7c
 *(.cyconfigecc)
 .cyconfigecc   0x80000000       0x7c .\CortexM3\ARM_GCC_493\Debug\cymetadata.o
                0x80000000                cy_meta_configecc

.cycustnvl      0x90000000        0x4
 *(.cycustnvl)
 .cycustnvl     0x90000000        0x4 .\CortexM3\ARM_GCC_493\Debug\cymetadata.o
                0x90000000                cy_meta_custnvl

.cywolatch      0x90100000        0x4
 *(.cywolatch)
 .cywolatch     0x90100000        0x4 .\CortexM3\ARM_GCC_493\Debug\cymetadata.o
                0x90100000                cy_meta_wonvl

.cyeeprom       0x90200000        0x0
 *(.cyeeprom)
                0x00000001                ASSERT ((. <= ((0x90200000 + ee_offset) + ee_size)), .cyeeprom data will not fit in EEPROM)

.cyflashprotect
                0x90400000      0x100
 *(.cyflashprotect)
 .cyflashprotect
                0x90400000      0x100 .\CortexM3\ARM_GCC_493\Debug\cymetadata.o
                0x90400000                cy_meta_flashprotect

.cymeta         0x90500000        0xc
 *(.cymeta)
 .cymeta        0x90500000        0xc .\CortexM3\ARM_GCC_493\Debug\cymetadata.o
                0x90500000                cy_metadata

.rel.dyn        0x000027b0        0x0 load address 0x9050000c
 .rel.iplt      0x00000000        0x0 c:/program files (x86)/cypress/psoc creator/3.3/psoc creator/import/gnu/arm/4.9.3/bin/../lib/gcc/arm-none-eabi/4.9.3/armv7-m/crtbegin.o

.stab
 *(.stab)

.stabstr
 *(.stabstr)

.debug
 *(.debug)

.line
 *(.line)

.debug_srcinfo
 *(.debug_srcinfo)

.debug_sfnames
 *(.debug_sfnames)

.debug_aranges  0x00000000      0x600
 *(.debug_aranges)
 .debug_aranges
                0x00000000       0x28 .\CortexM3\ARM_GCC_493\Debug\main.o
 .debug_aranges
                0x00000028       0x18 .\CortexM3\ARM_GCC_493\Debug\cymetadata.o
 .debug_aranges
                0x00000040       0x48 .\CortexM3\ARM_GCC_493\Debug\Cm3Start.o
 .debug_aranges
                0x00000088       0x58 .\CortexM3\ARM_GCC_493\Debug\Design01.a(cyfitter_cfg.o)
 .debug_aranges
                0x000000e0       0x58 .\CortexM3\ARM_GCC_493\Debug\Design01.a(VDAC8_1.o)
 .debug_aranges
                0x00000138       0x20 .\CortexM3\ARM_GCC_493\Debug\Design01.a(CyBootAsmGnu.o)
 .debug_aranges
                0x00000158      0x298 .\CortexM3\ARM_GCC_493\Debug\Design01.a(CyLib.o)
 .debug_aranges
                0x000003f0       0x98 .\CortexM3\ARM_GCC_493\Debug\Design01.a(cyPm.o)
 .debug_aranges
                0x00000488       0x80 .\CortexM3\ARM_GCC_493\Debug\Design01.a(isr_1.o)
 .debug_aranges
                0x00000508       0x80 .\CortexM3\ARM_GCC_493\Debug\Design01.a(CyFlash.o)
 .debug_aranges
                0x00000588       0x78 .\CortexM3\ARM_GCC_493\Debug\Design01.a(CySpc.o)

.debug_pubnames
 *(.debug_pubnames)

.debug_info     0x00000000     0x39a9
 *(.debug_info .gnu.linkonce.wi.*)
 .debug_info    0x00000000      0x20b .\CortexM3\ARM_GCC_493\Debug\main.o
 .debug_info    0x0000020b      0x13a .\CortexM3\ARM_GCC_493\Debug\cymetadata.o
 .debug_info    0x00000345      0x39f .\CortexM3\ARM_GCC_493\Debug\Cm3Start.o
 .debug_info    0x000006e4      0x4d3 .\CortexM3\ARM_GCC_493\Debug\Design01.a(cyfitter_cfg.o)
 .debug_info    0x00000bb7      0x1de .\CortexM3\ARM_GCC_493\Debug\Design01.a(VDAC8_1.o)
 .debug_info    0x00000d95       0x91 .\CortexM3\ARM_GCC_493\Debug\Design01.a(CyBootAsmGnu.o)
 .debug_info    0x00000e26     0x136f .\CortexM3\ARM_GCC_493\Debug\Design01.a(CyLib.o)
 .debug_info    0x00002195      0xa57 .\CortexM3\ARM_GCC_493\Debug\Design01.a(cyPm.o)
 .debug_info    0x00002bec      0x2cb .\CortexM3\ARM_GCC_493\Debug\Design01.a(isr_1.o)
 .debug_info    0x00002eb7      0x608 .\CortexM3\ARM_GCC_493\Debug\Design01.a(CyFlash.o)
 .debug_info    0x000034bf      0x4ea .\CortexM3\ARM_GCC_493\Debug\Design01.a(CySpc.o)

.debug_abbrev   0x00000000     0x1045
 *(.debug_abbrev)
 .debug_abbrev  0x00000000      0x136 .\CortexM3\ARM_GCC_493\Debug\main.o
 .debug_abbrev  0x00000136       0x5d .\CortexM3\ARM_GCC_493\Debug\cymetadata.o
 .debug_abbrev  0x00000193      0x200 .\CortexM3\ARM_GCC_493\Debug\Cm3Start.o
 .debug_abbrev  0x00000393      0x203 .\CortexM3\ARM_GCC_493\Debug\Design01.a(cyfitter_cfg.o)
 .debug_abbrev  0x00000596       0xf7 .\CortexM3\ARM_GCC_493\Debug\Design01.a(VDAC8_1.o)
 .debug_abbrev  0x0000068d       0x14 .\CortexM3\ARM_GCC_493\Debug\Design01.a(CyBootAsmGnu.o)
 .debug_abbrev  0x000006a1      0x296 .\CortexM3\ARM_GCC_493\Debug\Design01.a(CyLib.o)
 .debug_abbrev  0x00000937      0x1ed .\CortexM3\ARM_GCC_493\Debug\Design01.a(cyPm.o)
 .debug_abbrev  0x00000b24      0x173 .\CortexM3\ARM_GCC_493\Debug\Design01.a(isr_1.o)
 .debug_abbrev  0x00000c97      0x1ed .\CortexM3\ARM_GCC_493\Debug\Design01.a(CyFlash.o)
 .debug_abbrev  0x00000e84      0x1c1 .\CortexM3\ARM_GCC_493\Debug\Design01.a(CySpc.o)

.debug_line     0x00000000     0x185f
 *(.debug_line)
 .debug_line    0x00000000      0x1b6 .\CortexM3\ARM_GCC_493\Debug\main.o
 .debug_line    0x000001b6       0x53 .\CortexM3\ARM_GCC_493\Debug\cymetadata.o
 .debug_line    0x00000209      0x249 .\CortexM3\ARM_GCC_493\Debug\Cm3Start.o
 .debug_line    0x00000452      0x1de .\CortexM3\ARM_GCC_493\Debug\Design01.a(cyfitter_cfg.o)
 .debug_line    0x00000630       0xe6 .\CortexM3\ARM_GCC_493\Debug\Design01.a(VDAC8_1.o)
 .debug_line    0x00000716       0x68 .\CortexM3\ARM_GCC_493\Debug\Design01.a(CyBootAsmGnu.o)
 .debug_line    0x0000077e      0x806 .\CortexM3\ARM_GCC_493\Debug\Design01.a(CyLib.o)
 .debug_line    0x00000f84      0x366 .\CortexM3\ARM_GCC_493\Debug\Design01.a(cyPm.o)
 .debug_line    0x000012ea      0x14b .\CortexM3\ARM_GCC_493\Debug\Design01.a(isr_1.o)
 .debug_line    0x00001435      0x1ec .\CortexM3\ARM_GCC_493\Debug\Design01.a(CyFlash.o)
 .debug_line    0x00001621      0x23e .\CortexM3\ARM_GCC_493\Debug\Design01.a(CySpc.o)

.debug_frame    0x00000000     0x121c
 *(.debug_frame)
 .debug_frame   0x00000000       0x58 .\CortexM3\ARM_GCC_493\Debug\main.o
 .debug_frame   0x00000058       0xac .\CortexM3\ARM_GCC_493\Debug\Cm3Start.o
 .debug_frame   0x00000104       0xe0 .\CortexM3\ARM_GCC_493\Debug\Design01.a(cyfitter_cfg.o)
 .debug_frame   0x000001e4       0xb4 .\CortexM3\ARM_GCC_493\Debug\Design01.a(VDAC8_1.o)
 .debug_frame   0x00000298      0x728 .\CortexM3\ARM_GCC_493\Debug\Design01.a(CyLib.o)
 .debug_frame   0x000009c0      0x1f8 .\CortexM3\ARM_GCC_493\Debug\Design01.a(cyPm.o)
 .debug_frame   0x00000bb8      0x104 .\CortexM3\ARM_GCC_493\Debug\Design01.a(isr_1.o)
 .debug_frame   0x00000cbc      0x174 .\CortexM3\ARM_GCC_493\Debug\Design01.a(CyFlash.o)
 .debug_frame   0x00000e30      0x160 .\CortexM3\ARM_GCC_493\Debug\Design01.a(CySpc.o)
 .debug_frame   0x00000f90       0x34 c:/program files (x86)/cypress/psoc creator/3.3/psoc creator/import/gnu/arm/4.9.3/bin/../lib/gcc/arm-none-eabi/4.9.3/../../../../arm-none-eabi/lib/armv7-m\libm.a(lib_a-sf_sin.o)
 .debug_frame   0x00000fc4       0x48 c:/program files (x86)/cypress/psoc creator/3.3/psoc creator/import/gnu/arm/4.9.3/bin/../lib/gcc/arm-none-eabi/4.9.3/../../../../arm-none-eabi/lib/armv7-m\libm.a(lib_a-ef_rem_pio2.o)
 .debug_frame   0x0000100c       0x34 c:/program files (x86)/cypress/psoc creator/3.3/psoc creator/import/gnu/arm/4.9.3/bin/../lib/gcc/arm-none-eabi/4.9.3/../../../../arm-none-eabi/lib/armv7-m\libm.a(lib_a-kf_cos.o)
 .debug_frame   0x00001040       0x50 c:/program files (x86)/cypress/psoc creator/3.3/psoc creator/import/gnu/arm/4.9.3/bin/../lib/gcc/arm-none-eabi/4.9.3/../../../../arm-none-eabi/lib/armv7-m\libm.a(lib_a-kf_rem_pio2.o)
 .debug_frame   0x00001090       0x34 c:/program files (x86)/cypress/psoc creator/3.3/psoc creator/import/gnu/arm/4.9.3/bin/../lib/gcc/arm-none-eabi/4.9.3/../../../../arm-none-eabi/lib/armv7-m\libm.a(lib_a-kf_sin.o)
 .debug_frame   0x000010c4       0x20 c:/program files (x86)/cypress/psoc creator/3.3/psoc creator/import/gnu/arm/4.9.3/bin/../lib/gcc/arm-none-eabi/4.9.3/../../../../arm-none-eabi/lib/armv7-m\libm.a(lib_a-sf_fabs.o)
 .debug_frame   0x000010e4       0x30 c:/program files (x86)/cypress/psoc creator/3.3/psoc creator/import/gnu/arm/4.9.3/bin/../lib/gcc/arm-none-eabi/4.9.3/../../../../arm-none-eabi/lib/armv7-m\libm.a(lib_a-sf_floor.o)
 .debug_frame   0x00001114       0x2c c:/program files (x86)/cypress/psoc creator/3.3/psoc creator/import/gnu/arm/4.9.3/bin/../lib/gcc/arm-none-eabi/4.9.3/../../../../arm-none-eabi/lib/armv7-m\libm.a(lib_a-sf_scalbn.o)
 .debug_frame   0x00001140       0x20 c:/program files (x86)/cypress/psoc creator/3.3/psoc creator/import/gnu/arm/4.9.3/bin/../lib/gcc/arm-none-eabi/4.9.3/../../../../arm-none-eabi/lib/armv7-m\libm.a(lib_a-sf_copysign.o)
 .debug_frame   0x00001160       0x20 c:/program files (x86)/cypress/psoc creator/3.3/psoc creator/import/gnu/arm/4.9.3/bin/../lib/gcc/arm-none-eabi/4.9.3/../../../../arm-none-eabi/lib/armv7-m\libg_nano.a(lib_a-errno.o)
 .debug_frame   0x00001180       0x28 c:/program files (x86)/cypress/psoc creator/3.3/psoc creator/import/gnu/arm/4.9.3/bin/../lib/gcc/arm-none-eabi/4.9.3/../../../../arm-none-eabi/lib/armv7-m\libg_nano.a(lib_a-exit.o)
 .debug_frame   0x000011a8       0x2c c:/program files (x86)/cypress/psoc creator/3.3/psoc creator/import/gnu/arm/4.9.3/bin/../lib/gcc/arm-none-eabi/4.9.3/../../../../arm-none-eabi/lib/armv7-m\libg_nano.a(lib_a-init.o)
 .debug_frame   0x000011d4       0x28 c:/program files (x86)/cypress/psoc creator/3.3/psoc creator/import/gnu/arm/4.9.3/bin/../lib/gcc/arm-none-eabi/4.9.3/../../../../arm-none-eabi/lib/armv7-m\libg_nano.a(lib_a-memcpy.o)
 .debug_frame   0x000011fc       0x20 c:/program files (x86)/cypress/psoc creator/3.3/psoc creator/import/gnu/arm/4.9.3/bin/../lib/gcc/arm-none-eabi/4.9.3/../../../../arm-none-eabi/lib/armv7-m\libg_nano.a(lib_a-memset.o)

.debug_str      0x00000000     0x147e
 *(.debug_str)
 .debug_str     0x00000000      0x1f2 .\CortexM3\ARM_GCC_493\Debug\main.o
                                0x242 (size before relaxing)
 .debug_str     0x000001f2       0x77 .\CortexM3\ARM_GCC_493\Debug\cymetadata.o
                                0x1eb (size before relaxing)
 .debug_str     0x00000269      0x15f .\CortexM3\ARM_GCC_493\Debug\Cm3Start.o
                                0x2ff (size before relaxing)
 .debug_str     0x000003c8      0x15d .\CortexM3\ARM_GCC_493\Debug\Design01.a(cyfitter_cfg.o)
                                0x304 (size before relaxing)
 .debug_str     0x00000525       0x9f .\CortexM3\ARM_GCC_493\Debug\Design01.a(VDAC8_1.o)
                                0x234 (size before relaxing)
 .debug_str     0x000005c4      0x839 .\CortexM3\ARM_GCC_493\Debug\Design01.a(CyLib.o)
                                0xa24 (size before relaxing)
 .debug_str     0x00000dfd      0x35b .\CortexM3\ARM_GCC_493\Debug\Design01.a(cyPm.o)
                                0x71c (size before relaxing)
 .debug_str     0x00001158       0xda .\CortexM3\ARM_GCC_493\Debug\Design01.a(isr_1.o)
                                0x29b (size before relaxing)
 .debug_str     0x00001232      0x19e .\CortexM3\ARM_GCC_493\Debug\Design01.a(CyFlash.o)
                                0x396 (size before relaxing)
 .debug_str     0x000013d0       0xae .\CortexM3\ARM_GCC_493\Debug\Design01.a(CySpc.o)
                                0x31f (size before relaxing)

.debug_loc      0x00000000     0x192c
 *(.debug_loc)
 .debug_loc     0x00000000      0x144 .\CortexM3\ARM_GCC_493\Debug\Cm3Start.o
 .debug_loc     0x00000144      0x1d7 .\CortexM3\ARM_GCC_493\Debug\Design01.a(cyfitter_cfg.o)
 .debug_loc     0x0000031b       0x79 .\CortexM3\ARM_GCC_493\Debug\Design01.a(VDAC8_1.o)
 .debug_loc     0x00000394      0xa11 .\CortexM3\ARM_GCC_493\Debug\Design01.a(CyLib.o)
 .debug_loc     0x00000da5      0x1e4 .\CortexM3\ARM_GCC_493\Debug\Design01.a(cyPm.o)
 .debug_loc     0x00000f89       0x56 .\CortexM3\ARM_GCC_493\Debug\Design01.a(isr_1.o)
 .debug_loc     0x00000fdf      0x300 .\CortexM3\ARM_GCC_493\Debug\Design01.a(CyFlash.o)
 .debug_loc     0x000012df      0x64d .\CortexM3\ARM_GCC_493\Debug\Design01.a(CySpc.o)

.debug_macinfo
 *(.debug_macinfo)

.debug_ranges   0x00000000      0x538
 *(.debug_ranges)
 .debug_ranges  0x00000000       0x18 .\CortexM3\ARM_GCC_493\Debug\main.o
 .debug_ranges  0x00000018       0x38 .\CortexM3\ARM_GCC_493\Debug\Cm3Start.o
 .debug_ranges  0x00000050       0x48 .\CortexM3\ARM_GCC_493\Debug\Design01.a(cyfitter_cfg.o)
 .debug_ranges  0x00000098       0x48 .\CortexM3\ARM_GCC_493\Debug\Design01.a(VDAC8_1.o)
 .debug_ranges  0x000000e0      0x288 .\CortexM3\ARM_GCC_493\Debug\Design01.a(CyLib.o)
 .debug_ranges  0x00000368       0x88 .\CortexM3\ARM_GCC_493\Debug\Design01.a(cyPm.o)
 .debug_ranges  0x000003f0       0x70 .\CortexM3\ARM_GCC_493\Debug\Design01.a(isr_1.o)
 .debug_ranges  0x00000460       0x70 .\CortexM3\ARM_GCC_493\Debug\Design01.a(CyFlash.o)
 .debug_ranges  0x000004d0       0x68 .\CortexM3\ARM_GCC_493\Debug\Design01.a(CySpc.o)

.comment        0x00000000       0x70
 .comment       0x00000000       0x70 .\CortexM3\ARM_GCC_493\Debug\main.o
                                 0x71 (size before relaxing)
 .comment       0x00000000       0x71 .\CortexM3\ARM_GCC_493\Debug\cymetadata.o
 .comment       0x00000000       0x71 .\CortexM3\ARM_GCC_493\Debug\Cm3Start.o
 .comment       0x00000000       0x71 .\CortexM3\ARM_GCC_493\Debug\Design01.a(cyfitter_cfg.o)
 .comment       0x00000000       0x71 .\CortexM3\ARM_GCC_493\Debug\Design01.a(VDAC8_1.o)
 .comment       0x00000000       0x71 .\CortexM3\ARM_GCC_493\Debug\Design01.a(CyLib.o)
 .comment       0x00000000       0x71 .\CortexM3\ARM_GCC_493\Debug\Design01.a(cyPm.o)
 .comment       0x00000000       0x71 .\CortexM3\ARM_GCC_493\Debug\Design01.a(isr_1.o)
 .comment       0x00000000       0x71 .\CortexM3\ARM_GCC_493\Debug\Design01.a(CyFlash.o)
 .comment       0x00000000       0x71 .\CortexM3\ARM_GCC_493\Debug\Design01.a(CySpc.o)

.debug_weaknames
 *(.debug_weaknames)

.debug_funcnames
 *(.debug_funcnames)

.debug_typenames
 *(.debug_typenames)

.debug_varnames
 *(.debug_varnames)

.note.gnu.arm.ident
 *(.note.gnu.arm.ident)

.ARM.attributes
                0x00000000       0x29
 *(.ARM.attributes)
 .ARM.attributes
                0x00000000       0x1d c:/program files (x86)/cypress/psoc creator/3.3/psoc creator/import/gnu/arm/4.9.3/bin/../lib/gcc/arm-none-eabi/4.9.3/armv7-m/crti.o
 .ARM.attributes
                0x0000001d       0x2d c:/program files (x86)/cypress/psoc creator/3.3/psoc creator/import/gnu/arm/4.9.3/bin/../lib/gcc/arm-none-eabi/4.9.3/armv7-m/crtbegin.o
 .ARM.attributes
                0x0000004a       0x1b c:/program files (x86)/cypress/psoc creator/3.3/psoc creator/import/gnu/arm/4.9.3/bin/../lib/gcc/arm-none-eabi/4.9.3/../../../../arm-none-eabi/lib/armv7-m/crt0.o
 .ARM.attributes
                0x00000065       0x33 .\CortexM3\ARM_GCC_493\Debug\main.o
 .ARM.attributes
                0x00000098       0x33 .\CortexM3\ARM_GCC_493\Debug\cymetadata.o
 .ARM.attributes
                0x000000cb       0x33 .\CortexM3\ARM_GCC_493\Debug\Cm3Start.o
 .ARM.attributes
                0x000000fe       0x33 .\CortexM3\ARM_GCC_493\Debug\Design01.a(cyfitter_cfg.o)
 .ARM.attributes
                0x00000131       0x33 .\CortexM3\ARM_GCC_493\Debug\Design01.a(VDAC8_1.o)
 .ARM.attributes
                0x00000164       0x21 .\CortexM3\ARM_GCC_493\Debug\Design01.a(CyBootAsmGnu.o)
 .ARM.attributes
                0x00000185       0x33 .\CortexM3\ARM_GCC_493\Debug\Design01.a(CyLib.o)
 .ARM.attributes
                0x000001b8       0x33 .\CortexM3\ARM_GCC_493\Debug\Design01.a(cyPm.o)
 .ARM.attributes
                0x000001eb       0x33 .\CortexM3\ARM_GCC_493\Debug\Design01.a(isr_1.o)
 .ARM.attributes
                0x0000021e       0x33 .\CortexM3\ARM_GCC_493\Debug\Design01.a(CyFlash.o)
 .ARM.attributes
                0x00000251       0x33 .\CortexM3\ARM_GCC_493\Debug\Design01.a(CySpc.o)
 .ARM.attributes
                0x00000284       0x2d c:/program files (x86)/cypress/psoc creator/3.3/psoc creator/import/gnu/arm/4.9.3/bin/../lib/gcc/arm-none-eabi/4.9.3/../../../../arm-none-eabi/lib/armv7-m\libm.a(lib_a-sf_sin.o)
 .ARM.attributes
                0x000002b1       0x2d c:/program files (x86)/cypress/psoc creator/3.3/psoc creator/import/gnu/arm/4.9.3/bin/../lib/gcc/arm-none-eabi/4.9.3/../../../../arm-none-eabi/lib/armv7-m\libm.a(lib_a-ef_rem_pio2.o)
 .ARM.attributes
                0x000002de       0x2d c:/program files (x86)/cypress/psoc creator/3.3/psoc creator/import/gnu/arm/4.9.3/bin/../lib/gcc/arm-none-eabi/4.9.3/../../../../arm-none-eabi/lib/armv7-m\libm.a(lib_a-kf_cos.o)
 .ARM.attributes
                0x0000030b       0x2d c:/program files (x86)/cypress/psoc creator/3.3/psoc creator/import/gnu/arm/4.9.3/bin/../lib/gcc/arm-none-eabi/4.9.3/../../../../arm-none-eabi/lib/armv7-m\libm.a(lib_a-kf_rem_pio2.o)
 .ARM.attributes
                0x00000338       0x2d c:/program files (x86)/cypress/psoc creator/3.3/psoc creator/import/gnu/arm/4.9.3/bin/../lib/gcc/arm-none-eabi/4.9.3/../../../../arm-none-eabi/lib/armv7-m\libm.a(lib_a-kf_sin.o)
 .ARM.attributes
                0x00000365       0x2d c:/program files (x86)/cypress/psoc creator/3.3/psoc creator/import/gnu/arm/4.9.3/bin/../lib/gcc/arm-none-eabi/4.9.3/../../../../arm-none-eabi/lib/armv7-m\libm.a(lib_a-sf_fabs.o)
 .ARM.attributes
                0x00000392       0x2d c:/program files (x86)/cypress/psoc creator/3.3/psoc creator/import/gnu/arm/4.9.3/bin/../lib/gcc/arm-none-eabi/4.9.3/../../../../arm-none-eabi/lib/armv7-m\libm.a(lib_a-sf_floor.o)
 .ARM.attributes
                0x000003bf       0x2d c:/program files (x86)/cypress/psoc creator/3.3/psoc creator/import/gnu/arm/4.9.3/bin/../lib/gcc/arm-none-eabi/4.9.3/../../../../arm-none-eabi/lib/armv7-m\libm.a(lib_a-sf_scalbn.o)
 .ARM.attributes
                0x000003ec       0x2d c:/program files (x86)/cypress/psoc creator/3.3/psoc creator/import/gnu/arm/4.9.3/bin/../lib/gcc/arm-none-eabi/4.9.3/../../../../arm-none-eabi/lib/armv7-m\libm.a(lib_a-sf_copysign.o)
 .ARM.attributes
                0x00000419       0x1d c:/program files (x86)/cypress/psoc creator/3.3/psoc creator/import/gnu/arm/4.9.3/bin/../lib/gcc/arm-none-eabi/4.9.3/armv7-m\libgcc.a(_arm_addsubdf3.o)
 .ARM.attributes
                0x00000436       0x1d c:/program files (x86)/cypress/psoc creator/3.3/psoc creator/import/gnu/arm/4.9.3/bin/../lib/gcc/arm-none-eabi/4.9.3/armv7-m\libgcc.a(_arm_muldivdf3.o)
 .ARM.attributes
                0x00000453       0x1d c:/program files (x86)/cypress/psoc creator/3.3/psoc creator/import/gnu/arm/4.9.3/bin/../lib/gcc/arm-none-eabi/4.9.3/armv7-m\libgcc.a(_arm_cmpdf2.o)
 .ARM.attributes
                0x00000470       0x1d c:/program files (x86)/cypress/psoc creator/3.3/psoc creator/import/gnu/arm/4.9.3/bin/../lib/gcc/arm-none-eabi/4.9.3/armv7-m\libgcc.a(_arm_truncdfsf2.o)
 .ARM.attributes
                0x0000048d       0x1d c:/program files (x86)/cypress/psoc creator/3.3/psoc creator/import/gnu/arm/4.9.3/bin/../lib/gcc/arm-none-eabi/4.9.3/armv7-m\libgcc.a(_arm_addsubsf3.o)
 .ARM.attributes
                0x000004aa       0x1d c:/program files (x86)/cypress/psoc creator/3.3/psoc creator/import/gnu/arm/4.9.3/bin/../lib/gcc/arm-none-eabi/4.9.3/armv7-m\libgcc.a(_arm_muldivsf3.o)
 .ARM.attributes
                0x000004c7       0x1d c:/program files (x86)/cypress/psoc creator/3.3/psoc creator/import/gnu/arm/4.9.3/bin/../lib/gcc/arm-none-eabi/4.9.3/armv7-m\libgcc.a(_arm_cmpsf2.o)
 .ARM.attributes
                0x000004e4       0x1d c:/program files (x86)/cypress/psoc creator/3.3/psoc creator/import/gnu/arm/4.9.3/bin/../lib/gcc/arm-none-eabi/4.9.3/armv7-m\libgcc.a(_arm_fixsfsi.o)
 .ARM.attributes
                0x00000501       0x1d c:/program files (x86)/cypress/psoc creator/3.3/psoc creator/import/gnu/arm/4.9.3/bin/../lib/gcc/arm-none-eabi/4.9.3/armv7-m\libgcc.a(_arm_fixunssfsi.o)
 .ARM.attributes
                0x0000051e       0x2d c:/program files (x86)/cypress/psoc creator/3.3/psoc creator/import/gnu/arm/4.9.3/bin/../lib/gcc/arm-none-eabi/4.9.3/../../../../arm-none-eabi/lib/armv7-m\libg_nano.a(lib_a-errno.o)
 .ARM.attributes
                0x0000054b       0x2d c:/program files (x86)/cypress/psoc creator/3.3/psoc creator/import/gnu/arm/4.9.3/bin/../lib/gcc/arm-none-eabi/4.9.3/../../../../arm-none-eabi/lib/armv7-m\libg_nano.a(lib_a-exit.o)
 .ARM.attributes
                0x00000578       0x2d c:/program files (x86)/cypress/psoc creator/3.3/psoc creator/import/gnu/arm/4.9.3/bin/../lib/gcc/arm-none-eabi/4.9.3/../../../../arm-none-eabi/lib/armv7-m\libg_nano.a(lib_a-impure.o)
 .ARM.attributes
                0x000005a5       0x2d c:/program files (x86)/cypress/psoc creator/3.3/psoc creator/import/gnu/arm/4.9.3/bin/../lib/gcc/arm-none-eabi/4.9.3/../../../../arm-none-eabi/lib/armv7-m\libg_nano.a(lib_a-init.o)
 .ARM.attributes
                0x000005d2       0x2d c:/program files (x86)/cypress/psoc creator/3.3/psoc creator/import/gnu/arm/4.9.3/bin/../lib/gcc/arm-none-eabi/4.9.3/../../../../arm-none-eabi/lib/armv7-m\libg_nano.a(lib_a-memcpy.o)
 .ARM.attributes
                0x000005ff       0x2d c:/program files (x86)/cypress/psoc creator/3.3/psoc creator/import/gnu/arm/4.9.3/bin/../lib/gcc/arm-none-eabi/4.9.3/../../../../arm-none-eabi/lib/armv7-m\libg_nano.a(lib_a-memset.o)
 .ARM.attributes
                0x0000062c       0x2d c:/program files (x86)/cypress/psoc creator/3.3/psoc creator/import/gnu/arm/4.9.3/bin/../lib/gcc/arm-none-eabi/4.9.3/armv7-m/crtend.o
 .ARM.attributes
                0x00000659       0x1d c:/program files (x86)/cypress/psoc creator/3.3/psoc creator/import/gnu/arm/4.9.3/bin/../lib/gcc/arm-none-eabi/4.9.3/armv7-m/crtn.o

/DISCARD/
 *(.note.GNU-stack)
OUTPUT(.\CortexM3\ARM_GCC_493\Debug\Design01.elf elf32-littlearm)
