Archive member included because of file (symbol)

.\CortexM3\ARM_GCC_493\Debug\Design01.a(cyfitter_cfg.o)
                              .\CortexM3\ARM_GCC_493\Debug\Cm3Start.o (cyfitter_cfg)
.\CortexM3\ARM_GCC_493\Debug\Design01.a(VDAC8_1.o)
                              .\CortexM3\ARM_GCC_493\Debug\main.o (VDAC8_1_SetValue)
.\CortexM3\ARM_GCC_493\Debug\Design01.a(CyBootAsmGnu.o)
                              .\CortexM3\ARM_GCC_493\Debug\Design01.a(cyfitter_cfg.o) (CyDelayCycles)
.\CortexM3\ARM_GCC_493\Debug\Design01.a(CyLib.o)
                              .\CortexM3\ARM_GCC_493\Debug\Cm3Start.o (CyHalt)
.\CortexM3\ARM_GCC_493\Debug\Design01.a(cyPm.o)
                              .\CortexM3\ARM_GCC_493\Debug\Design01.a(CyLib.o) (CyPmReadStatus)
.\CortexM3\ARM_GCC_493\Debug\Design01.a(isr_1.o)
                              .\CortexM3\ARM_GCC_493\Debug\main.o (isr_1_StartEx)
.\CortexM3\ARM_GCC_493\Debug\Design01.a(C.o)
                              .\CortexM3\ARM_GCC_493\Debug\main.o (C_Read)
.\CortexM3\ARM_GCC_493\Debug\Design01.a(CS.o)
                              .\CortexM3\ARM_GCC_493\Debug\main.o (CS_Read)
.\CortexM3\ARM_GCC_493\Debug\Design01.a(D.o)
                              .\CortexM3\ARM_GCC_493\Debug\main.o (D_Read)
.\CortexM3\ARM_GCC_493\Debug\Design01.a(DS.o)
                              .\CortexM3\ARM_GCC_493\Debug\main.o (DS_Read)
.\CortexM3\ARM_GCC_493\Debug\Design01.a(E.o)
                              .\CortexM3\ARM_GCC_493\Debug\main.o (E_Read)
.\CortexM3\ARM_GCC_493\Debug\Design01.a(F.o)
                              .\CortexM3\ARM_GCC_493\Debug\main.o (F_Read)
.\CortexM3\ARM_GCC_493\Debug\Design01.a(FS.o)
                              .\CortexM3\ARM_GCC_493\Debug\main.o (FS_Read)
.\CortexM3\ARM_GCC_493\Debug\Design01.a(G.o)
                              .\CortexM3\ARM_GCC_493\Debug\main.o (G_Read)
.\CortexM3\ARM_GCC_493\Debug\Design01.a(GS.o)
                              .\CortexM3\ARM_GCC_493\Debug\main.o (GS_Read)
.\CortexM3\ARM_GCC_493\Debug\Design01.a(A.o)
                              .\CortexM3\ARM_GCC_493\Debug\main.o (A_Read)
.\CortexM3\ARM_GCC_493\Debug\Design01.a(AS.o)
                              .\CortexM3\ARM_GCC_493\Debug\main.o (AS_Read)
.\CortexM3\ARM_GCC_493\Debug\Design01.a(B.o)
                              .\CortexM3\ARM_GCC_493\Debug\main.o (B_Read)
.\CortexM3\ARM_GCC_493\Debug\Design01.a(UC.o)
                              .\CortexM3\ARM_GCC_493\Debug\main.o (UC_Read)
.\CortexM3\ARM_GCC_493\Debug\Design01.a(CyFlash.o)
                              .\CortexM3\ARM_GCC_493\Debug\Design01.a(cyPm.o) (CyFlash_SetWaitCycles)
.\CortexM3\ARM_GCC_493\Debug\Design01.a(CySpc.o)
                              .\CortexM3\ARM_GCC_493\Debug\Design01.a(CyFlash.o) (CySpcStart)
c:/program files (x86)/cypress/psoc creator/3.3/psoc creator/import/gnu/arm/4.9.3/bin/../lib/gcc/arm-none-eabi/4.9.3/../../../../arm-none-eabi/lib/armv7-m\libm.a(lib_a-sf_sin.o)
                              .\CortexM3\ARM_GCC_493\Debug\main.o (sinf)
c:/program files (x86)/cypress/psoc creator/3.3/psoc creator/import/gnu/arm/4.9.3/bin/../lib/gcc/arm-none-eabi/4.9.3/../../../../arm-none-eabi/lib/armv7-m\libm.a(lib_a-ef_rem_pio2.o)
                              c:/program files (x86)/cypress/psoc creator/3.3/psoc creator/import/gnu/arm/4.9.3/bin/../lib/gcc/arm-none-eabi/4.9.3/../../../../arm-none-eabi/lib/armv7-m\libm.a(lib_a-sf_sin.o) (__ieee754_rem_pio2f)
c:/program files (x86)/cypress/psoc creator/3.3/psoc creator/import/gnu/arm/4.9.3/bin/../lib/gcc/arm-none-eabi/4.9.3/../../../../arm-none-eabi/lib/armv7-m\libm.a(lib_a-kf_cos.o)
                              c:/program files (x86)/cypress/psoc creator/3.3/psoc creator/import/gnu/arm/4.9.3/bin/../lib/gcc/arm-none-eabi/4.9.3/../../../../arm-none-eabi/lib/armv7-m\libm.a(lib_a-sf_sin.o) (__kernel_cosf)
c:/program files (x86)/cypress/psoc creator/3.3/psoc creator/import/gnu/arm/4.9.3/bin/../lib/gcc/arm-none-eabi/4.9.3/../../../../arm-none-eabi/lib/armv7-m\libm.a(lib_a-kf_rem_pio2.o)
                              c:/program files (x86)/cypress/psoc creator/3.3/psoc creator/import/gnu/arm/4.9.3/bin/../lib/gcc/arm-none-eabi/4.9.3/../../../../arm-none-eabi/lib/armv7-m\libm.a(lib_a-ef_rem_pio2.o) (__kernel_rem_pio2f)
c:/program files (x86)/cypress/psoc creator/3.3/psoc creator/import/gnu/arm/4.9.3/bin/../lib/gcc/arm-none-eabi/4.9.3/../../../../arm-none-eabi/lib/armv7-m\libm.a(lib_a-kf_sin.o)
                              c:/program files (x86)/cypress/psoc creator/3.3/psoc creator/import/gnu/arm/4.9.3/bin/../lib/gcc/arm-none-eabi/4.9.3/../../../../arm-none-eabi/lib/armv7-m\libm.a(lib_a-sf_sin.o) (__kernel_sinf)
c:/program files (x86)/cypress/psoc creator/3.3/psoc creator/import/gnu/arm/4.9.3/bin/../lib/gcc/arm-none-eabi/4.9.3/../../../../arm-none-eabi/lib/armv7-m\libm.a(lib_a-sf_fabs.o)
[...]
Memory Configuration

Name             Origin             Length             Attributes
rom              0x00000000         0x00040000         xr
ram              0x1fff8000         0x00010000         xrw
*default*        0x00000000         0xffffffff

Linker script and memory map

LOAD c:/program files (x86)/cypress/psoc creator/3.3/psoc creator/import/gnu/arm/4.9.3/bin/../lib/gcc/arm-none-eabi/4.9.3/armv7-m/crti.o
LOAD c:/program files (x86)/cypress/psoc creator/3.3/psoc creator/import/gnu/arm/4.9.3/bin/../lib/gcc/arm-none-eabi/4.9.3/armv7-m/crtbegin.o
LOAD c:/program files (x86)/cypress/psoc creator/3.3/psoc creator/import/gnu/arm/4.9.3/bin/../lib/gcc/arm-none-eabi/4.9.3/../../../../arm-none-eabi/lib/armv7-m/crt0.o
START GROUP
LOAD .\CortexM3\ARM_GCC_493\Debug\main.o
LOAD .\CortexM3\ARM_GCC_493\Debug\cymetadata.o
LOAD .\CortexM3\ARM_GCC_493\Debug\Cm3Start.o
LOAD .\CortexM3\ARM_GCC_493\Debug\Design01.a
LOAD C:\Program Files (x86)\Cypress\PSoC Creator\3.3\PSoC Creator\psoc\content\cycomponentlibrary\CyComponentLibrary.cylib\CortexM3\ARM_GCC_493\Debug\CyComponentLibrary.a
LOAD c:/program files (x86)/cypress/psoc creator/3.3/psoc creator/import/gnu/arm/4.9.3/bin/../lib/gcc/arm-none-eabi/4.9.3/../../../../arm-none-eabi/lib/armv7-m\libm.a
END GROUP
START GROUP
LOAD c:/program files (x86)/cypress/psoc creator/3.3/psoc creator/import/gnu/arm/4.9.3/bin/../lib/gcc/arm-none-eabi/4.9.3/armv7-m\libgcc.a
LOAD c:/program files (x86)/cypress/psoc creator/3.3/psoc creator/import/gnu/arm/4.9.3/bin/../lib/gcc/arm-none-eabi/4.9.3/../../../../arm-none-eabi/lib/armv7-m\libg_nano.a
LOAD c:/program files (x86)/cypress/psoc creator/3.3/psoc creator/import/gnu/arm/4.9.3/bin/../lib/gcc/arm-none-eabi/4.9.3/../../../../arm-none-eabi/lib/armv7-m\libc_nano.a
END GROUP
START GROUP
LOAD c:/program files (x86)/cypress/psoc creator/3.3/psoc creator/import/gnu/arm/4.9.3/bin/../lib/gcc/arm-none-eabi/4.9.3/armv7-m\libgcc.a
LOAD c:/program files (x86)/cypress/psoc creator/3.3/psoc creator/import/gnu/arm/4.9.3/bin/../lib/gcc/arm-none-eabi/4.9.3/../../../../arm-none-eabi/lib/armv7-m\libc_nano.a
END GROUP
LOAD c:/program files (x86)/cypress/psoc creator/3.3/psoc creator/import/gnu/arm/4.9.3/bin/../lib/gcc/arm-none-eabi/4.9.3/armv7-m/crtend.o
LOAD c:/program files (x86)/cypress/psoc creator/3.3/psoc creator/import/gnu/arm/4.9.3/bin/../lib/gcc/arm-none-eabi/4.9.3/armv7-m/crtn.o
START GROUP
LOAD c:/program files (x86)/cypress/psoc creator/3.3/psoc creator/import/gnu/arm/4.9.3/bin/../lib/gcc/arm-none-eabi/4.9.3/armv7-m\libgcc.a
LOAD c:/program files (x86)/cypress/psoc creator/3.3/psoc creator/import/gnu/arm/4.9.3/bin/../lib/gcc/arm-none-eabi/4.9.3/../../../../arm-none-eabi/lib/armv7-m\libc.a
LOAD c:/program files (x86)/cypress/psoc creator/3.3/psoc creator/import/gnu/arm/4.9.3/bin/../lib/gcc/arm-none-eabi/4.9.3/../../../../arm-none-eabi/lib/armv7-m\libnosys.a
END GROUP
                0x00000000                CY_APPL_ORIGIN = 0x0
                0x00000100                CY_FLASH_ROW_SIZE = 0x100
                0x00000020                CY_ECC_ROW_SIZE = 0x20
                0x00000000                CY_EE_IN_BTLDR = 0x0
                0x00000000                CY_APPL_LOADABLE = 0x0
                0x00000800                CY_EE_SIZE = 0x800
                0x00000001                CY_APPL_NUM = 0x1
                0x00000001                CY_APPL_MAX = 0x1
                0x00000040                CY_METADATA_SIZE = 0x40
                0x00000000                CY_APPL_LOADABLE = 0x0
                0x00000000                CY_CHECKSUM_EXCLUDE_SIZE = ALIGN (0x0, CY_FLASH_ROW_SIZE)
                0x1fff8170                PROVIDE (__cy_heap_start, _end)
                0x00000001                PROVIDE (__cy_region_num, ((__cy_regions_end - __cy_regions) / 0x10))
                0x20008000                PROVIDE (__cy_stack, (ORIGIN (ram) + 0x10000))
                0x20007800                PROVIDE (__cy_heap_end, (__cy_stack - 0x800))

.cybootloader   0x00000000        0x0
 *(.cybootloader)
                0x00000000                appl1_start = CY_APPL_ORIGIN?CY_APPL_ORIGIN:ALIGN (CY_FLASH_ROW_SIZE)
                0x0001ff00                appl2_start = (appl1_start + ALIGN ((((0x40000 - appl1_start) - (0x2 * CY_FLASH_ROW_SIZE)) / 0x2), CY_FLASH_ROW_SIZE))
                0x00000000                appl_start = (CY_APPL_NUM == 0x1)?appl1_start:appl2_start
                0x00000000                ecc_offset = ((appl_start / CY_FLASH_ROW_SIZE) * CY_ECC_ROW_SIZE)
                0x00000000                ee_offset = (CY_APPL_LOADABLE && ! (CY_EE_IN_BTLDR))?((CY_EE_SIZE / CY_APPL_MAX) * (CY_APPL_NUM - 0x1)):0x0
                0x00000800                ee_size = (CY_APPL_LOADABLE && ! (CY_EE_IN_BTLDR))?(CY_EE_SIZE / CY_APPL_MAX):CY_EE_SIZE
                0x00000000                PROVIDE (CY_ECC_OFFSET, ecc_offset)

.text           0x00000000     0x26d6
 CREATE_OBJECT_SYMBOLS
                0x00000000                PROVIDE (__cy_interrupt_vector, RomVectors)
 *(.romvectors)
 .romvectors    0x00000000       0x10 .\CortexM3\ARM_GCC_493\Debug\Cm3Start.o
                0x00000000                RomVectors
                0x00000001                ASSERT ((. != __cy_interrupt_vector), No interrupt vector)
                0x00000001                ASSERT (CY_APPL_ORIGIN?(SIZEOF (.cybootloader) <= CY_APPL_ORIGIN):0x1, Wrong image location)
                0x00000010                PROVIDE (__cy_reset, Reset)
 *(.text.Reset)
 .text.Reset    0x00000010       0x18 .\CortexM3\ARM_GCC_493\Debug\Cm3Start.o
                0x00000010                Reset
                0x00000001                ASSERT ((. != __cy_reset), No reset code)
 *(.dma_init)
                0x00000001                ASSERT ((((appl_start + .) <= 0x10000) || 0x1), DMA Init must be within the first 64k of flash)
 *(.text .text.* .gnu.linkonce.t.*)
 .text          0x00000028       0x5c c:/program files (x86)/cypress/psoc creator/3.3/psoc creator/import/gnu/arm/4.9.3/bin/../lib/gcc/arm-none-eabi/4.9.3/armv7-m/crtbegin.o
 *fill*         0x00000084        0x4 
 .text.DacSet   0x00000088      0x3c0 .\CortexM3\ARM_GCC_493\Debug\main.o
                0x00000088                DacSet
 .text.main     0x00000448       0x20 .\CortexM3\ARM_GCC_493\Debug\main.o
                0x00000448                main
 .text.IntDefaultHandler
                0x00000468        0x4 .\CortexM3\ARM_GCC_493\Debug\Cm3Start.o
                0x00000468                IntDefaultHandler
 .text.Start_c  0x0000046c       0x4c .\CortexM3\ARM_GCC_493\Debug\Cm3Start.o
                0x0000046c                Start_c
 .text.initialize_psoc
                0x000004b8       0x74 .\CortexM3\ARM_GCC_493\Debug\Cm3Start.o
                0x000004b8                initialize_psoc
 .text.CyClockStartupError
                0x0000052c        0x4 .\CortexM3\ARM_GCC_493\Debug\Design01.a(cyfitter_cfg.o)
 .text.cfg_write_bytes32
                0x00000530       0x34 .\CortexM3\ARM_GCC_493\Debug\Design01.a(cyfitter_cfg.o)
 .text.AnalogSetDefault
                0x00000564       0x38 .\CortexM3\ARM_GCC_493\Debug\Design01.a(cyfitter_cfg.o)
 .text.ClockSetup
                0x0000059c       0xb8 .\CortexM3\ARM_GCC_493\Debug\Design01.a(cyfitter_cfg.o)
 .text.CYMEMZERO
                0x00000654        0xc .\CortexM3\ARM_GCC_493\Debug\Design01.a(cyfitter_cfg.o)
 .text.CYCONFIGCPY
                0x00000660        0x8 .\CortexM3\ARM_GCC_493\Debug\Design01.a(cyfitter_cfg.o)
 .text.cyfitter_cfg
                0x00000668       0xe0 .\CortexM3\ARM_GCC_493\Debug\Design01.a(cyfitter_cfg.o)
                0x00000668                cyfitter_cfg
 .text.VDAC8_1_Enable
                0x00000748       0x1c .\CortexM3\ARM_GCC_493\Debug\Design01.a(VDAC8_1.o)
                0x00000748                VDAC8_1_Enable
 .text.VDAC8_1_SetSpeed
                0x00000764       0x1c .\CortexM3\ARM_GCC_493\Debug\Design01.a(VDAC8_1.o)
                0x00000764                VDAC8_1_SetSpeed
 .text.VDAC8_1_SetValue
                0x00000780        0xc .\CortexM3\ARM_GCC_493\Debug\Design01.a(VDAC8_1.o)
                0x00000780                VDAC8_1_SetValue
 .text.VDAC8_1_DacTrim
                0x0000078c       0x24 .\CortexM3\ARM_GCC_493\Debug\Design01.a(VDAC8_1.o)
                0x0000078c                VDAC8_1_DacTrim
 .text.VDAC8_1_SetRange
                0x000007b0       0x20 .\CortexM3\ARM_GCC_493\Debug\Design01.a(VDAC8_1.o)
                0x000007b0                VDAC8_1_SetRange
 .text.VDAC8_1_Init
                0x000007d0       0x20 .\CortexM3\ARM_GCC_493\Debug\Design01.a(VDAC8_1.o)
                0x000007d0                VDAC8_1_Init
 .text.VDAC8_1_Start
                0x000007f0       0x24 .\CortexM3\ARM_GCC_493\Debug\Design01.a(VDAC8_1.o)
                0x000007f0                VDAC8_1_Start
 *fill*         0x00000814        0x4 
 .text          0x00000818       0x20 .\CortexM3\ARM_GCC_493\Debug\Design01.a(CyBootAsmGnu.o)
                0x00000818                CyDelayCycles
                0x00000828                CyEnterCriticalSection
                0x00000830                CyExitCriticalSection
 .text.isr_1_SetVector
                0x00000838        0xc .\CortexM3\ARM_GCC_493\Debug\Design01.a(isr_1.o)
                0x00000838                isr_1_SetVector
 .text.isr_1_SetPriority
                0x00000844       0x10 .\CortexM3\ARM_GCC_493\Debug\Design01.a(isr_1.o)
                0x00000844                isr_1_SetPriority
 .text.isr_1_Enable
                0x00000854        0xc .\CortexM3\ARM_GCC_493\Debug\Design01.a(isr_1.o)
                0x00000854                isr_1_Enable
 .text.isr_1_Disable
                0x00000860        0xc .\CortexM3\ARM_GCC_493\Debug\Design01.a(isr_1.o)
                0x00000860                isr_1_Disable
 .text.isr_1_StartEx
                0x0000086c       0x1c .\CortexM3\ARM_GCC_493\Debug\Design01.a(isr_1.o)
                0x0000086c                isr_1_StartEx
 .text.C_Read   0x00000888       0x10 .\CortexM3\ARM_GCC_493\Debug\Design01.a(C.o)
                0x00000888                C_Read
 .text.CS_Read  0x00000898       0x10 .\CortexM3\ARM_GCC_493\Debug\Design01.a(CS.o)
                0x00000898                CS_Read
 .text.D_Read   0x000008a8       0x10 .\CortexM3\ARM_GCC_493\Debug\Design01.a(D.o)
                0x000008a8                D_Read
 .text.DS_Read  0x000008b8       0x10 .\CortexM3\ARM_GCC_493\Debug\Design01.a(DS.o)
                0x000008b8                DS_Read
 .text.E_Read   0x000008c8       0x10 .\CortexM3\ARM_GCC_493\Debug\Design01.a(E.o)
                0x000008c8                E_Read
 .text.F_Read   0x000008d8       0x10 .\CortexM3\ARM_GCC_493\Debug\Design01.a(F.o)
                0x000008d8                F_Read
 .text.FS_Read  0x000008e8       0x10 .\CortexM3\ARM_GCC_493\Debug\Design01.a(FS.o)
                0x000008e8                FS_Read
 .text.G_Read   0x000008f8        0xc .\CortexM3\ARM_GCC_493\Debug\Design01.a(G.o)
                0x000008f8                G_Read
 .text.GS_Read  0x00000904       0x10 .\CortexM3\ARM_GCC_493\Debug\Design01.a(GS.o)
                0x00000904                GS_Read
 .text.A_Read   0x00000914       0x10 .\CortexM3\ARM_GCC_493\Debug\Design01.a(A.o)
                0x00000914                A_Read
 .text.AS_Read  0x00000924       0x10 .\CortexM3\ARM_GCC_493\Debug\Design01.a(AS.o)
                0x00000924                AS_Read
 .text.B_Read   0x00000934       0x10 .\CortexM3\ARM_GCC_493\Debug\Design01.a(B.o)
                0x00000934                B_Read
 .text.UC_Read  0x00000944       0x10 .\CortexM3\ARM_GCC_493\Debug\Design01.a(UC.o)
                0x00000944                UC_Read
 .text.sinf     0x00000954       0x7c c:/program files (x86)/cypress/psoc creator/3.3/psoc creator/import/gnu/arm/4.9.3/bin/../lib/gcc/arm-none-eabi/4.9.3/../../../../arm-none-eabi/lib/armv7-m\libm.a(lib_a-sf_sin.o)
                0x00000954                sinf
 .text.__ieee754_rem_pio2f
                0x000009d0      0x2e4 c:/program files (x86)/cypress/psoc creator/3.3/psoc creator/import/gnu/arm/4.9.3/bin/../lib/gcc/arm-none-eabi/4.9.3/../../../../arm-none-eabi/lib/armv7-m\libm.a(lib_a-ef_rem_pio2.o)
                0x000009d0                __ieee754_rem_pio2f
 .text.__kernel_cosf
                0x00000cb4      0x188 c:/program files (x86)/cypress/psoc creator/3.3/psoc creator/import/gnu/arm/4.9.3/bin/../lib/gcc/arm-none-eabi/4.9.3/../../../../arm-none-eabi/lib/armv7-m\libm.a(lib_a-kf_cos.o)
                0x00000cb4                __kernel_cosf
 .text.__kernel_rem_pio2f
                0x00000e3c      0x674 c:/program files (x86)/cypress/psoc creator/3.3/psoc creator/import/gnu/arm/4.9.3/bin/../lib/gcc/arm-none-eabi/4.9.3/../../../../arm-none-eabi/lib/armv7-m\libm.a(lib_a-kf_rem_pio2.o)
                0x00000e3c                __kernel_rem_pio2f
 .text.__kernel_sinf
                0x000014b0       0xec c:/program files (x86)/cypress/psoc creator/3.3/psoc creator/import/gnu/arm/4.9.3/bin/../lib/gcc/arm-none-eabi/4.9.3/../../../../arm-none-eabi/lib/armv7-m\libm.a(lib_a-kf_sin.o)
                0x000014b0                __kernel_sinf
 .text.fabsf    0x0000159c        0x8 c:/program files (x86)/cypress/psoc creator/3.3/psoc creator/import/gnu/arm/4.9.3/bin/../lib/gcc/arm-none-eabi/4.9.3/../../../../arm-none-eabi/lib/armv7-m\libm.a(lib_a-sf_fabs.o)
                0x0000159c                fabsf
 .text.floorf   0x000015a4       0x8c c:/program files (x86)/cypress/psoc creator/3.3/psoc creator/import/gnu/arm/4.9.3/bin/../lib/gcc/arm-none-eabi/4.9.3/../../../../arm-none-eabi/lib/armv7-m\libm.a(lib_a-sf_floor.o)
                0x000015a4                floorf
 .text.scalbnf  0x00001630       0xb0 c:/program files (x86)/cypress/psoc creator/3.3/psoc creator/import/gnu/arm/4.9.3/bin/../lib/gcc/arm-none-eabi/4.9.3/../../../../arm-none-eabi/lib/armv7-m\libm.a(lib_a-sf_scalbn.o)
                0x00001630                scalbnf
 .text.copysignf
                0x000016e0        0xc c:/program files (x86)/cypress/psoc creator/3.3/psoc creator/import/gnu/arm/4.9.3/bin/../lib/gcc/arm-none-eabi/4.9.3/../../../../arm-none-eabi/lib/armv7-m\libm.a(lib_a-sf_copysign.o)
                0x000016e0                copysignf
 .text          0x000016ec      0x370 c:/program files (x86)/cypress/psoc creator/3.3/psoc creator/import/gnu/arm/4.9.3/bin/../lib/gcc/arm-none-eabi/4.9.3/armv7-m\libgcc.a(_arm_addsubdf3.o)
                0x000016ec                __aeabi_drsub
                0x000016f4                __aeabi_dsub
                0x000016f4                __subdf3
                0x000016f8                __aeabi_dadd
                0x000016f8                __adddf3
                0x00001970                __floatunsidf
                0x00001970                __aeabi_ui2d
                0x00001990                __floatsidf
                0x00001990                __aeabi_i2d
                0x000019b4                __aeabi_f2d
                0x000019b4                __extendsfdf2
                0x000019f0                __floatundidf
                0x000019f0                __aeabi_ul2d
                0x00001a00                __floatdidf
                0x00001a00                __aeabi_l2d
 .text          0x00001a5c      0x424 c:/program files (x86)/cypress/psoc creator/3.3/psoc creator/import/gnu/arm/4.9.3/bin/../lib/gcc/arm-none-eabi/4.9.3/armv7-m\libgcc.a(_arm_muldivdf3.o)
                0x00001a5c                __aeabi_dmul
                0x00001a5c                __muldf3
                0x00001cb0                __divdf3
                0x00001cb0                __aeabi_ddiv
 .text          0x00001e80      0x110 c:/program files (x86)/cypress/psoc creator/3.3/psoc creator/import/gnu/arm/4.9.3/bin/../lib/gcc/arm-none-eabi/4.9.3/armv7-m\libgcc.a(_arm_cmpdf2.o)
                0x00001e80                __gtdf2
                0x00001e80                __gedf2
                0x00001e88                __ltdf2
                0x00001e88                __ledf2
                0x00001e90                __nedf2
                0x00001e90                __eqdf2
                0x00001e90                __cmpdf2
                0x00001f0c                __aeabi_cdrcmple
                0x00001f1c                __aeabi_cdcmpeq
                0x00001f1c                __aeabi_cdcmple
                0x00001f2c                __aeabi_dcmpeq
                0x00001f40                __aeabi_dcmplt
                0x00001f54                __aeabi_dcmple
                0x00001f68                __aeabi_dcmpge
                0x00001f7c                __aeabi_dcmpgt
 .text          0x00001f90       0xa0 c:/program files (x86)/cypress/psoc creator/3.3/psoc creator/import/gnu/arm/4.9.3/bin/../lib/gcc/arm-none-eabi/4.9.3/armv7-m\libgcc.a(_arm_truncdfsf2.o)
                0x00001f90                __truncdfsf2
                0x00001f90                __aeabi_d2f
 .text          0x00002030      0x21c c:/program files (x86)/cypress/psoc creator/3.3/psoc creator/import/gnu/arm/4.9.3/bin/../lib/gcc/arm-none-eabi/4.9.3/armv7-m\libgcc.a(_arm_addsubsf3.o)
                0x00002030                __aeabi_frsub
                0x00002038                __subsf3
                0x00002038                __aeabi_fsub
                0x0000203c                __aeabi_fadd
                0x0000203c                __addsf3
                0x0000219c                __aeabi_ui2f
                0x0000219c                __floatunsisf
                0x000021a4                __aeabi_i2f
                0x000021a4                __floatsisf
                0x000021c0                __aeabi_ul2f
                0x000021c0                __floatundisf
                0x000021d0                __aeabi_l2f
                0x000021d0                __floatdisf
 .text          0x0000224c      0x2a0 c:/program files (x86)/cypress/psoc creator/3.3/psoc creator/import/gnu/arm/4.9.3/bin/../lib/gcc/arm-none-eabi/4.9.3/armv7-m\libgcc.a(_arm_muldivsf3.o)
                0x0000224c                __mulsf3
                0x0000224c                __aeabi_fmul
                0x000023b4                __aeabi_fdiv
                0x000023b4                __divsf3
 .text          0x000024ec       0xec c:/program files (x86)/cypress/psoc creator/3.3/psoc creator/import/gnu/arm/4.9.3/bin/../lib/gcc/arm-none-eabi/4.9.3/armv7-m\libgcc.a(_arm_cmpsf2.o)
                0x000024ec                __gesf2
                0x000024ec                __gtsf2
                0x000024f4                __lesf2
                0x000024f4                __ltsf2
                0x000024fc                __nesf2
                0x000024fc                __eqsf2
                0x000024fc                __cmpsf2
                0x0000255c                __aeabi_cfrcmple
                0x00002564                __aeabi_cfcmpeq
                0x00002564                __aeabi_cfcmple
                0x00002574                __aeabi_fcmpeq
                0x00002588                __aeabi_fcmplt
                0x0000259c                __aeabi_fcmple
                0x000025b0                __aeabi_fcmpge
                0x000025c4                __aeabi_fcmpgt
 .text          0x000025d8       0x4c c:/program files (x86)/cypress/psoc creator/3.3/psoc creator/import/gnu/arm/4.9.3/bin/../lib/gcc/arm-none-eabi/4.9.3/armv7-m\libgcc.a(_arm_fixsfsi.o)
                0x000025d8                __aeabi_f2iz
                0x000025d8                __fixsfsi
 .text          0x00002624       0x40 c:/program files (x86)/cypress/psoc creator/3.3/psoc creator/import/gnu/arm/4.9.3/bin/../lib/gcc/arm-none-eabi/4.9.3/armv7-m\libgcc.a(_arm_fixunssfsi.o)
                0x00002624                __fixunssfsi
                0x00002624                __aeabi_f2uiz
 .text.__libc_init_array
                0x00002664       0x4c c:/program files (x86)/cypress/psoc creator/3.3/psoc creator/import/gnu/arm/4.9.3/bin/../lib/gcc/arm-none-eabi/4.9.3/../../../../arm-none-eabi/lib/armv7-m\libg_nano.a(lib_a-init.o)
                0x00002664                __libc_init_array
 .text.memcpy   0x000026b0       0x16 c:/program files (x86)/cypress/psoc creator/3.3/psoc creator/import/gnu/arm/4.9.3/bin/../lib/gcc/arm-none-eabi/4.9.3/../../../../arm-none-eabi/lib/armv7-m\libg_nano.a(lib_a-memcpy.o)
                0x000026b0                memcpy
 .text.memset   0x000026c6       0x10 c:/program files (x86)/cypress/psoc creator/3.3/psoc creator/import/gnu/arm/4.9.3/bin/../lib/gcc/arm-none-eabi/4.9.3/../../../../arm-none-eabi/lib/armv7-m\libg_nano.a(lib_a-memset.o)
                0x000026c6                memset
 *(.plt)
 *(.gnu.warning)
 *(.glue_7t)
 .glue_7t       0x00000000        0x0 linker stubs
 *(.glue_7)
 .glue_7        0x00000000        0x0 linker stubs
 *(.vfp11_veneer)
 .vfp11_veneer  0x00000000        0x0 linker stubs
 *(.bootloader)
 *(.ARM.extab* .gnu.linkonce.armextab.*)
 *(.gcc_except_table)

.v4_bx          0x000026d8        0x0
 .v4_bx         0x00000000        0x0 linker stubs

.iplt           0x000026d8        0x0
 .iplt          0x00000000        0x0 c:/program files (x86)/cypress/psoc creator/3.3/psoc creator/import/gnu/arm/4.9.3/bin/../lib/gcc/arm-none-eabi/4.9.3/armv7-m/crtbegin.o

.eh_frame_hdr
 *(.eh_frame_hdr)

.eh_frame       0x000026d8        0x4
 *(.eh_frame)
 .eh_frame      0x000026d8        0x0 c:/program files (x86)/cypress/psoc creator/3.3/psoc creator/import/gnu/arm/4.9.3/bin/../lib/gcc/arm-none-eabi/4.9.3/armv7-m/crtbegin.o
 .eh_frame      0x000026d8        0x4 c:/program files (x86)/cypress/psoc creator/3.3/psoc creator/import/gnu/arm/4.9.3/bin/../lib/gcc/arm-none-eabi/4.9.3/armv7-m/crtend.o
                0x000026dc                PROVIDE (__exidx_start, .)

.ARM.exidx
 *(.ARM.exidx* .gnu.linkonce.armexidx.*)
                0x000026dc                __exidx_end = .

.rodata         0x000026dc      0x43c
 *(.rodata .rodata.* .gnu.linkonce.r.*)
 .rodata        0x000026dc       0x38 .\CortexM3\ARM_GCC_493\Debug\Design01.a(cyfitter_cfg.o)
 .rodata.npio2_hw
                0x00002714       0x80 c:/program files (x86)/cypress/psoc creator/3.3/psoc creator/import/gnu/arm/4.9.3/bin/../lib/gcc/arm-none-eabi/4.9.3/../../../../arm-none-eabi/lib/armv7-m\libm.a(lib_a-ef_rem_pio2.o)
 .rodata.two_over_pi
                0x00002794      0x318 c:/program files (x86)/cypress/psoc creator/3.3/psoc creator/import/gnu/arm/4.9.3/bin/../lib/gcc/arm-none-eabi/4.9.3/../../../../arm-none-eabi/lib/armv7-m\libm.a(lib_a-ef_rem_pio2.o)
 .rodata.init_jk
                0x00002aac        0xc c:/program files (x86)/cypress/psoc creator/3.3/psoc creator/import/gnu/arm/4.9.3/bin/../lib/gcc/arm-none-eabi/4.9.3/../../../../arm-none-eabi/lib/armv7-m\libm.a(lib_a-kf_rem_pio2.o)
 .rodata.PIo2   0x00002ab8       0x2c c:/program files (x86)/cypress/psoc creator/3.3/psoc creator/import/gnu/arm/4.9.3/bin/../lib/gcc/arm-none-eabi/4.9.3/../../../../arm-none-eabi/lib/armv7-m\libm.a(lib_a-kf_rem_pio2.o)
                0x00002ae4                . = ALIGN (0x4)
 *(.init)
 .init          0x00002ae4        0x4 c:/program files (x86)/cypress/psoc creator/3.3/psoc creator/import/gnu/arm/4.9.3/bin/../lib/gcc/arm-none-eabi/4.9.3/armv7-m/crti.o
                0x00002ae4                _init
 .init          0x00002ae8        0x8 c:/program files (x86)/cypress/psoc creator/3.3/psoc creator/import/gnu/arm/4.9.3/bin/../lib/gcc/arm-none-eabi/4.9.3/armv7-m/crtn.o
                0x00002af0                . = ALIGN (0x4)
                0x00002af0                __preinit_array_start = .
 *(.preinit_array)
                0x00002af0                __preinit_array_end = .
                0x00002af0                . = ALIGN (0x4)
                0x00002af0                __init_array_start = .
 *(SORT(.init_array.*))
 *(.init_array)
 .init_array    0x00002af0        0x4 c:/program files (x86)/cypress/psoc creator/3.3/psoc creator/import/gnu/arm/4.9.3/bin/../lib/gcc/arm-none-eabi/4.9.3/armv7-m/crtbegin.o
 .init_array    0x00002af4        0x4 .\CortexM3\ARM_GCC_493\Debug\Cm3Start.o
                0x00002af8                __init_array_end = .
                0x00002af8                . = ALIGN (0x4)
 *(.fini)
 .fini          0x00002af8        0x4 c:/program files (x86)/cypress/psoc creator/3.3/psoc creator/import/gnu/arm/4.9.3/bin/../lib/gcc/arm-none-eabi/4.9.3/armv7-m/crti.o
                0x00002af8                _fini
 .fini          0x00002afc        0x8 c:/program files (x86)/cypress/psoc creator/3.3/psoc creator/import/gnu/arm/4.9.3/bin/../lib/gcc/arm-none-eabi/4.9.3/armv7-m/crtn.o
                0x00002b04                . = ALIGN (0x4)
                0x00002b04                __fini_array_start = .
 *(.fini_array)
 .fini_array    0x00002b04        0x4 c:/program files (x86)/cypress/psoc creator/3.3/psoc creator/import/gnu/arm/4.9.3/bin/../lib/gcc/arm-none-eabi/4.9.3/armv7-m/crtbegin.o
 *(SORT(.fini_array.*))
                0x00002b08                __fini_array_end = .
                0x00002b08                . = ALIGN (0x4)
 *crtbegin.o(.ctors)
 *(EXCLUDE_FILE(*crtend.o) .ctors)
 *(SORT(.ctors.*))
 *crtend.o(.ctors)
                0x00002b08                . = ALIGN (0x4)
 *crtbegin.o(.dtors)
 *(EXCLUDE_FILE(*crtend.o) .dtors)
 *(SORT(.dtors.*))
 *crtend.o(.dtors)
                0x00002b08                . = ALIGN (0x4)
                0x00002b08                __cy_regions = .
                0x00002b08        0x4 LONG 0x2b18 __cy_region_init_ram
                0x00002b0c        0x4 LONG 0x1fff8108 __cy_region_start_data
                0x00002b10        0x4 LONG 0x38 __cy_region_init_size_ram
                0x00002b14        0x4 LONG 0x30 __cy_region_zero_size_ram
                0x00002b18                __cy_regions_end = .
                0x00002b18                . = ALIGN (0x8)
                0x00002b18                _etext = .

.cy_checksum_exclude
                0x00002b18        0x0
 *(.cy_checksum_exclude)

.ramvectors     0x1fff8000      0x100
                0x1fff8000                __cy_region_start_ram = .
 *(.ramvectors)
 .ramvectors    0x1fff8000      0x100 .\CortexM3\ARM_GCC_493\Debug\Cm3Start.o
                0x1fff8000                CyRamVectors

.noinit         0x1fff8100        0x5
 *(.noinit)
 .noinit        0x1fff8100        0x4 .\CortexM3\ARM_GCC_493\Debug\Cm3Start.o
 .noinit        0x1fff8104        0x1 .\CortexM3\ARM_GCC_493\Debug\Design01.a(CyLib.o)
                0x1fff8104                CyResetStatus

.data           0x1fff8108       0x38 load address 0x00002b18
                0x1fff8108                __cy_region_start_data = .
 *(.jcr)
 .jcr           0x1fff8108        0x0 c:/program files (x86)/cypress/psoc creator/3.3/psoc creator/import/gnu/arm/4.9.3/bin/../lib/gcc/arm-none-eabi/4.9.3/armv7-m/crtbegin.o
 .jcr           0x1fff8108        0x4 c:/program files (x86)/cypress/psoc creator/3.3/psoc creator/import/gnu/arm/4.9.3/bin/../lib/gcc/arm-none-eabi/4.9.3/armv7-m/crtend.o
 *(.got.plt)
 *(.got)
 *(.shdata)
 *(.data .data.* .gnu.linkonce.d.*)
 .data          0x1fff810c       0x34 .\CortexM3\ARM_GCC_493\Debug\main.o
                0x1fff810c                frequencies
                0x1fff8140                . = ALIGN (0x8)
 *(.ram)
                0x1fff8140                _edata = .

.igot.plt       0x1fff8140        0x0 load address 0x00002b50
 .igot.plt      0x00000000        0x0 c:/program files (x86)/cypress/psoc creator/3.3/psoc creator/import/gnu/arm/4.9.3/bin/../lib/gcc/arm-none-eabi/4.9.3/armv7-m/crtbegin.o

.bss            0x1fff8140       0x30 load address 0x00002b50
                0x1fff8140                PROVIDE (__bss_start__, .)
 *(.shbss)
 *(.bss .bss.* .gnu.linkonce.b.*)
 .bss           0x1fff8140       0x1c c:/program files (x86)/cypress/psoc creator/3.3/psoc creator/import/gnu/arm/4.9.3/bin/../lib/gcc/arm-none-eabi/4.9.3/armv7-m/crtbegin.o
 .bss           0x1fff815c        0xc .\CortexM3\ARM_GCC_493\Debug\main.o
                0x1fff815c                EnableOutput
                0x1fff8160                theta
                0x1fff8164                DacCode
                0x1fff8165                UpDown
 .bss           0x1fff8168        0x1 .\CortexM3\ARM_GCC_493\Debug\Design01.a(VDAC8_1.o)
                0x1fff8168                VDAC8_1_initVar
 *(COMMON)
                0x1fff8170                . = ALIGN (0x8)
 *fill*         0x1fff8169        0x7 
 *(.ram.b)
                0x1fff8170                _end = .
                0x1fff8170                __end = .
                0x1fff8170                PROVIDE (end, .)
                0x1fff8170                PROVIDE (__bss_end__, .)
                0x00002b18                __cy_region_init_ram = LOADADDR (.data)
                0x00000038                __cy_region_init_size_ram = (_edata - ADDR (.data))
                0x00000030                __cy_region_zero_size_ram = (_end - _edata)

.heap           0x1fff8170       0x80 load address 0x00002b50
                0x1fff8170                . = _end
                0x1fff81f0                . = (. + 0x80)
 *fill*         0x1fff8170       0x80 
                0x1fff81f0                __cy_heap_limit = .

.stack          0x20007800      0x800
                0x20007800                __cy_stack_limit = .
                0x20008000                . = (. + 0x800)
 *fill*         0x20007800      0x800 
                0x00000001                ASSERT ((__cy_stack_limit >= __cy_heap_limit), region RAM overflowed with stack)
                0x00000000                cy_checksum_exclude_size = (CY_APPL_LOADABLE == 0x1)?SIZEOF (.cy_checksum_exclude):0x0
                0x00000001                ASSERT ((cy_checksum_exclude_size <= CY_CHECKSUM_EXCLUDE_SIZE), CY_BOOT: Section .cy_checksum_exclude size exceedes specified limit.)

.cyloadermeta
 *(.cyloadermeta)

.cyloadablemeta
 *(.cyloadablemeta)

.cyconfigecc    0x80000000       0x44
 *(.cyconfigecc)
 .cyconfigecc   0x80000000       0x44 .\CortexM3\ARM_GCC_493\Debug\cymetadata.o
                0x80000000                cy_meta_configecc

.cycustnvl      0x90000000        0x4
 *(.cycustnvl)
 .cycustnvl     0x90000000        0x4 .\CortexM3\ARM_GCC_493\Debug\cymetadata.o
                0x90000000                cy_meta_custnvl

.cywolatch      0x90100000        0x4
 *(.cywolatch)
 .cywolatch     0x90100000        0x4 .\CortexM3\ARM_GCC_493\Debug\cymetadata.o
                0x90100000                cy_meta_wonvl

.cyeeprom       0x90200000        0x0
 *(.cyeeprom)
                0x00000001                ASSERT ((. <= ((0x90200000 + ee_offset) + ee_size)), .cyeeprom data will not fit in EEPROM)

.cyflashprotect
                0x90400000      0x100
 *(.cyflashprotect)
 .cyflashprotect
                0x90400000      0x100 .\CortexM3\ARM_GCC_493\Debug\cymetadata.o
                0x90400000                cy_meta_flashprotect

.cymeta         0x90500000        0xc
 *(.cymeta)
 .cymeta        0x90500000        0xc .\CortexM3\ARM_GCC_493\Debug\cymetadata.o
                0x90500000                cy_metadata

.rel.dyn        0x00002b50        0x0 load address 0x9050000c
 .rel.iplt      0x00000000        0x0 c:/program files (x86)/cypress/psoc creator/3.3/psoc creator/import/gnu/arm/4.9.3/bin/../lib/gcc/arm-none-eabi/4.9.3/armv7-m/crtbegin.o

.stab
 *(.stab)

.stabstr
 *(.stabstr)

.debug
 *(.debug)

.line
 *(.line)

.debug_srcinfo
 *(.debug_srcinfo)

.debug_sfnames
 *(.debug_sfnames)

.debug_aranges  0x00000000      0x8d8
 *(.debug_aranges)
 .debug_aranges
                0x00000000       0x28 .\CortexM3\ARM_GCC_493\Debug\main.o
 .debug_aranges
                0x00000028       0x18 .\CortexM3\ARM_GCC_493\Debug\cymetadata.o
 .debug_aranges
                0x00000040       0x48 .\CortexM3\ARM_GCC_493\Debug\Cm3Start.o
 .debug_aranges
                0x00000088       0x58 .\CortexM3\ARM_GCC_493\Debug\Design01.a(cyfitter_cfg.o)
 .debug_aranges
                0x000000e0       0x58 .\CortexM3\ARM_GCC_493\Debug\Design01.a(VDAC8_1.o)
 .debug_aranges
                0x00000138       0x20 .\CortexM3\ARM_GCC_493\Debug\Design01.a(CyBootAsmGnu.o)
 .debug_aranges
                0x00000158      0x298 .\CortexM3\ARM_GCC_493\Debug\Design01.a(CyLib.o)
 .debug_aranges
                0x000003f0       0x98 .\CortexM3\ARM_GCC_493\Debug\Design01.a(cyPm.o)
 .debug_aranges
                0x00000488       0x80 .\CortexM3\ARM_GCC_493\Debug\Design01.a(isr_1.o)
 .debug_aranges
                0x00000508       0x38 .\CortexM3\ARM_GCC_493\Debug\Design01.a(C.o)
 .debug_aranges
                0x00000540       0x38 .\CortexM3\ARM_GCC_493\Debug\Design01.a(CS.o)
 .debug_aranges
                0x00000578       0x38 .\CortexM3\ARM_GCC_493\Debug\Design01.a(D.o)
 .debug_aranges
                0x000005b0       0x38 .\CortexM3\ARM_GCC_493\Debug\Design01.a(DS.o)
 .debug_aranges
                0x000005e8       0x38 .\CortexM3\ARM_GCC_493\Debug\Design01.a(E.o)
 .debug_aranges
                0x00000620       0x38 .\CortexM3\ARM_GCC_493\Debug\Design01.a(F.o)
 .debug_aranges
                0x00000658       0x38 .\CortexM3\ARM_GCC_493\Debug\Design01.a(FS.o)
 .debug_aranges
                0x00000690       0x38 .\CortexM3\ARM_GCC_493\Debug\Design01.a(G.o)
 .debug_aranges
                0x000006c8       0x38 .\CortexM3\ARM_GCC_493\Debug\Design01.a(GS.o)
 .debug_aranges
                0x00000700       0x38 .\CortexM3\ARM_GCC_493\Debug\Design01.a(A.o)
 .debug_aranges
                0x00000738       0x38 .\CortexM3\ARM_GCC_493\Debug\Design01.a(AS.o)
 .debug_aranges
                0x00000770       0x38 .\CortexM3\ARM_GCC_493\Debug\Design01.a(B.o)
 .debug_aranges
                0x000007a8       0x38 .\CortexM3\ARM_GCC_493\Debug\Design01.a(UC.o)
 .debug_aranges
                0x000007e0       0x80 .\CortexM3\ARM_GCC_493\Debug\Design01.a(CyFlash.o)
 .debug_aranges
                0x00000860       0x78 .\CortexM3\ARM_GCC_493\Debug\Design01.a(CySpc.o)

.debug_pubnames
 *(.debug_pubnames)

.debug_info     0x00000000     0x4920
 *(.debug_info .gnu.linkonce.wi.*)
 .debug_info    0x00000000      0x2ed .\CortexM3\ARM_GCC_493\Debug\main.o
 .debug_info    0x000002ed      0x13a .\CortexM3\ARM_GCC_493\Debug\cymetadata.o
 .debug_info    0x00000427      0x39f .\CortexM3\ARM_GCC_493\Debug\Cm3Start.o
 .debug_info    0x000007c6      0x4d3 .\CortexM3\ARM_GCC_493\Debug\Design01.a(cyfitter_cfg.o)
 .debug_info    0x00000c99      0x1de .\CortexM3\ARM_GCC_493\Debug\Design01.a(VDAC8_1.o)
 .debug_info    0x00000e77       0x91 .\CortexM3\ARM_GCC_493\Debug\Design01.a(CyBootAsmGnu.o)
 .debug_info    0x00000f08     0x136f .\CortexM3\ARM_GCC_493\Debug\Design01.a(CyLib.o)
 .debug_info    0x00002277      0xa57 .\CortexM3\ARM_GCC_493\Debug\Design01.a(cyPm.o)
 .debug_info    0x00002cce      0x2cb .\CortexM3\ARM_GCC_493\Debug\Design01.a(isr_1.o)
 .debug_info    0x00002f99      0x11f .\CortexM3\ARM_GCC_493\Debug\Design01.a(C.o)
 .debug_info    0x000030b8      0x11f .\CortexM3\ARM_GCC_493\Debug\Design01.a(CS.o)
 .debug_info    0x000031d7      0x11f .\CortexM3\ARM_GCC_493\Debug\Design01.a(D.o)
 .debug_info    0x000032f6      0x11f .\CortexM3\ARM_GCC_493\Debug\Design01.a(DS.o)
 .debug_info    0x00003415      0x11f .\CortexM3\ARM_GCC_493\Debug\Design01.a(E.o)
 .debug_info    0x00003534      0x11f .\CortexM3\ARM_GCC_493\Debug\Design01.a(F.o)
 .debug_info    0x00003653      0x11f .\CortexM3\ARM_GCC_493\Debug\Design01.a(FS.o)
 .debug_info    0x00003772      0x121 .\CortexM3\ARM_GCC_493\Debug\Design01.a(G.o)
 .debug_info    0x00003893      0x11f .\CortexM3\ARM_GCC_493\Debug\Design01.a(GS.o)
 .debug_info    0x000039b2      0x11f .\CortexM3\ARM_GCC_493\Debug\Design01.a(A.o)
 .debug_info    0x00003ad1      0x11f .\CortexM3\ARM_GCC_493\Debug\Design01.a(AS.o)
 .debug_info    0x00003bf0      0x11f .\CortexM3\ARM_GCC_493\Debug\Design01.a(B.o)
 .debug_info    0x00003d0f      0x11f .\CortexM3\ARM_GCC_493\Debug\Design01.a(UC.o)
 .debug_info    0x00003e2e      0x608 .\CortexM3\ARM_GCC_493\Debug\Design01.a(CyFlash.o)
 .debug_info    0x00004436      0x4ea .\CortexM3\ARM_GCC_493\Debug\Design01.a(CySpc.o)

.debug_abbrev   0x00000000     0x17a8
 *(.debug_abbrev)
 .debug_abbrev  0x00000000      0x149 .\CortexM3\ARM_GCC_493\Debug\main.o
 .debug_abbrev  0x00000149       0x5d .\CortexM3\ARM_GCC_493\Debug\cymetadata.o
 .debug_abbrev  0x000001a6      0x200 .\CortexM3\ARM_GCC_493\Debug\Cm3Start.o
 .debug_abbrev  0x000003a6      0x203 .\CortexM3\ARM_GCC_493\Debug\Design01.a(cyfitter_cfg.o)
 .debug_abbrev  0x000005a9       0xf7 .\CortexM3\ARM_GCC_493\Debug\Design01.a(VDAC8_1.o)
 .debug_abbrev  0x000006a0       0x14 .\CortexM3\ARM_GCC_493\Debug\Design01.a(CyBootAsmGnu.o)
 .debug_abbrev  0x000006b4      0x296 .\CortexM3\ARM_GCC_493\Debug\Design01.a(CyLib.o)
 .debug_abbrev  0x0000094a      0x1ed .\CortexM3\ARM_GCC_493\Debug\Design01.a(cyPm.o)
 .debug_abbrev  0x00000b37      0x173 .\CortexM3\ARM_GCC_493\Debug\Design01.a(isr_1.o)
 .debug_abbrev  0x00000caa       0x90 .\CortexM3\ARM_GCC_493\Debug\Design01.a(C.o)
 .debug_abbrev  0x00000d3a       0x90 .\CortexM3\ARM_GCC_493\Debug\Design01.a(CS.o)
 .debug_abbrev  0x00000dca       0x90 .\CortexM3\ARM_GCC_493\Debug\Design01.a(D.o)
 .debug_abbrev  0x00000e5a       0x90 .\CortexM3\ARM_GCC_493\Debug\Design01.a(DS.o)
 .debug_abbrev  0x00000eea       0x90 .\CortexM3\ARM_GCC_493\Debug\Design01.a(E.o)
 .debug_abbrev  0x00000f7a       0x90 .\CortexM3\ARM_GCC_493\Debug\Design01.a(F.o)
 .debug_abbrev  0x0000100a       0x90 .\CortexM3\ARM_GCC_493\Debug\Design01.a(FS.o)
 .debug_abbrev  0x0000109a       0x90 .\CortexM3\ARM_GCC_493\Debug\Design01.a(G.o)
 .debug_abbrev  0x0000112a       0x90 .\CortexM3\ARM_GCC_493\Debug\Design01.a(GS.o)
 .debug_abbrev  0x000011ba       0x90 .\CortexM3\ARM_GCC_493\Debug\Design01.a(A.o)
 .debug_abbrev  0x0000124a       0x90 .\CortexM3\ARM_GCC_493\Debug\Design01.a(AS.o)
 .debug_abbrev  0x000012da       0x90 .\CortexM3\ARM_GCC_493\Debug\Design01.a(B.o)
 .debug_abbrev  0x0000136a       0x90 .\CortexM3\ARM_GCC_493\Debug\Design01.a(UC.o)
 .debug_abbrev  0x000013fa      0x1ed .\CortexM3\ARM_GCC_493\Debug\Design01.a(CyFlash.o)
 .debug_abbrev  0x000015e7      0x1c1 .\CortexM3\ARM_GCC_493\Debug\Design01.a(CySpc.o)

.debug_line     0x00000000     0x202f
 *(.debug_line)
 .debug_line    0x00000000      0x230 .\CortexM3\ARM_GCC_493\Debug\main.o
 .debug_line    0x00000230       0x53 .\CortexM3\ARM_GCC_493\Debug\cymetadata.o
 .debug_line    0x00000283      0x249 .\CortexM3\ARM_GCC_493\Debug\Cm3Start.o
 .debug_line    0x000004cc      0x1de .\CortexM3\ARM_GCC_493\Debug\Design01.a(cyfitter_cfg.o)
 .debug_line    0x000006aa       0xe6 .\CortexM3\ARM_GCC_493\Debug\Design01.a(VDAC8_1.o)
 .debug_line    0x00000790       0x68 .\CortexM3\ARM_GCC_493\Debug\Design01.a(CyBootAsmGnu.o)
 .debug_line    0x000007f8      0x806 .\CortexM3\ARM_GCC_493\Debug\Design01.a(CyLib.o)
 .debug_line    0x00000ffe      0x366 .\CortexM3\ARM_GCC_493\Debug\Design01.a(cyPm.o)
 .debug_line    0x00001364      0x14b .\CortexM3\ARM_GCC_493\Debug\Design01.a(isr_1.o)
 .debug_line    0x000014af       0x90 .\CortexM3\ARM_GCC_493\Debug\Design01.a(C.o)
 .debug_line    0x0000153f       0x91 .\CortexM3\ARM_GCC_493\Debug\Design01.a(CS.o)
 .debug_line    0x000015d0       0x90 .\CortexM3\ARM_GCC_493\Debug\Design01.a(D.o)
 .debug_line    0x00001660       0x91 .\CortexM3\ARM_GCC_493\Debug\Design01.a(DS.o)
 .debug_line    0x000016f1       0x90 .\CortexM3\ARM_GCC_493\Debug\Design01.a(E.o)
 .debug_line    0x00001781       0x90 .\CortexM3\ARM_GCC_493\Debug\Design01.a(F.o)
 .debug_line    0x00001811       0x91 .\CortexM3\ARM_GCC_493\Debug\Design01.a(FS.o)
 .debug_line    0x000018a2       0x90 .\CortexM3\ARM_GCC_493\Debug\Design01.a(G.o)
 .debug_line    0x00001932       0x91 .\CortexM3\ARM_GCC_493\Debug\Design01.a(GS.o)
 .debug_line    0x000019c3       0x90 .\CortexM3\ARM_GCC_493\Debug\Design01.a(A.o)
 .debug_line    0x00001a53       0x91 .\CortexM3\ARM_GCC_493\Debug\Design01.a(AS.o)
 .debug_line    0x00001ae4       0x90 .\CortexM3\ARM_GCC_493\Debug\Design01.a(B.o)
 .debug_line    0x00001b74       0x91 .\CortexM3\ARM_GCC_493\Debug\Design01.a(UC.o)
 .debug_line    0x00001c05      0x1ec .\CortexM3\ARM_GCC_493\Debug\Design01.a(CyFlash.o)
 .debug_line    0x00001df1      0x23e .\CortexM3\ARM_GCC_493\Debug\Design01.a(CySpc.o)

.debug_frame    0x00000000     0x1628
 *(.debug_frame)
 .debug_frame   0x00000000       0x54 .\CortexM3\ARM_GCC_493\Debug\main.o
 .debug_frame   0x00000054       0xac .\CortexM3\ARM_GCC_493\Debug\Cm3Start.o
 .debug_frame   0x00000100       0xe0 .\CortexM3\ARM_GCC_493\Debug\Design01.a(cyfitter_cfg.o)
 .debug_frame   0x000001e0       0xb4 .\CortexM3\ARM_GCC_493\Debug\Design01.a(VDAC8_1.o)
 .debug_frame   0x00000294      0x728 .\CortexM3\ARM_GCC_493\Debug\Design01.a(CyLib.o)
 .debug_frame   0x000009bc      0x1f8 .\CortexM3\ARM_GCC_493\Debug\Design01.a(cyPm.o)
 .debug_frame   0x00000bb4      0x104 .\CortexM3\ARM_GCC_493\Debug\Design01.a(isr_1.o)
 .debug_frame   0x00000cb8       0x50 .\CortexM3\ARM_GCC_493\Debug\Design01.a(C.o)
 .debug_frame   0x00000d08       0x50 .\CortexM3\ARM_GCC_493\Debug\Design01.a(CS.o)
 .debug_frame   0x00000d58       0x50 .\CortexM3\ARM_GCC_493\Debug\Design01.a(D.o)
 .debug_frame   0x00000da8       0x50 .\CortexM3\ARM_GCC_493\Debug\Design01.a(DS.o)
 .debug_frame   0x00000df8       0x50 .\CortexM3\ARM_GCC_493\Debug\Design01.a(E.o)
 .debug_frame   0x00000e48       0x50 .\CortexM3\ARM_GCC_493\Debug\Design01.a(F.o)
 .debug_frame   0x00000e98       0x50 .\CortexM3\ARM_GCC_493\Debug\Design01.a(FS.o)
 .debug_frame   0x00000ee8       0x50 .\CortexM3\ARM_GCC_493\Debug\Design01.a(G.o)
 .debug_frame   0x00000f38       0x50 .\CortexM3\ARM_GCC_493\Debug\Design01.a(GS.o)
 .debug_frame   0x00000f88       0x50 .\CortexM3\ARM_GCC_493\Debug\Design01.a(A.o)
 .debug_frame   0x00000fd8       0x50 .\CortexM3\ARM_GCC_493\Debug\Design01.a(AS.o)
 .debug_frame   0x00001028       0x50 .\CortexM3\ARM_GCC_493\Debug\Design01.a(B.o)
 .debug_frame   0x00001078       0x50 .\CortexM3\ARM_GCC_493\Debug\Design01.a(UC.o)
 .debug_frame   0x000010c8      0x174 .\CortexM3\ARM_GCC_493\Debug\Design01.a(CyFlash.o)
 .debug_frame   0x0000123c      0x160 .\CortexM3\ARM_GCC_493\Debug\Design01.a(CySpc.o)
 .debug_frame   0x0000139c       0x34 c:/program files (x86)/cypress/psoc creator/3.3/psoc creator/import/gnu/arm/4.9.3/bin/../lib/gcc/arm-none-eabi/4.9.3/../../../../arm-none-eabi/lib/armv7-m\libm.a(lib_a-sf_sin.o)
 .debug_frame   0x000013d0       0x48 c:/program files (x86)/cypress/psoc creator/3.3/psoc creator/import/gnu/arm/4.9.3/bin/../lib/gcc/arm-none-eabi/4.9.3/../../../../arm-none-eabi/lib/armv7-m\libm.a(lib_a-ef_rem_pio2.o)
 .debug_frame   0x00001418       0x34 c:/program files (x86)/cypress/psoc creator/3.3/psoc creator/import/gnu/arm/4.9.3/bin/../lib/gcc/arm-none-eabi/4.9.3/../../../../arm-none-eabi/lib/armv7-m\libm.a(lib_a-kf_cos.o)
 .debug_frame   0x0000144c       0x50 c:/program files (x86)/cypress/psoc creator/3.3/psoc creator/import/gnu/arm/4.9.3/bin/../lib/gcc/arm-none-eabi/4.9.3/../../../../arm-none-eabi/lib/armv7-m\libm.a(lib_a-kf_rem_pio2.o)
 .debug_frame   0x0000149c       0x34 c:/program files (x86)/cypress/psoc creator/3.3/psoc creator/import/gnu/arm/4.9.3/bin/../lib/gcc/arm-none-eabi/4.9.3/../../../../arm-none-eabi/lib/armv7-m\libm.a(lib_a-kf_sin.o)
 .debug_frame   0x000014d0       0x20 c:/program files (x86)/cypress/psoc creator/3.3/psoc creator/import/gnu/arm/4.9.3/bin/../lib/gcc/arm-none-eabi/4.9.3/../../../../arm-none-eabi/lib/armv7-m\libm.a(lib_a-sf_fabs.o)
 .debug_frame   0x000014f0       0x30 c:/program files (x86)/cypress/psoc creator/3.3/psoc creator/import/gnu/arm/4.9.3/bin/../lib/gcc/arm-none-eabi/4.9.3/../../../../arm-none-eabi/lib/armv7-m\libm.a(lib_a-sf_floor.o)
 .debug_frame   0x00001520       0x2c c:/program files (x86)/cypress/psoc creator/3.3/psoc creator/import/gnu/arm/4.9.3/bin/../lib/gcc/arm-none-eabi/4.9.3/../../../../arm-none-eabi/lib/armv7-m\libm.a(lib_a-sf_scalbn.o)
 .debug_frame   0x0000154c       0x20 c:/program files (x86)/cypress/psoc creator/3.3/psoc creator/import/gnu/arm/4.9.3/bin/../lib/gcc/arm-none-eabi/4.9.3/../../../../arm-none-eabi/lib/armv7-m\libm.a(lib_a-sf_copysign.o)
 .debug_frame   0x0000156c       0x20 c:/program files (x86)/cypress/psoc creator/3.3/psoc creator/import/gnu/arm/4.9.3/bin/../lib/gcc/arm-none-eabi/4.9.3/../../../../arm-none-eabi/lib/armv7-m\libg_nano.a(lib_a-errno.o)
 .debug_frame   0x0000158c       0x28 c:/program files (x86)/cypress/psoc creator/3.3/psoc creator/import/gnu/arm/4.9.3/bin/../lib/gcc/arm-none-eabi/4.9.3/../../../../arm-none-eabi/lib/armv7-m\libg_nano.a(lib_a-exit.o)
 .debug_frame   0x000015b4       0x2c c:/program files (x86)/cypress/psoc creator/3.3/psoc creator/import/gnu/arm/4.9.3/bin/../lib/gcc/arm-none-eabi/4.9.3/../../../../arm-none-eabi/lib/armv7-m\libg_nano.a(lib_a-init.o)
 .debug_frame   0x000015e0       0x28 c:/program files (x86)/cypress/psoc creator/3.3/psoc creator/import/gnu/arm/4.9.3/bin/../lib/gcc/arm-none-eabi/4.9.3/../../../../arm-none-eabi/lib/armv7-m\libg_nano.a(lib_a-memcpy.o)
 .debug_frame   0x00001608       0x20 c:/program files (x86)/cypress/psoc creator/3.3/psoc creator/import/gnu/arm/4.9.3/bin/../lib/gcc/arm-none-eabi/4.9.3/../../../../arm-none-eabi/lib/armv7-m\libg_nano.a(lib_a-memset.o)

.debug_str      0x00000000     0x1821
 *(.debug_str)
 .debug_str     0x00000000      0x23d .\CortexM3\ARM_GCC_493\Debug\main.o
                                0x294 (size before relaxing)
 .debug_str     0x0000023d       0x77 .\CortexM3\ARM_GCC_493\Debug\cymetadata.o
                                0x1eb (size before relaxing)
 .debug_str     0x000002b4      0x15f .\CortexM3\ARM_GCC_493\Debug\Cm3Start.o
                                0x2ff (size before relaxing)
 .debug_str     0x00000413      0x15d .\CortexM3\ARM_GCC_493\Debug\Design01.a(cyfitter_cfg.o)
                                0x304 (size before relaxing)
 .debug_str     0x00000570       0x9f .\CortexM3\ARM_GCC_493\Debug\Design01.a(VDAC8_1.o)
                                0x234 (size before relaxing)
 .debug_str     0x0000060f      0x839 .\CortexM3\ARM_GCC_493\Debug\Design01.a(CyLib.o)
                                0xa24 (size before relaxing)
 .debug_str     0x00000e48      0x35b .\CortexM3\ARM_GCC_493\Debug\Design01.a(cyPm.o)
                                0x71c (size before relaxing)
 .debug_str     0x000011a3       0xda .\CortexM3\ARM_GCC_493\Debug\Design01.a(isr_1.o)
                                0x29b (size before relaxing)
 .debug_str     0x0000127d       0x28 .\CortexM3\ARM_GCC_493\Debug\Design01.a(C.o)
                                0x1cf (size before relaxing)
 .debug_str     0x000012a5       0x46 .\CortexM3\ARM_GCC_493\Debug\Design01.a(CS.o)
                                0x1d4 (size before relaxing)
 .debug_str     0x000012eb       0x42 .\CortexM3\ARM_GCC_493\Debug\Design01.a(D.o)
                                0x1cf (size before relaxing)
 .debug_str     0x0000132d       0x46 .\CortexM3\ARM_GCC_493\Debug\Design01.a(DS.o)
                                0x1d4 (size before relaxing)
 .debug_str     0x00001373       0x42 .\CortexM3\ARM_GCC_493\Debug\Design01.a(E.o)
                                0x1cf (size before relaxing)
 .debug_str     0x000013b5       0x42 .\CortexM3\ARM_GCC_493\Debug\Design01.a(F.o)
                                0x1cf (size before relaxing)
 .debug_str     0x000013f7       0x46 .\CortexM3\ARM_GCC_493\Debug\Design01.a(FS.o)
                                0x1d4 (size before relaxing)
 .debug_str     0x0000143d       0x42 .\CortexM3\ARM_GCC_493\Debug\Design01.a(G.o)
                                0x1cf (size before relaxing)
 .debug_str     0x0000147f       0x46 .\CortexM3\ARM_GCC_493\Debug\Design01.a(GS.o)
                                0x1d4 (size before relaxing)
 .debug_str     0x000014c5       0x42 .\CortexM3\ARM_GCC_493\Debug\Design01.a(A.o)
                                0x1cf (size before relaxing)
 .debug_str     0x00001507       0x46 .\CortexM3\ARM_GCC_493\Debug\Design01.a(AS.o)
                                0x1d4 (size before relaxing)
 .debug_str     0x0000154d       0x42 .\CortexM3\ARM_GCC_493\Debug\Design01.a(B.o)
                                0x1cf (size before relaxing)
 .debug_str     0x0000158f       0x46 .\CortexM3\ARM_GCC_493\Debug\Design01.a(UC.o)
                                0x1d4 (size before relaxing)
 .debug_str     0x000015d5      0x19e .\CortexM3\ARM_GCC_493\Debug\Design01.a(CyFlash.o)
                                0x396 (size before relaxing)
 .debug_str     0x00001773       0xae .\CortexM3\ARM_GCC_493\Debug\Design01.a(CySpc.o)
                                0x31f (size before relaxing)

.debug_loc      0x00000000     0x1c99
 *(.debug_loc)
 .debug_loc     0x00000000      0x144 .\CortexM3\ARM_GCC_493\Debug\Cm3Start.o
 .debug_loc     0x00000144      0x1d7 .\CortexM3\ARM_GCC_493\Debug\Design01.a(cyfitter_cfg.o)
 .debug_loc     0x0000031b       0x79 .\CortexM3\ARM_GCC_493\Debug\Design01.a(VDAC8_1.o)
 .debug_loc     0x00000394      0xa11 .\CortexM3\ARM_GCC_493\Debug\Design01.a(CyLib.o)
 .debug_loc     0x00000da5      0x1e4 .\CortexM3\ARM_GCC_493\Debug\Design01.a(cyPm.o)
 .debug_loc     0x00000f89       0x56 .\CortexM3\ARM_GCC_493\Debug\Design01.a(isr_1.o)
 .debug_loc     0x00000fdf       0x42 .\CortexM3\ARM_GCC_493\Debug\Design01.a(C.o)
 .debug_loc     0x00001021       0x42 .\CortexM3\ARM_GCC_493\Debug\Design01.a(CS.o)
 .debug_loc     0x00001063       0x42 .\CortexM3\ARM_GCC_493\Debug\Design01.a(D.o)
 .debug_loc     0x000010a5       0x42 .\CortexM3\ARM_GCC_493\Debug\Design01.a(DS.o)
 .debug_loc     0x000010e7       0x42 .\CortexM3\ARM_GCC_493\Debug\Design01.a(E.o)
 .debug_loc     0x00001129       0x42 .\CortexM3\ARM_GCC_493\Debug\Design01.a(F.o)
 .debug_loc     0x0000116b       0x42 .\CortexM3\ARM_GCC_493\Debug\Design01.a(FS.o)
 .debug_loc     0x000011ad       0x55 .\CortexM3\ARM_GCC_493\Debug\Design01.a(G.o)
 .debug_loc     0x00001202       0x42 .\CortexM3\ARM_GCC_493\Debug\Design01.a(GS.o)
 .debug_loc     0x00001244       0x42 .\CortexM3\ARM_GCC_493\Debug\Design01.a(A.o)
 .debug_loc     0x00001286       0x42 .\CortexM3\ARM_GCC_493\Debug\Design01.a(AS.o)
 .debug_loc     0x000012c8       0x42 .\CortexM3\ARM_GCC_493\Debug\Design01.a(B.o)
 .debug_loc     0x0000130a       0x42 .\CortexM3\ARM_GCC_493\Debug\Design01.a(UC.o)
 .debug_loc     0x0000134c      0x300 .\CortexM3\ARM_GCC_493\Debug\Design01.a(CyFlash.o)
 .debug_loc     0x0000164c      0x64d .\CortexM3\ARM_GCC_493\Debug\Design01.a(CySpc.o)

.debug_macinfo
 *(.debug_macinfo)

.debug_ranges   0x00000000      0x740
 *(.debug_ranges)
 .debug_ranges  0x00000000       0x18 .\CortexM3\ARM_GCC_493\Debug\main.o
 .debug_ranges  0x00000018       0x38 .\CortexM3\ARM_GCC_493\Debug\Cm3Start.o
 .debug_ranges  0x00000050       0x48 .\CortexM3\ARM_GCC_493\Debug\Design01.a(cyfitter_cfg.o)
 .debug_ranges  0x00000098       0x48 .\CortexM3\ARM_GCC_493\Debug\Design01.a(VDAC8_1.o)
 .debug_ranges  0x000000e0      0x288 .\CortexM3\ARM_GCC_493\Debug\Design01.a(CyLib.o)
 .debug_ranges  0x00000368       0x88 .\CortexM3\ARM_GCC_493\Debug\Design01.a(cyPm.o)
 .debug_ranges  0x000003f0       0x70 .\CortexM3\ARM_GCC_493\Debug\Design01.a(isr_1.o)
 .debug_ranges  0x00000460       0x28 .\CortexM3\ARM_GCC_493\Debug\Design01.a(C.o)
 .debug_ranges  0x00000488       0x28 .\CortexM3\ARM_GCC_493\Debug\Design01.a(CS.o)
 .debug_ranges  0x000004b0       0x28 .\CortexM3\ARM_GCC_493\Debug\Design01.a(D.o)
 .debug_ranges  0x000004d8       0x28 .\CortexM3\ARM_GCC_493\Debug\Design01.a(DS.o)
 .debug_ranges  0x00000500       0x28 .\CortexM3\ARM_GCC_493\Debug\Design01.a(E.o)
 .debug_ranges  0x00000528       0x28 .\CortexM3\ARM_GCC_493\Debug\Design01.a(F.o)
 .debug_ranges  0x00000550       0x28 .\CortexM3\ARM_GCC_493\Debug\Design01.a(FS.o)
 .debug_ranges  0x00000578       0x28 .\CortexM3\ARM_GCC_493\Debug\Design01.a(G.o)
 .debug_ranges  0x000005a0       0x28 .\CortexM3\ARM_GCC_493\Debug\Design01.a(GS.o)
 .debug_ranges  0x000005c8       0x28 .\CortexM3\ARM_GCC_493\Debug\Design01.a(A.o)
 .debug_ranges  0x000005f0       0x28 .\CortexM3\ARM_GCC_493\Debug\Design01.a(AS.o)
 .debug_ranges  0x00000618       0x28 .\CortexM3\ARM_GCC_493\Debug\Design01.a(B.o)
 .debug_ranges  0x00000640       0x28 .\CortexM3\ARM_GCC_493\Debug\Design01.a(UC.o)
 .debug_ranges  0x00000668       0x70 .\CortexM3\ARM_GCC_493\Debug\Design01.a(CyFlash.o)
 .debug_ranges  0x000006d8       0x68 .\CortexM3\ARM_GCC_493\Debug\Design01.a(CySpc.o)

.comment        0x00000000       0x70
 .comment       0x00000000       0x70 .\CortexM3\ARM_GCC_493\Debug\main.o
                                 0x71 (size before relaxing)
 .comment       0x00000000       0x71 .\CortexM3\ARM_GCC_493\Debug\cymetadata.o
 .comment       0x00000000       0x71 .\CortexM3\ARM_GCC_493\Debug\Cm3Start.o
 .comment       0x00000000       0x71 .\CortexM3\ARM_GCC_493\Debug\Design01.a(cyfitter_cfg.o)
 .comment       0x00000000       0x71 .\CortexM3\ARM_GCC_493\Debug\Design01.a(VDAC8_1.o)
 .comment       0x00000000       0x71 .\CortexM3\ARM_GCC_493\Debug\Design01.a(CyLib.o)
 .comment       0x00000000       0x71 .\CortexM3\ARM_GCC_493\Debug\Design01.a(cyPm.o)
 .comment       0x00000000       0x71 .\CortexM3\ARM_GCC_493\Debug\Design01.a(isr_1.o)
 .comment       0x00000000       0x71 .\CortexM3\ARM_GCC_493\Debug\Design01.a(C.o)
 .comment       0x00000000       0x71 .\CortexM3\ARM_GCC_493\Debug\Design01.a(CS.o)
 .comment       0x00000000       0x71 .\CortexM3\ARM_GCC_493\Debug\Design01.a(D.o)
 .comment       0x00000000       0x71 .\CortexM3\ARM_GCC_493\Debug\Design01.a(DS.o)
 .comment       0x00000000       0x71 .\CortexM3\ARM_GCC_493\Debug\Design01.a(E.o)
 .comment       0x00000000       0x71 .\CortexM3\ARM_GCC_493\Debug\Design01.a(F.o)
 .comment       0x00000000       0x71 .\CortexM3\ARM_GCC_493\Debug\Design01.a(FS.o)
 .comment       0x00000000       0x71 .\CortexM3\ARM_GCC_493\Debug\Design01.a(G.o)
 .comment       0x00000000       0x71 .\CortexM3\ARM_GCC_493\Debug\Design01.a(GS.o)
 .comment       0x00000000       0x71 .\CortexM3\ARM_GCC_493\Debug\Design01.a(A.o)
 .comment       0x00000000       0x71 .\CortexM3\ARM_GCC_493\Debug\Design01.a(AS.o)
 .comment       0x00000000       0x71 .\CortexM3\ARM_GCC_493\Debug\Design01.a(B.o)
 .comment       0x00000000       0x71 .\CortexM3\ARM_GCC_493\Debug\Design01.a(UC.o)
 .comment       0x00000000       0x71 .\CortexM3\ARM_GCC_493\Debug\Design01.a(CyFlash.o)
 .comment       0x00000000       0x71 .\CortexM3\ARM_GCC_493\Debug\Design01.a(CySpc.o)

.debug_weaknames
 *(.debug_weaknames)

.debug_funcnames
 *(.debug_funcnames)

.debug_typenames
 *(.debug_typenames)

.debug_varnames
 *(.debug_varnames)

.note.gnu.arm.ident
 *(.note.gnu.arm.ident)

.ARM.attributes
                0x00000000       0x29
 *(.ARM.attributes)
 .ARM.attributes
                0x00000000       0x1d c:/program files (x86)/cypress/psoc creator/3.3/psoc creator/import/gnu/arm/4.9.3/bin/../lib/gcc/arm-none-eabi/4.9.3/armv7-m/crti.o
 .ARM.attributes
                0x0000001d       0x2d c:/program files (x86)/cypress/psoc creator/3.3/psoc creator/import/gnu/arm/4.9.3/bin/../lib/gcc/arm-none-eabi/4.9.3/armv7-m/crtbegin.o
 .ARM.attributes
                0x0000004a       0x1b c:/program files (x86)/cypress/psoc creator/3.3/psoc creator/import/gnu/arm/4.9.3/bin/../lib/gcc/arm-none-eabi/4.9.3/../../../../arm-none-eabi/lib/armv7-m/crt0.o
 .ARM.attributes
                0x00000065       0x33 .\CortexM3\ARM_GCC_493\Debug\main.o
 .ARM.attributes
                0x00000098       0x33 .\CortexM3\ARM_GCC_493\Debug\cymetadata.o
 .ARM.attributes
                0x000000cb       0x33 .\CortexM3\ARM_GCC_493\Debug\Cm3Start.o
 .ARM.attributes
                0x000000fe       0x33 .\CortexM3\ARM_GCC_493\Debug\Design01.a(cyfitter_cfg.o)
 .ARM.attributes
                0x00000131       0x33 .\CortexM3\ARM_GCC_493\Debug\Design01.a(VDAC8_1.o)
 .ARM.attributes
                0x00000164       0x21 .\CortexM3\ARM_GCC_493\Debug\Design01.a(CyBootAsmGnu.o)
 .ARM.attributes
                0x00000185       0x33 .\CortexM3\ARM_GCC_493\Debug\Design01.a(CyLib.o)
 .ARM.attributes
                0x000001b8       0x33 .\CortexM3\ARM_GCC_493\Debug\Design01.a(cyPm.o)
 .ARM.attributes
                0x000001eb       0x33 .\CortexM3\ARM_GCC_493\Debug\Design01.a(isr_1.o)
 .ARM.attributes
                0x0000021e       0x33 .\CortexM3\ARM_GCC_493\Debug\Design01.a(C.o)
 .ARM.attributes
                0x00000251       0x33 .\CortexM3\ARM_GCC_493\Debug\Design01.a(CS.o)
 .ARM.attributes
                0x00000284       0x33 .\CortexM3\ARM_GCC_493\Debug\Design01.a(D.o)
 .ARM.attributes
                0x000002b7       0x33 .\CortexM3\ARM_GCC_493\Debug\Design01.a(DS.o)
 .ARM.attributes
                0x000002ea       0x33 .\CortexM3\ARM_GCC_493\Debug\Design01.a(E.o)
 .ARM.attributes
                0x0000031d       0x33 .\CortexM3\ARM_GCC_493\Debug\Design01.a(F.o)
 .ARM.attributes
                0x00000350       0x33 .\CortexM3\ARM_GCC_493\Debug\Design01.a(FS.o)
 .ARM.attributes
                0x00000383       0x33 .\CortexM3\ARM_GCC_493\Debug\Design01.a(G.o)
 .ARM.attributes
                0x000003b6       0x33 .\CortexM3\ARM_GCC_493\Debug\Design01.a(GS.o)
 .ARM.attributes
                0x000003e9       0x33 .\CortexM3\ARM_GCC_493\Debug\Design01.a(A.o)
 .ARM.attributes
                0x0000041c       0x33 .\CortexM3\ARM_GCC_493\Debug\Design01.a(AS.o)
 .ARM.attributes
                0x0000044f       0x33 .\CortexM3\ARM_GCC_493\Debug\Design01.a(B.o)
 .ARM.attributes
                0x00000482       0x33 .\CortexM3\ARM_GCC_493\Debug\Design01.a(UC.o)
 .ARM.attributes
                0x000004b5       0x33 .\CortexM3\ARM_GCC_493\Debug\Design01.a(CyFlash.o)
 .ARM.attributes
                0x000004e8       0x33 .\CortexM3\ARM_GCC_493\Debug\Design01.a(CySpc.o)
 .ARM.attributes
                0x0000051b       0x2d c:/program files (x86)/cypress/psoc creator/3.3/psoc creator/import/gnu/arm/4.9.3/bin/../lib/gcc/arm-none-eabi/4.9.3/../../../../arm-none-eabi/lib/armv7-m\libm.a(lib_a-sf_sin.o)
 .ARM.attributes
                0x00000548       0x2d c:/program files (x86)/cypress/psoc creator/3.3/psoc creator/import/gnu/arm/4.9.3/bin/../lib/gcc/arm-none-eabi/4.9.3/../../../../arm-none-eabi/lib/armv7-m\libm.a(lib_a-ef_rem_pio2.o)
 .ARM.attributes
                0x00000575       0x2d c:/program files (x86)/cypress/psoc creator/3.3/psoc creator/import/gnu/arm/4.9.3/bin/../lib/gcc/arm-none-eabi/4.9.3/../../../../arm-none-eabi/lib/armv7-m\libm.a(lib_a-kf_cos.o)
 .ARM.attributes
                0x000005a2       0x2d c:/program files (x86)/cypress/psoc creator/3.3/psoc creator/import/gnu/arm/4.9.3/bin/../lib/gcc/arm-none-eabi/4.9.3/../../../../arm-none-eabi/lib/armv7-m\libm.a(lib_a-kf_rem_pio2.o)
 .ARM.attributes
                0x000005cf       0x2d c:/program files (x86)/cypress/psoc creator/3.3/psoc creator/import/gnu/arm/4.9.3/bin/../lib/gcc/arm-none-eabi/4.9.3/../../../../arm-none-eabi/lib/armv7-m\libm.a(lib_a-kf_sin.o)
 .ARM.attributes
                0x000005fc       0x2d c:/program files (x86)/cypress/psoc creator/3.3/psoc creator/import/gnu/arm/4.9.3/bin/../lib/gcc/arm-none-eabi/4.9.3/../../../../arm-none-eabi/lib/armv7-m\libm.a(lib_a-sf_fabs.o)
 .ARM.attributes
                0x00000629       0x2d c:/program files (x86)/cypress/psoc creator/3.3/psoc creator/import/gnu/arm/4.9.3/bin/../lib/gcc/arm-none-eabi/4.9.3/../../../../arm-none-eabi/lib/armv7-m\libm.a(lib_a-sf_floor.o)
 .ARM.attributes
                0x00000656       0x2d c:/program files (x86)/cypress/psoc creator/3.3/psoc creator/import/gnu/arm/4.9.3/bin/../lib/gcc/arm-none-eabi/4.9.3/../../../../arm-none-eabi/lib/armv7-m\libm.a(lib_a-sf_scalbn.o)
 .ARM.attributes
                0x00000683       0x2d c:/program files (x86)/cypress/psoc creator/3.3/psoc creator/import/gnu/arm/4.9.3/bin/../lib/gcc/arm-none-eabi/4.9.3/../../../../arm-none-eabi/lib/armv7-m\libm.a(lib_a-sf_copysign.o)
 .ARM.attributes
                0x000006b0       0x1d c:/program files (x86)/cypress/psoc creator/3.3/psoc creator/import/gnu/arm/4.9.3/bin/../lib/gcc/arm-none-eabi/4.9.3/armv7-m\libgcc.a(_arm_addsubdf3.o)
 .ARM.attributes
                0x000006cd       0x1d c:/program files (x86)/cypress/psoc creator/3.3/psoc creator/import/gnu/arm/4.9.3/bin/../lib/gcc/arm-none-eabi/4.9.3/armv7-m\libgcc.a(_arm_muldivdf3.o)
 .ARM.attributes
                0x000006ea       0x1d c:/program files (x86)/cypress/psoc creator/3.3/psoc creator/import/gnu/arm/4.9.3/bin/../lib/gcc/arm-none-eabi/4.9.3/armv7-m\libgcc.a(_arm_cmpdf2.o)
 .ARM.attributes
                0x00000707       0x1d c:/program files (x86)/cypress/psoc creator/3.3/psoc creator/import/gnu/arm/4.9.3/bin/../lib/gcc/arm-none-eabi/4.9.3/armv7-m\libgcc.a(_arm_truncdfsf2.o)
 .ARM.attributes
                0x00000724       0x1d c:/program files (x86)/cypress/psoc creator/3.3/psoc creator/import/gnu/arm/4.9.3/bin/../lib/gcc/arm-none-eabi/4.9.3/armv7-m\libgcc.a(_arm_addsubsf3.o)
 .ARM.attributes
                0x00000741       0x1d c:/program files (x86)/cypress/psoc creator/3.3/psoc creator/import/gnu/arm/4.9.3/bin/../lib/gcc/arm-none-eabi/4.9.3/armv7-m\libgcc.a(_arm_muldivsf3.o)
 .ARM.attributes
                0x0000075e       0x1d c:/program files (x86)/cypress/psoc creator/3.3/psoc creator/import/gnu/arm/4.9.3/bin/../lib/gcc/arm-none-eabi/4.9.3/armv7-m\libgcc.a(_arm_cmpsf2.o)
 .ARM.attributes
                0x0000077b       0x1d c:/program files (x86)/cypress/psoc creator/3.3/psoc creator/import/gnu/arm/4.9.3/bin/../lib/gcc/arm-none-eabi/4.9.3/armv7-m\libgcc.a(_arm_fixsfsi.o)
 .ARM.attributes
                0x00000798       0x1d c:/program files (x86)/cypress/psoc creator/3.3/psoc creator/import/gnu/arm/4.9.3/bin/../lib/gcc/arm-none-eabi/4.9.3/armv7-m\libgcc.a(_arm_fixunssfsi.o)
 .ARM.attributes
                0x000007b5       0x2d c:/program files (x86)/cypress/psoc creator/3.3/psoc creator/import/gnu/arm/4.9.3/bin/../lib/gcc/arm-none-eabi/4.9.3/../../../../arm-none-eabi/lib/armv7-m\libg_nano.a(lib_a-errno.o)
 .ARM.attributes
                0x000007e2       0x2d c:/program files (x86)/cypress/psoc creator/3.3/psoc creator/import/gnu/arm/4.9.3/bin/../lib/gcc/arm-none-eabi/4.9.3/../../../../arm-none-eabi/lib/armv7-m\libg_nano.a(lib_a-exit.o)
 .ARM.attributes
                0x0000080f       0x2d c:/program files (x86)/cypress/psoc creator/3.3/psoc creator/import/gnu/arm/4.9.3/bin/../lib/gcc/arm-none-eabi/4.9.3/../../../../arm-none-eabi/lib/armv7-m\libg_nano.a(lib_a-impure.o)
 .ARM.attributes
                0x0000083c       0x2d c:/program files (x86)/cypress/psoc creator/3.3/psoc creator/import/gnu/arm/4.9.3/bin/../lib/gcc/arm-none-eabi/4.9.3/../../../../arm-none-eabi/lib/armv7-m\libg_nano.a(lib_a-init.o)
 .ARM.attributes
                0x00000869       0x2d c:/program files (x86)/cypress/psoc creator/3.3/psoc creator/import/gnu/arm/4.9.3/bin/../lib/gcc/arm-none-eabi/4.9.3/../../../../arm-none-eabi/lib/armv7-m\libg_nano.a(lib_a-memcpy.o)
 .ARM.attributes
                0x00000896       0x2d c:/program files (x86)/cypress/psoc creator/3.3/psoc creator/import/gnu/arm/4.9.3/bin/../lib/gcc/arm-none-eabi/4.9.3/../../../../arm-none-eabi/lib/armv7-m\libg_nano.a(lib_a-memset.o)
 .ARM.attributes
                0x000008c3       0x2d c:/program files (x86)/cypress/psoc creator/3.3/psoc creator/import/gnu/arm/4.9.3/bin/../lib/gcc/arm-none-eabi/4.9.3/armv7-m/crtend.o
 .ARM.attributes
                0x000008f0       0x1d c:/program files (x86)/cypress/psoc creator/3.3/psoc creator/import/gnu/arm/4.9.3/bin/../lib/gcc/arm-none-eabi/4.9.3/armv7-m/crtn.o

/DISCARD/
 *(.note.GNU-stack)
OUTPUT(.\CortexM3\ARM_GCC_493\Debug\Design01.elf elf32-littlearm)
